2026-04-18 07:58:10.945 [info] [main] Log level: Info
2026-04-18 07:58:10.945 [info] [main] Validating found git in: "git"
2026-04-18 07:58:10.945 [info] [main] Using git "2.53.0" from "git"
2026-04-18 07:58:10.945 [info] [Model][doInitialScan] Initial repository scan started
2026-04-18 07:58:10.945 [info] > git rev-parse --show-toplevel [1ms]
2026-04-18 07:58:10.945 [info] > git rev-parse --git-dir --git-common-dir --show-superproject-working-tree [7ms]
2026-04-18 07:58:10.968 [info] [Model][openRepository] Opened repository (path): /home/joey/Documents/crab-db
2026-04-18 07:58:10.968 [info] [Model][openRepository] Opened repository (real path): /home/joey/Documents/crab-db
2026-04-18 07:58:10.968 [info] [Model][openRepository] Opened repository (kind): repository
2026-04-18 07:58:10.977 [info] > git rev-parse --show-toplevel [2ms]
2026-04-18 07:58:10.978 [info] > git config --get commit.template [4ms]
2026-04-18 07:58:10.988 [info] > git rev-parse --show-toplevel [9ms]
2026-04-18 07:58:10.990 [info] > git for-each-ref --format=%(refname)%00%(upstream:short)%00%(objectname)%00%(upstream:track)%00%(upstream:remotename)%00%(upstream:remoteref) refs/heads/phase-2-row-storage-b-tree refs/remotes/phase-2-row-storage-b-tree [2ms]
2026-04-18 07:58:10.991 [info] > git rev-parse --show-toplevel [1ms]
2026-04-18 07:58:10.993 [info] > git rev-parse --show-toplevel [0ms]
2026-04-18 07:58:10.999 [info] > git status -z -uall [4ms]
2026-04-18 07:58:10.999 [info] > git rev-parse --show-toplevel [1ms]
2026-04-18 07:58:10.999 [info] > git for-each-ref --sort -committerdate --format %(refname)%00%(objectname)%00%(*objectname) [3ms]
2026-04-18 07:58:11.012 [info] > git for-each-ref --format=%(refname)%00%(upstream:short)%00%(objectname)%00%(upstream:track)%00%(upstream:remotename)%00%(upstream:remoteref) refs/heads/phase-2-row-storage-b-tree refs/remotes/phase-2-row-storage-b-tree [4ms]
2026-04-18 07:58:11.015 [info] > git config --get --local branch.phase-2-row-storage-b-tree.vscode-merge-base [2ms]
2026-04-18 07:58:11.016 [info] > git config --get commit.template [5ms]
2026-04-18 07:58:11.016 [info] > git rev-parse --show-toplevel [6ms]
2026-04-18 07:58:11.018 [info] > git for-each-ref --format=%(refname)%00%(upstream:short)%00%(objectname)%00%(upstream:track)%00%(upstream:remotename)%00%(upstream:remoteref) refs/heads/origin/phase-2-row-storage-b-tree refs/remotes/origin/phase-2-row-storage-b-tree [2ms]
2026-04-18 07:58:11.021 [info] > git merge-base refs/heads/phase-2-row-storage-b-tree refs/remotes/origin/phase-2-row-storage-b-tree [2ms]
2026-04-18 07:58:11.023 [info] > git rev-parse --show-toplevel [5ms]
2026-04-18 07:58:11.023 [info] [Model][doInitialScan] Initial repository scan completed - repositories (1), closed repositories (0), parent repositories (0), unsafe repositories (0)
2026-04-18 07:58:11.043 [info] > git diff --raw --numstat --diff-filter=ADMR -z --find-renames=50% 8600c615462c02101a7bce40a80d9098953e8e77...refs/remotes/origin/phase-2-row-storage-b-tree -- [21ms]
2026-04-18 07:58:11.043 [info] > git for-each-ref --format=%(refname)%00%(upstream:short)%00%(objectname)%00%(upstream:track)%00%(upstream:remotename)%00%(upstream:remoteref) refs/heads/phase-2-row-storage-b-tree refs/remotes/phase-2-row-storage-b-tree [22ms]
2026-04-18 07:58:11.057 [info] > git status -z -uall [7ms]
2026-04-18 07:58:11.057 [info] > git for-each-ref --sort -committerdate --format %(refname)%00%(objectname)%00%(*objectname) [5ms]
2026-04-18 07:58:11.271 [info] > git check-ignore -v -z --stdin [0ms]
2026-04-18 07:58:11.276 [info] > git show --textconv :docs/superpowers/plans/phase2-btree-storage.md [2ms]
2026-04-18 07:58:11.276 [info] > git ls-files --stage -- docs/superpowers/plans/phase2-btree-storage.md [0ms]
2026-04-18 07:58:11.278 [info] > git cat-file -s d7118203a5f0230f67ce056edb7726c101bc9029 [1ms]
2026-04-18 07:58:11.292 [info] > git blame --root --incremental 8600c615462c02101a7bce40a80d9098953e8e77 -- docs/superpowers/plans/phase2-btree-storage.md [1ms]
2026-04-18 07:58:11.494 [info] > git check-ignore -v -z --stdin [0ms]
2026-04-18 07:58:13.049 [info] > git config --get commit.template [2ms]
2026-04-18 07:58:13.049 [info] > git for-each-ref --format=%(refname)%00%(upstream:short)%00%(objectname)%00%(upstream:track)%00%(upstream:remotename)%00%(upstream:remoteref) refs/heads/phase-2-row-storage-b-tree refs/remotes/phase-2-row-storage-b-tree [0ms]
2026-04-18 07:58:13.052 [info] > git status -z -uall [2ms]
2026-04-18 07:58:13.052 [info] > git for-each-ref --sort -committerdate --format %(refname)%00%(objectname)%00%(*objectname) [0ms]
2026-04-18 07:58:13.148 [info] > git ls-files --stage -- docs/superpowers/plans/phase2-btree-storage.md [0ms]
2026-04-18 07:58:13.149 [info] > git cat-file -s d7118203a5f0230f67ce056edb7726c101bc9029 [0ms]
2026-04-18 07:58:13.151 [info] > git show --textconv :docs/superpowers/plans/phase2-btree-storage.md [0ms]
2026-04-18 07:58:13.357 [info] > git check-ignore -v -z --stdin [1ms]
2026-04-18 07:59:24.874 [info] > git check-ignore -v -z --stdin [2ms]
2026-04-18 07:59:25.075 [info] > git check-ignore -v -z --stdin [4ms]
2026-04-18 07:59:27.625 [info] > git check-ignore -v -z --stdin [2ms]
2026-04-18 07:59:28.639 [info] > git check-ignore -v -z --stdin [4ms]
2026-04-18 07:59:29.224 [info] > git check-ignore -v -z --stdin [3ms]
2026-04-18 07:59:29.495 [info] > git check-ignore -v -z --stdin [0ms]
2026-04-18 07:59:29.969 [info] > git check-ignore -v -z --stdin [0ms]
2026-04-18 07:59:30.778 [info] > git check-ignore -v -z --stdin [6ms]
2026-04-18 07:59:31.270 [info] > git check-ignore -v -z --stdin [1ms]
2026-04-18 07:59:33.564 [info] > git check-ignore -v -z --stdin [1ms]
2026-04-18 07:59:38.481 [info] > git check-ignore -v -z --stdin [2ms]
2026-04-18 07:59:40.091 [info] > git check-ignore -v -z --stdin [2ms]
2026-04-18 07:59:54.019 [info] > git config --get commit.template [1ms]
2026-04-18 07:59:54.019 [info] > git for-each-ref --format=%(refname)%00%(upstream:short)%00%(objectname)%00%(upstream:track)%00%(upstream:remotename)%00%(upstream:remoteref) refs/heads/phase-2-row-storage-b-tree refs/remotes/phase-2-row-storage-b-tree [0ms]
2026-04-18 07:59:54.022 [info] > git status -z -uall [1ms]
2026-04-18 07:59:54.023 [info] > git for-each-ref --sort -committerdate --format %(refname)%00%(objectname)%00%(*objectname) [1ms]
2026-04-18 07:59:54.327 [info] > git check-ignore -v -z --stdin [1ms]
2026-04-18 08:00:42.799 [info] > git check-ignore -v -z --stdin [2ms]
2026-04-18 08:00:48.069 [info] > git config --get commit.template [1ms]
2026-04-18 08:00:48.070 [info] > git for-each-ref --format=%(refname)%00%(upstream:short)%00%(objectname)%00%(upstream:track)%00%(upstream:remotename)%00%(upstream:remoteref) refs/heads/phase-2-row-storage-b-tree refs/remotes/phase-2-row-storage-b-tree [1ms]
2026-04-18 08:00:48.072 [info] > git status -z -uall [1ms]
2026-04-18 08:00:48.073 [info] > git for-each-ref --sort -committerdate --format %(refname)%00%(objectname)%00%(*objectname) [1ms]
2026-04-18 08:00:48.379 [info] > git check-ignore -v -z --stdin [1ms]
2026-04-18 08:00:55.393 [info] > git check-ignore -v -z --stdin [2ms]
2026-04-18 08:00:55.642 [info] > git check-ignore -v -z --stdin [3ms]
2026-04-18 08:00:56.113 [info] > git check-ignore -v -z --stdin [0ms]
2026-04-18 08:00:59.469 [info] > git config --get commit.template [1ms]
2026-04-18 08:00:59.470 [info] > git for-each-ref --format=%(refname)%00%(upstream:short)%00%(objectname)%00%(upstream:track)%00%(upstream:remotename)%00%(upstream:remoteref) refs/heads/phase-2-row-storage-b-tree refs/remotes/phase-2-row-storage-b-tree [1ms]
2026-04-18 08:00:59.472 [info] > git status -z -uall [1ms]
2026-04-18 08:00:59.472 [info] > git for-each-ref --sort -committerdate --format %(refname)%00%(objectname)%00%(*objectname) [0ms]
2026-04-18 08:00:59.777 [info] > git check-ignore -v -z --stdin [1ms]
