["INFO" - 10:19:41 PM] Extension Name: esbenp.prettier-vscode.
["INFO" - 10:19:41 PM] Extension Version: 12.4.0.
["INFO" - 10:19:44 PM] EditorConfig support is enabled, checking for .editorconfig files
["INFO" - 10:19:44 PM] No local configuration (i.e. .prettierrc or .editorconfig) detected, will fall back to VS Code configuration
["INFO" - 10:34:07 PM] EditorConfig support is enabled, checking for .editorconfig files
["INFO" - 10:34:07 PM] No local configuration (i.e. .prettierrc or .editorconfig) detected, will fall back to VS Code configuration
["INFO" - 10:34:08 PM] EditorConfig support is enabled, checking for .editorconfig files
["INFO" - 10:34:08 PM] No local configuration (i.e. .prettierrc or .editorconfig) detected, will fall back to VS Code configuration
["INFO" - 10:40:28 PM] EditorConfig support is enabled, checking for .editorconfig files
["INFO" - 10:40:28 PM] No local configuration (i.e. .prettierrc or .editorconfig) detected, will fall back to VS Code configuration
["INFO" - 10:40:30 PM] Formatting file:///home/joey/Documents/crab-db/skills/rust-doc-comments/SKILL.md
["INFO" - 10:40:30 PM] EditorConfig support is enabled, checking for .editorconfig files
["INFO" - 10:40:30 PM] No local configuration (i.e. .prettierrc or .editorconfig) detected, will fall back to VS Code configuration
["INFO" - 10:40:30 PM] PrettierInstance:
{
  "__debug": {
    "mockable": {
      "mocked": {},
      "implementations": {}
    }
  },
  "__internal": {
    "errors": {},
    "optionCategories": {
      "CATEGORY_CONFIG": "Config",
      "CATEGORY_EDITOR": "Editor",
      "CATEGORY_FORMAT": "Format",
      "CATEGORY_GLOBAL": "Global",
      "CATEGORY_OTHER": "Other",
      "CATEGORY_OUTPUT": "Output",
      "CATEGORY_SPECIAL": "Special"
    },
    "formatOptionsHiddenDefaults": {
      "astFormat": "estree",
      "printer": {},
      "locStart": null,
      "locEnd": null,
      "getVisitorKeys": null
    },
    "vnopts": {
      "apiDescriptor": {}
    },
    "picocolors": {
      "isColorSupported": false
    },
    "utilities": {}
  },
  "doc": {
    "builders": {
      "line": {
        "type": "line"
      },
      "softline": {
        "type": "line",
        "soft": true
      },
      "hardline": [
        {
          "type": "line",
          "hard": true
        },
        {
          "type": "break-parent"
        }
      ],
      "literalline": [
        {
          "type": "line",
          "hard": true,
          "literal": true
        },
        {
          "type": "break-parent"
        }
      ],
      "lineSuffixBoundary": {
        "type": "line-suffix-boundary"
      },
      "cursor": {
        "type": "cursor"
      },
      "breakParent": {
        "type": "break-parent"
      },
      "trim": {
        "type": "trim"
      },
      "hardlineWithoutBreakParent": {
        "type": "line",
        "hard": true
      },
      "literallineWithoutBreakParent": {
        "type": "line",
        "hard": true,
        "literal": true
      }
    },
    "default": {
      "builders": {
        "line": {
          "type": "line"
        },
        "softline": {
          "type": "line",
          "soft": true
        },
        "hardline": [
          {
            "type": "line",
            "hard": true
          },
          {
            "type": "break-parent"
          }
        ],
        "literalline": [
          {
            "type": "line",
            "hard": true,
            "literal": true
          },
          {
            "type": "break-parent"
          }
        ],
        "lineSuffixBoundary": {
          "type": "line-suffix-boundary"
        },
        "cursor": {
          "type": "cursor"
        },
        "breakParent": {
          "type": "break-parent"
        },
        "trim": {
          "type": "trim"
        },
        "hardlineWithoutBreakParent": {
          "type": "line",
          "hard": true
        },
        "literallineWithoutBreakParent": {
          "type": "line",
          "hard": true,
          "literal": true
        }
      },
      "printer": {},
      "utils": {}
    },
    "printer": {},
    "utils": {}
  },
  "util": {},
  "version": "3.7.4"
}
["WARN" - 10:40:30 PM] Unable to resolve ignore path: .prettierignore for /home/joey/Documents/crab-db/skills/rust-doc-comments/SKILL.md
["INFO" - 10:40:30 PM] Resolved plugins:
[]
["INFO" - 10:40:30 PM] File Info:
{
  "ignored": false,
  "inferredParser": "markdown"
}
["INFO" - 10:40:30 PM] Using VS Code configuration
["INFO" - 10:40:30 PM] Prettier Options:
{
  "arrowParens": "always",
  "bracketSpacing": true,
  "endOfLine": "lf",
  "htmlWhitespaceSensitivity": "css",
  "insertPragma": false,
  "singleAttributePerLine": false,
  "bracketSameLine": false,
  "jsxBracketSameLine": false,
  "jsxSingleQuote": false,
  "printWidth": 80,
  "proseWrap": "preserve",
  "quoteProps": "as-needed",
  "requirePragma": false,
  "semi": true,
  "singleQuote": false,
  "tabWidth": 2,
  "trailingComma": "all",
  "useTabs": false,
  "embeddedLanguageFormatting": "auto",
  "vueIndentScriptAndStyle": false,
  "experimentalTernaries": false,
  "objectWrap": "preserve",
  "experimentalOperatorPosition": "end",
  "filepath": "/home/joey/Documents/crab-db/skills/rust-doc-comments/SKILL.md",
  "parser": "markdown"
}
["INFO" - 10:40:30 PM] Formatting completed in 57ms.
["INFO" - 10:40:44 PM] Formatting file:///home/joey/Documents/crab-db/skills/rust-doc-comments/SKILL.md
["INFO" - 10:40:44 PM] EditorConfig support is enabled, checking for .editorconfig files
["INFO" - 10:40:44 PM] No local configuration (i.e. .prettierrc or .editorconfig) detected, will fall back to VS Code configuration
["INFO" - 10:40:44 PM] PrettierInstance:
{
  "__debug": {
    "mockable": {
      "mocked": {},
      "implementations": {}
    }
  },
  "__internal": {
    "errors": {},
    "optionCategories": {
      "CATEGORY_CONFIG": "Config",
      "CATEGORY_EDITOR": "Editor",
      "CATEGORY_FORMAT": "Format",
      "CATEGORY_GLOBAL": "Global",
      "CATEGORY_OTHER": "Other",
      "CATEGORY_OUTPUT": "Output",
      "CATEGORY_SPECIAL": "Special"
    },
    "formatOptionsHiddenDefaults": {
      "astFormat": "estree",
      "printer": {},
      "locStart": null,
      "locEnd": null,
      "getVisitorKeys": null
    },
    "vnopts": {
      "apiDescriptor": {}
    },
    "picocolors": {
      "isColorSupported": false
    },
    "utilities": {}
  },
  "doc": {
    "builders": {
      "line": {
        "type": "line"
      },
      "softline": {
        "type": "line",
        "soft": true
      },
      "hardline": [
        {
          "type": "line",
          "hard": true
        },
        {
          "type": "break-parent"
        }
      ],
      "literalline": [
        {
          "type": "line",
          "hard": true,
          "literal": true
        },
        {
          "type": "break-parent"
        }
      ],
      "lineSuffixBoundary": {
        "type": "line-suffix-boundary"
      },
      "cursor": {
        "type": "cursor"
      },
      "breakParent": {
        "type": "break-parent"
      },
      "trim": {
        "type": "trim"
      },
      "hardlineWithoutBreakParent": {
        "type": "line",
        "hard": true
      },
      "literallineWithoutBreakParent": {
        "type": "line",
        "hard": true,
        "literal": true
      }
    },
    "default": {
      "builders": {
        "line": {
          "type": "line"
        },
        "softline": {
          "type": "line",
          "soft": true
        },
        "hardline": [
          {
            "type": "line",
            "hard": true
          },
          {
            "type": "break-parent"
          }
        ],
        "literalline": [
          {
            "type": "line",
            "hard": true,
            "literal": true
          },
          {
            "type": "break-parent"
          }
        ],
        "lineSuffixBoundary": {
          "type": "line-suffix-boundary"
        },
        "cursor": {
          "type": "cursor"
        },
        "breakParent": {
          "type": "break-parent"
        },
        "trim": {
          "type": "trim"
        },
        "hardlineWithoutBreakParent": {
          "type": "line",
          "hard": true
        },
        "literallineWithoutBreakParent": {
          "type": "line",
          "hard": true,
          "literal": true
        }
      },
      "printer": {},
      "utils": {}
    },
    "printer": {},
    "utils": {}
  },
  "util": {},
  "version": "3.7.4"
}
["WARN" - 10:40:44 PM] Unable to resolve ignore path: .prettierignore for /home/joey/Documents/crab-db/skills/rust-doc-comments/SKILL.md
["INFO" - 10:40:44 PM] Resolved plugins:
[]
["INFO" - 10:40:44 PM] File Info:
{
  "ignored": false,
  "inferredParser": "markdown"
}
["INFO" - 10:40:44 PM] Using VS Code configuration
["INFO" - 10:40:44 PM] Prettier Options:
{
  "arrowParens": "always",
  "bracketSpacing": true,
  "endOfLine": "lf",
  "htmlWhitespaceSensitivity": "css",
  "insertPragma": false,
  "singleAttributePerLine": false,
  "bracketSameLine": false,
  "jsxBracketSameLine": false,
  "jsxSingleQuote": false,
  "printWidth": 80,
  "proseWrap": "preserve",
  "quoteProps": "as-needed",
  "requirePragma": false,
  "semi": true,
  "singleQuote": false,
  "tabWidth": 2,
  "trailingComma": "all",
  "useTabs": false,
  "embeddedLanguageFormatting": "auto",
  "vueIndentScriptAndStyle": false,
  "experimentalTernaries": false,
  "objectWrap": "preserve",
  "experimentalOperatorPosition": "end",
  "filepath": "/home/joey/Documents/crab-db/skills/rust-doc-comments/SKILL.md",
  "parser": "markdown"
}
["INFO" - 10:40:44 PM] Formatting completed in 14ms.
["INFO" - 10:40:58 PM] Formatting file:///home/joey/Documents/crab-db/skills/rust-doc-comments/SKILL.md
["INFO" - 10:40:58 PM] EditorConfig support is enabled, checking for .editorconfig files
["INFO" - 10:40:58 PM] No local configuration (i.e. .prettierrc or .editorconfig) detected, will fall back to VS Code configuration
["INFO" - 10:40:58 PM] PrettierInstance:
{
  "__debug": {
    "mockable": {
      "mocked": {},
      "implementations": {}
    }
  },
  "__internal": {
    "errors": {},
    "optionCategories": {
      "CATEGORY_CONFIG": "Config",
      "CATEGORY_EDITOR": "Editor",
      "CATEGORY_FORMAT": "Format",
      "CATEGORY_GLOBAL": "Global",
      "CATEGORY_OTHER": "Other",
      "CATEGORY_OUTPUT": "Output",
      "CATEGORY_SPECIAL": "Special"
    },
    "formatOptionsHiddenDefaults": {
      "astFormat": "estree",
      "printer": {},
      "locStart": null,
      "locEnd": null,
      "getVisitorKeys": null
    },
    "vnopts": {
      "apiDescriptor": {}
    },
    "picocolors": {
      "isColorSupported": false
    },
    "utilities": {}
  },
  "doc": {
    "builders": {
      "line": {
        "type": "line"
      },
      "softline": {
        "type": "line",
        "soft": true
      },
      "hardline": [
        {
          "type": "line",
          "hard": true
        },
        {
          "type": "break-parent"
        }
      ],
      "literalline": [
        {
          "type": "line",
          "hard": true,
          "literal": true
        },
        {
          "type": "break-parent"
        }
      ],
      "lineSuffixBoundary": {
        "type": "line-suffix-boundary"
      },
      "cursor": {
        "type": "cursor"
      },
      "breakParent": {
        "type": "break-parent"
      },
      "trim": {
        "type": "trim"
      },
      "hardlineWithoutBreakParent": {
        "type": "line",
        "hard": true
      },
      "literallineWithoutBreakParent": {
        "type": "line",
        "hard": true,
        "literal": true
      }
    },
    "default": {
      "builders": {
        "line": {
          "type": "line"
        },
        "softline": {
          "type": "line",
          "soft": true
        },
        "hardline": [
          {
            "type": "line",
            "hard": true
          },
          {
            "type": "break-parent"
          }
        ],
        "literalline": [
          {
            "type": "line",
            "hard": true,
            "literal": true
          },
          {
            "type": "break-parent"
          }
        ],
        "lineSuffixBoundary": {
          "type": "line-suffix-boundary"
        },
        "cursor": {
          "type": "cursor"
        },
        "breakParent": {
          "type": "break-parent"
        },
        "trim": {
          "type": "trim"
        },
        "hardlineWithoutBreakParent": {
          "type": "line",
          "hard": true
        },
        "literallineWithoutBreakParent": {
          "type": "line",
          "hard": true,
          "literal": true
        }
      },
      "printer": {},
      "utils": {}
    },
    "printer": {},
    "utils": {}
  },
  "util": {},
  "version": "3.7.4"
}
["WARN" - 10:40:58 PM] Unable to resolve ignore path: .prettierignore for /home/joey/Documents/crab-db/skills/rust-doc-comments/SKILL.md
["INFO" - 10:40:58 PM] Resolved plugins:
[]
["INFO" - 10:40:58 PM] File Info:
{
  "ignored": false,
  "inferredParser": "markdown"
}
["INFO" - 10:40:58 PM] Using VS Code configuration
["INFO" - 10:40:58 PM] Prettier Options:
{
  "arrowParens": "always",
  "bracketSpacing": true,
  "endOfLine": "lf",
  "htmlWhitespaceSensitivity": "css",
  "insertPragma": false,
  "singleAttributePerLine": false,
  "bracketSameLine": false,
  "jsxBracketSameLine": false,
  "jsxSingleQuote": false,
  "printWidth": 80,
  "proseWrap": "preserve",
  "quoteProps": "as-needed",
  "requirePragma": false,
  "semi": true,
  "singleQuote": false,
  "tabWidth": 2,
  "trailingComma": "all",
  "useTabs": false,
  "embeddedLanguageFormatting": "auto",
  "vueIndentScriptAndStyle": false,
  "experimentalTernaries": false,
  "objectWrap": "preserve",
  "experimentalOperatorPosition": "end",
  "filepath": "/home/joey/Documents/crab-db/skills/rust-doc-comments/SKILL.md",
  "parser": "markdown"
}
["INFO" - 10:40:58 PM] Formatting completed in 11ms.
["INFO" - 10:42:19 PM] EditorConfig support is enabled, checking for .editorconfig files
["INFO" - 10:42:19 PM] No local configuration (i.e. .prettierrc or .editorconfig) detected, will fall back to VS Code configuration
["INFO" - 10:47:55 PM] EditorConfig support is enabled, checking for .editorconfig files
["INFO" - 10:47:55 PM] No local configuration (i.e. .prettierrc or .editorconfig) detected, will fall back to VS Code configuration
["INFO" - 10:47:57 PM] EditorConfig support is enabled, checking for .editorconfig files
["INFO" - 10:47:57 PM] No local configuration (i.e. .prettierrc or .editorconfig) detected, will fall back to VS Code configuration
["INFO" - 10:48:21 PM] EditorConfig support is enabled, checking for .editorconfig files
["INFO" - 10:48:21 PM] No local configuration (i.e. .prettierrc or .editorconfig) detected, will fall back to VS Code configuration
["INFO" - 10:48:25 PM] EditorConfig support is enabled, checking for .editorconfig files
["INFO" - 10:48:25 PM] No local configuration (i.e. .prettierrc or .editorconfig) detected, will fall back to VS Code configuration
["INFO" - 10:48:27 PM] EditorConfig support is enabled, checking for .editorconfig files
["INFO" - 10:48:27 PM] No local configuration (i.e. .prettierrc or .editorconfig) detected, will fall back to VS Code configuration
["INFO" - 10:48:30 PM] EditorConfig support is enabled, checking for .editorconfig files
["INFO" - 10:48:30 PM] No local configuration (i.e. .prettierrc or .editorconfig) detected, will fall back to VS Code configuration
["INFO" - 10:48:31 PM] EditorConfig support is enabled, checking for .editorconfig files
["INFO" - 10:48:31 PM] No local configuration (i.e. .prettierrc or .editorconfig) detected, will fall back to VS Code configuration
["INFO" - 10:48:32 PM] EditorConfig support is enabled, checking for .editorconfig files
["INFO" - 10:48:32 PM] No local configuration (i.e. .prettierrc or .editorconfig) detected, will fall back to VS Code configuration
["INFO" - 10:49:11 PM] EditorConfig support is enabled, checking for .editorconfig files
["INFO" - 10:49:11 PM] No local configuration (i.e. .prettierrc or .editorconfig) detected, will fall back to VS Code configuration
["INFO" - 10:49:31 PM] EditorConfig support is enabled, checking for .editorconfig files
["INFO" - 10:49:31 PM] No local configuration (i.e. .prettierrc or .editorconfig) detected, will fall back to VS Code configuration
["INFO" - 10:50:50 PM] EditorConfig support is enabled, checking for .editorconfig files
["INFO" - 10:50:50 PM] No local configuration (i.e. .prettierrc or .editorconfig) detected, will fall back to VS Code configuration
["INFO" - 10:51:28 PM] EditorConfig support is enabled, checking for .editorconfig files
["INFO" - 10:51:28 PM] No local configuration (i.e. .prettierrc or .editorconfig) detected, will fall back to VS Code configuration
["INFO" - 10:52:50 PM] EditorConfig support is enabled, checking for .editorconfig files
["INFO" - 10:52:50 PM] No local configuration (i.e. .prettierrc or .editorconfig) detected, will fall back to VS Code configuration
["INFO" - 10:57:06 PM] EditorConfig support is enabled, checking for .editorconfig files
["INFO" - 10:57:06 PM] No local configuration (i.e. .prettierrc or .editorconfig) detected, will fall back to VS Code configuration
["INFO" - 10:57:08 PM] EditorConfig support is enabled, checking for .editorconfig files
["INFO" - 10:57:08 PM] No local configuration (i.e. .prettierrc or .editorconfig) detected, will fall back to VS Code configuration
["INFO" - 10:57:13 PM] EditorConfig support is enabled, checking for .editorconfig files
["INFO" - 10:57:13 PM] No local configuration (i.e. .prettierrc or .editorconfig) detected, will fall back to VS Code configuration
["INFO" - 10:59:32 PM] EditorConfig support is enabled, checking for .editorconfig files
["INFO" - 10:59:32 PM] No local configuration (i.e. .prettierrc or .editorconfig) detected, will fall back to VS Code configuration
["INFO" - 10:59:37 PM] EditorConfig support is enabled, checking for .editorconfig files
["INFO" - 10:59:37 PM] No local configuration (i.e. .prettierrc or .editorconfig) detected, will fall back to VS Code configuration
["INFO" - 10:59:46 PM] EditorConfig support is enabled, checking for .editorconfig files
["INFO" - 10:59:46 PM] No local configuration (i.e. .prettierrc or .editorconfig) detected, will fall back to VS Code configuration
["INFO" - 10:59:55 PM] EditorConfig support is enabled, checking for .editorconfig files
["INFO" - 10:59:55 PM] No local configuration (i.e. .prettierrc or .editorconfig) detected, will fall back to VS Code configuration
["INFO" - 10:59:57 PM] EditorConfig support is enabled, checking for .editorconfig files
["INFO" - 10:59:57 PM] No local configuration (i.e. .prettierrc or .editorconfig) detected, will fall back to VS Code configuration
["INFO" - 10:59:59 PM] EditorConfig support is enabled, checking for .editorconfig files
["INFO" - 10:59:59 PM] No local configuration (i.e. .prettierrc or .editorconfig) detected, will fall back to VS Code configuration
["INFO" - 11:01:20 PM] EditorConfig support is enabled, checking for .editorconfig files
["INFO" - 11:01:20 PM] No local configuration (i.e. .prettierrc or .editorconfig) detected, will fall back to VS Code configuration
["INFO" - 11:02:24 PM] EditorConfig support is enabled, checking for .editorconfig files
["INFO" - 11:02:24 PM] No local configuration (i.e. .prettierrc or .editorconfig) detected, will fall back to VS Code configuration
["INFO" - 11:02:29 PM] EditorConfig support is enabled, checking for .editorconfig files
["INFO" - 11:02:29 PM] No local configuration (i.e. .prettierrc or .editorconfig) detected, will fall back to VS Code configuration
["INFO" - 11:02:29 PM] EditorConfig support is enabled, checking for .editorconfig files
["INFO" - 11:02:29 PM] No local configuration (i.e. .prettierrc or .editorconfig) detected, will fall back to VS Code configuration
["INFO" - 11:02:30 PM] EditorConfig support is enabled, checking for .editorconfig files
["INFO" - 11:02:30 PM] No local configuration (i.e. .prettierrc or .editorconfig) detected, will fall back to VS Code configuration
["INFO" - 11:02:47 PM] EditorConfig support is enabled, checking for .editorconfig files
["INFO" - 11:02:47 PM] No local configuration (i.e. .prettierrc or .editorconfig) detected, will fall back to VS Code configuration
["INFO" - 11:02:52 PM] EditorConfig support is enabled, checking for .editorconfig files
["INFO" - 11:02:52 PM] No local configuration (i.e. .prettierrc or .editorconfig) detected, will fall back to VS Code configuration
["INFO" - 11:03:01 PM] EditorConfig support is enabled, checking for .editorconfig files
["INFO" - 11:03:01 PM] No local configuration (i.e. .prettierrc or .editorconfig) detected, will fall back to VS Code configuration
["INFO" - 11:03:12 PM] EditorConfig support is enabled, checking for .editorconfig files
["INFO" - 11:03:12 PM] No local configuration (i.e. .prettierrc or .editorconfig) detected, will fall back to VS Code configuration
