2026-04-18 08:05:11.699 [info] [main] Log level: Info
2026-04-18 08:05:11.699 [info] [main] Validating found git in: "git"
2026-04-18 08:05:11.699 [info] [main] Using git "2.53.0" from "git"
2026-04-18 08:05:11.699 [info] [Model][doInitialScan] Initial repository scan started
2026-04-18 08:05:11.699 [info] > git rev-parse --show-toplevel [6ms]
2026-04-18 08:05:11.699 [info] > git rev-parse --git-dir --git-common-dir --show-superproject-working-tree [7ms]
2026-04-18 08:05:11.709 [info] [Model][openRepository] Opened repository (path): /home/joey/Documents/crab-db
2026-04-18 08:05:11.709 [info] [Model][openRepository] Opened repository (real path): /home/joey/Documents/crab-db
2026-04-18 08:05:11.709 [info] [Model][openRepository] Opened repository (kind): repository
2026-04-18 08:05:11.713 [info] > git config --get commit.template [2ms]
2026-04-18 08:05:11.714 [info] > git rev-parse --show-toplevel [2ms]
2026-04-18 08:05:11.737 [info] > git for-each-ref --format=%(refname)%00%(upstream:short)%00%(objectname)%00%(upstream:track)%00%(upstream:remotename)%00%(upstream:remoteref) refs/heads/phase-2-row-storage-b-tree refs/remotes/phase-2-row-storage-b-tree [22ms]
2026-04-18 08:05:11.746 [info] > git rev-parse --show-toplevel [13ms]
2026-04-18 08:05:11.751 [info] > git status -z -uall [2ms]
2026-04-18 08:05:11.752 [info] > git rev-parse --show-toplevel [5ms]
2026-04-18 08:05:11.754 [info] > git for-each-ref --sort -committerdate --format %(refname)%00%(objectname)%00%(*objectname) [4ms]
2026-04-18 08:05:11.770 [info] > git for-each-ref --format=%(refname)%00%(upstream:short)%00%(objectname)%00%(upstream:track)%00%(upstream:remotename)%00%(upstream:remoteref) refs/heads/phase-2-row-storage-b-tree refs/remotes/phase-2-row-storage-b-tree [6ms]
2026-04-18 08:05:12.988 [info] > git rev-parse --show-toplevel [1234ms]
2026-04-18 08:05:12.991 [info] > git config --get --local branch.phase-2-row-storage-b-tree.vscode-merge-base [3ms]
2026-04-18 08:05:12.993 [info] > git config --get commit.template [1227ms]
2026-04-18 08:05:12.996 [info] > git for-each-ref --format=%(refname)%00%(upstream:short)%00%(objectname)%00%(upstream:track)%00%(upstream:remotename)%00%(upstream:remoteref) refs/heads/origin/phase-2-row-storage-b-tree refs/remotes/origin/phase-2-row-storage-b-tree [2ms]
2026-04-18 08:05:12.998 [info] > git rev-parse --show-toplevel [7ms]
2026-04-18 08:05:13.001 [info] > git merge-base refs/heads/phase-2-row-storage-b-tree refs/remotes/origin/phase-2-row-storage-b-tree [4ms]
2026-04-18 08:05:13.003 [info] > git rev-parse --show-toplevel [3ms]
2026-04-18 08:05:13.003 [info] > git for-each-ref --format=%(refname)%00%(upstream:short)%00%(objectname)%00%(upstream:track)%00%(upstream:remotename)%00%(upstream:remoteref) refs/heads/phase-2-row-storage-b-tree refs/remotes/phase-2-row-storage-b-tree [4ms]
2026-04-18 08:05:13.012 [info] > git diff --raw --numstat --diff-filter=ADMR -z --find-renames=50% 8600c615462c02101a7bce40a80d9098953e8e77...refs/remotes/origin/phase-2-row-storage-b-tree -- [10ms]
2026-04-18 08:05:13.012 [info] > git rev-parse --show-toplevel [8ms]
2026-04-18 08:05:13.012 [info] [Model][doInitialScan] Initial repository scan completed - repositories (1), closed repositories (0), parent repositories (0), unsafe repositories (0)
2026-04-18 08:05:13.015 [info] > git status -z -uall [1ms]
2026-04-18 08:05:13.016 [info] > git for-each-ref --sort -committerdate --format %(refname)%00%(objectname)%00%(*objectname) [1ms]
2026-04-18 08:05:13.257 [info] > git check-ignore -v -z --stdin [1ms]
2026-04-18 08:05:13.263 [info] > git show --textconv :docs/superpowers/plans/phase2-btree-storage.md [1ms]
2026-04-18 08:05:13.264 [info] > git ls-files --stage -- docs/superpowers/plans/phase2-btree-storage.md [1ms]
2026-04-18 08:05:13.265 [info] > git cat-file -s d7118203a5f0230f67ce056edb7726c101bc9029 [0ms]
2026-04-18 08:05:13.281 [info] > git blame --root --incremental 8600c615462c02101a7bce40a80d9098953e8e77 -- docs/superpowers/plans/phase2-btree-storage.md [1ms]
2026-04-18 08:05:13.461 [info] > git check-ignore -v -z --stdin [1ms]
2026-04-18 08:05:36.886 [info] > git config --get commit.template [3ms]
2026-04-18 08:05:36.887 [info] > git ls-files --stage -- docs/superpowers/plans/phase2-btree-storage.md [2ms]
2026-04-18 08:05:36.889 [info] > git for-each-ref --format=%(refname)%00%(upstream:short)%00%(objectname)%00%(upstream:track)%00%(upstream:remotename)%00%(upstream:remoteref) refs/heads/phase-2-row-storage-b-tree refs/remotes/phase-2-row-storage-b-tree [2ms]
2026-04-18 08:05:36.890 [info] > git cat-file -s d7118203a5f0230f67ce056edb7726c101bc9029 [1ms]
2026-04-18 08:05:36.893 [info] > git status -z -uall [2ms]
2026-04-18 08:05:36.895 [info] > git for-each-ref --sort -committerdate --format %(refname)%00%(objectname)%00%(*objectname) [2ms]
2026-04-18 08:05:36.896 [info] > git show --textconv :docs/superpowers/plans/phase2-btree-storage.md [1ms]
2026-04-18 08:05:37.198 [info] > git check-ignore -v -z --stdin [0ms]
2026-04-18 08:05:49.978 [info] > git check-ignore -v -z --stdin [0ms]
2026-04-18 08:05:50.901 [info] > git check-ignore -v -z --stdin [0ms]
2026-04-18 08:05:52.627 [info] > git check-ignore -v -z --stdin [0ms]
2026-04-18 08:05:53.424 [info] > git check-ignore -v -z --stdin [0ms]
2026-04-18 08:06:17.867 [info] > git check-ignore -v -z --stdin [4ms]
2026-04-18 08:06:18.120 [info] > git check-ignore -v -z --stdin [4ms]
2026-04-18 08:06:19.775 [info] > git check-ignore -v -z --stdin [7ms]
2026-04-18 08:06:20.487 [info] > git check-ignore -v -z --stdin [1ms]
2026-04-18 08:06:20.968 [info] > git check-ignore -v -z --stdin [0ms]
2026-04-18 08:06:23.044 [info] > git check-ignore -v -z --stdin [3ms]
2026-04-18 08:06:23.621 [info] > git check-ignore -v -z --stdin [1ms]
2026-04-18 08:06:25.246 [info] > git config --get commit.template [2ms]
2026-04-18 08:06:25.246 [info] > git for-each-ref --format=%(refname)%00%(upstream:short)%00%(objectname)%00%(upstream:track)%00%(upstream:remotename)%00%(upstream:remoteref) refs/heads/phase-2-row-storage-b-tree refs/remotes/phase-2-row-storage-b-tree [0ms]
2026-04-18 08:06:25.249 [info] > git status -z -uall [1ms]
2026-04-18 08:06:25.250 [info] > git for-each-ref --sort -committerdate --format %(refname)%00%(objectname)%00%(*objectname) [1ms]
2026-04-18 08:06:25.554 [info] > git check-ignore -v -z --stdin [1ms]
2026-04-18 08:08:09.227 [info] > git check-ignore -v -z --stdin [1ms]
2026-04-18 08:08:10.422 [info] > git check-ignore -v -z --stdin [1ms]
2026-04-18 08:08:11.971 [info] > git config --get commit.template [2ms]
2026-04-18 08:08:11.972 [info] > git for-each-ref --format=%(refname)%00%(upstream:short)%00%(objectname)%00%(upstream:track)%00%(upstream:remotename)%00%(upstream:remoteref) refs/heads/phase-2-row-storage-b-tree refs/remotes/phase-2-row-storage-b-tree [1ms]
2026-04-18 08:08:11.975 [info] > git status -z -uall [2ms]
2026-04-18 08:08:11.975 [info] > git for-each-ref --sort -committerdate --format %(refname)%00%(objectname)%00%(*objectname) [1ms]
2026-04-18 08:08:12.279 [info] > git check-ignore -v -z --stdin [0ms]
2026-04-18 08:08:31.581 [info] > git check-ignore -v -z --stdin [2ms]
2026-04-18 08:08:32.525 [info] > git check-ignore -v -z --stdin [0ms]
2026-04-18 08:08:34.833 [info] > git check-ignore -v -z --stdin [3ms]
2026-04-18 08:08:35.523 [info] > git check-ignore -v -z --stdin [0ms]
2026-04-18 08:08:37.623 [info] > git check-ignore -v -z --stdin [1ms]
2026-04-18 08:08:38.224 [info] > git check-ignore -v -z --stdin [1ms]
2026-04-18 08:08:39.973 [info] > git config --get commit.template [2ms]
2026-04-18 08:08:39.974 [info] > git for-each-ref --format=%(refname)%00%(upstream:short)%00%(objectname)%00%(upstream:track)%00%(upstream:remotename)%00%(upstream:remoteref) refs/heads/phase-2-row-storage-b-tree refs/remotes/phase-2-row-storage-b-tree [1ms]
2026-04-18 08:08:39.977 [info] > git status -z -uall [2ms]
2026-04-18 08:08:39.977 [info] > git for-each-ref --sort -committerdate --format %(refname)%00%(objectname)%00%(*objectname) [1ms]
2026-04-18 08:08:40.897 [info] > git check-ignore -v -z --stdin [4ms]
2026-04-18 08:08:41.448 [info] > git check-ignore -v -z --stdin [5ms]
2026-04-18 08:08:43.723 [info] > git check-ignore -v -z --stdin [4ms]
2026-04-18 08:08:45.490 [info] > git check-ignore -v -z --stdin [4ms]
2026-04-18 08:08:48.419 [info] > git check-ignore -v -z --stdin [1ms]
2026-04-18 08:08:49.471 [info] > git check-ignore -v -z --stdin [4ms]
2026-04-18 08:09:00.399 [info] > git check-ignore -v -z --stdin [3ms]
2026-04-18 08:09:02.003 [info] > git config --get commit.template [3ms]
2026-04-18 08:09:02.003 [info] > git for-each-ref --format=%(refname)%00%(upstream:short)%00%(objectname)%00%(upstream:track)%00%(upstream:remotename)%00%(upstream:remoteref) refs/heads/phase-2-row-storage-b-tree refs/remotes/phase-2-row-storage-b-tree [1ms]
2026-04-18 08:09:02.007 [info] > git status -z -uall [2ms]
2026-04-18 08:09:02.007 [info] > git for-each-ref --sort -committerdate --format %(refname)%00%(objectname)%00%(*objectname) [1ms]
2026-04-18 08:09:02.312 [info] > git check-ignore -v -z --stdin [0ms]
2026-04-18 08:09:45.082 [info] > git check-ignore -v -z --stdin [1ms]
2026-04-18 08:09:46.632 [info] > git check-ignore -v -z --stdin [1ms]
2026-04-18 08:09:47.776 [info] > git config --get commit.template [2ms]
2026-04-18 08:09:47.776 [info] > git for-each-ref --format=%(refname)%00%(upstream:short)%00%(objectname)%00%(upstream:track)%00%(upstream:remotename)%00%(upstream:remoteref) refs/heads/phase-2-row-storage-b-tree refs/remotes/phase-2-row-storage-b-tree [0ms]
2026-04-18 08:09:47.779 [info] > git status -z -uall [1ms]
2026-04-18 08:09:47.780 [info] > git for-each-ref --sort -committerdate --format %(refname)%00%(objectname)%00%(*objectname) [1ms]
2026-04-18 08:09:48.084 [info] > git check-ignore -v -z --stdin [0ms]
2026-04-18 08:10:14.528 [info] > git check-ignore -v -z --stdin [1ms]
2026-04-18 08:10:14.532 [info] > git show --textconv :docs/superpowers/plans/phase2-btree-storage.md [2ms]
2026-04-18 08:10:14.532 [info] > git ls-files --stage -- docs/superpowers/plans/phase2-btree-storage.md [1ms]
2026-04-18 08:10:14.534 [info] > git cat-file -s d7118203a5f0230f67ce056edb7726c101bc9029 [1ms]
2026-04-18 08:10:16.512 [info] > git check-ignore -v -z --stdin [4ms]
2026-04-18 08:10:16.830 [info] > git check-ignore -v -z --stdin [1ms]
2026-04-18 08:10:18.252 [info] > git config --get commit.template [2ms]
2026-04-18 08:10:18.252 [info] > git for-each-ref --format=%(refname)%00%(upstream:short)%00%(objectname)%00%(upstream:track)%00%(upstream:remotename)%00%(upstream:remoteref) refs/heads/phase-2-row-storage-b-tree refs/remotes/phase-2-row-storage-b-tree [1ms]
2026-04-18 08:10:18.255 [info] > git status -z -uall [2ms]
2026-04-18 08:10:18.255 [info] > git for-each-ref --sort -committerdate --format %(refname)%00%(objectname)%00%(*objectname) [0ms]
2026-04-18 08:11:49.615 [info] > git check-ignore -v -z --stdin [0ms]
2026-04-18 08:11:49.620 [info] > git show --textconv :docs/superpowers/plans/phase2-btree-storage.md [2ms]
2026-04-18 08:11:49.620 [info] > git ls-files --stage -- docs/superpowers/plans/phase2-btree-storage.md [0ms]
2026-04-18 08:11:49.622 [info] > git cat-file -s d7118203a5f0230f67ce056edb7726c101bc9029 [1ms]
2026-04-18 08:12:44.983 [info] > git check-ignore -v -z --stdin [1ms]
2026-04-18 08:12:50.223 [info] > git check-ignore -v -z --stdin [5ms]
2026-04-18 08:12:56.979 [info] > git check-ignore -v -z --stdin [5ms]
2026-04-18 08:12:58.354 [info] > git config --get commit.template [2ms]
2026-04-18 08:12:58.355 [info] > git for-each-ref --format=%(refname)%00%(upstream:short)%00%(objectname)%00%(upstream:track)%00%(upstream:remotename)%00%(upstream:remoteref) refs/heads/phase-2-row-storage-b-tree refs/remotes/phase-2-row-storage-b-tree [2ms]
2026-04-18 08:12:58.358 [info] > git status -z -uall [2ms]
2026-04-18 08:12:58.359 [info] > git for-each-ref --sort -committerdate --format %(refname)%00%(objectname)%00%(*objectname) [1ms]
2026-04-18 08:12:58.663 [info] > git check-ignore -v -z --stdin [0ms]
2026-04-18 08:13:19.458 [info] > git check-ignore -v -z --stdin [1ms]
2026-04-18 08:13:21.009 [info] > git check-ignore -v -z --stdin [4ms]
2026-04-18 08:13:21.561 [info] > git check-ignore -v -z --stdin [4ms]
2026-04-18 08:13:21.935 [info] > git check-ignore -v -z --stdin [5ms]
2026-04-18 08:13:22.233 [info] > git check-ignore -v -z --stdin [2ms]
2026-04-18 08:13:23.085 [info] > git check-ignore -v -z --stdin [5ms]
2026-04-18 08:13:23.864 [info] > git check-ignore -v -z --stdin [4ms]
2026-04-18 08:13:25.238 [info] > git config --get commit.template [2ms]
2026-04-18 08:13:25.239 [info] > git for-each-ref --format=%(refname)%00%(upstream:short)%00%(objectname)%00%(upstream:track)%00%(upstream:remotename)%00%(upstream:remoteref) refs/heads/phase-2-row-storage-b-tree refs/remotes/phase-2-row-storage-b-tree [1ms]
2026-04-18 08:13:25.243 [info] > git status -z -uall [2ms]
2026-04-18 08:13:25.243 [info] > git for-each-ref --sort -committerdate --format %(refname)%00%(objectname)%00%(*objectname) [1ms]
2026-04-18 08:13:25.549 [info] > git check-ignore -v -z --stdin [0ms]
2026-04-18 08:13:29.010 [info] > git check-ignore -v -z --stdin [4ms]
2026-04-18 08:13:29.333 [info] > git check-ignore -v -z --stdin [2ms]
2026-04-18 08:13:29.558 [info] > git check-ignore -v -z --stdin [4ms]
2026-04-18 08:13:31.010 [info] > git config --get commit.template [2ms]
2026-04-18 08:13:31.010 [info] > git for-each-ref --format=%(refname)%00%(upstream:short)%00%(objectname)%00%(upstream:track)%00%(upstream:remotename)%00%(upstream:remoteref) refs/heads/phase-2-row-storage-b-tree refs/remotes/phase-2-row-storage-b-tree [0ms]
2026-04-18 08:13:31.013 [info] > git status -z -uall [2ms]
2026-04-18 08:13:31.013 [info] > git for-each-ref --sort -committerdate --format %(refname)%00%(objectname)%00%(*objectname) [0ms]
2026-04-18 08:13:31.319 [info] > git check-ignore -v -z --stdin [1ms]
2026-04-18 08:13:52.460 [info] > git check-ignore -v -z --stdin [2ms]
2026-04-18 08:13:54.903 [info] > git check-ignore -v -z --stdin [3ms]
2026-04-18 08:13:56.028 [info] > git check-ignore -v -z --stdin [2ms]
2026-04-18 08:13:57.828 [info] > git check-ignore -v -z --stdin [3ms]
2026-04-18 08:13:59.052 [info] > git config --get commit.template [2ms]
2026-04-18 08:13:59.052 [info] > git for-each-ref --format=%(refname)%00%(upstream:short)%00%(objectname)%00%(upstream:track)%00%(upstream:remotename)%00%(upstream:remoteref) refs/heads/phase-2-row-storage-b-tree refs/remotes/phase-2-row-storage-b-tree [0ms]
2026-04-18 08:13:59.055 [info] > git status -z -uall [1ms]
2026-04-18 08:13:59.056 [info] > git for-each-ref --sort -committerdate --format %(refname)%00%(objectname)%00%(*objectname) [1ms]
2026-04-18 08:13:59.360 [info] > git check-ignore -v -z --stdin [1ms]
2026-04-18 08:14:05.649 [info] > git check-ignore -v -z --stdin [0ms]
2026-04-18 08:14:07.103 [info] > git config --get commit.template [2ms]
2026-04-18 08:14:07.103 [info] > git for-each-ref --format=%(refname)%00%(upstream:short)%00%(objectname)%00%(upstream:track)%00%(upstream:remotename)%00%(upstream:remoteref) refs/heads/phase-2-row-storage-b-tree refs/remotes/phase-2-row-storage-b-tree [0ms]
2026-04-18 08:14:07.107 [info] > git status -z -uall [2ms]
2026-04-18 08:14:07.107 [info] > git for-each-ref --sort -committerdate --format %(refname)%00%(objectname)%00%(*objectname) [0ms]
2026-04-18 08:14:07.412 [info] > git check-ignore -v -z --stdin [0ms]
2026-04-18 08:14:07.999 [info] > git check-ignore -v -z --stdin [2ms]
2026-04-18 08:14:08.824 [info] > git check-ignore -v -z --stdin [2ms]
2026-04-18 08:14:11.347 [info] > git check-ignore -v -z --stdin [0ms]
2026-04-18 08:14:33.420 [info] > git config --get commit.template [1ms]
2026-04-18 08:14:33.420 [info] > git for-each-ref --format=%(refname)%00%(upstream:short)%00%(objectname)%00%(upstream:track)%00%(upstream:remotename)%00%(upstream:remoteref) refs/heads/phase-2-row-storage-b-tree refs/remotes/phase-2-row-storage-b-tree [1ms]
2026-04-18 08:14:33.423 [info] > git status -z -uall [2ms]
2026-04-18 08:14:33.423 [info] > git for-each-ref --sort -committerdate --format %(refname)%00%(objectname)%00%(*objectname) [0ms]
2026-04-18 08:14:33.728 [info] > git check-ignore -v -z --stdin [1ms]
2026-04-18 08:14:45.617 [info] > git config --get commit.template [2ms]
2026-04-18 08:14:45.617 [info] > git for-each-ref --format=%(refname)%00%(upstream:short)%00%(objectname)%00%(upstream:track)%00%(upstream:remotename)%00%(upstream:remoteref) refs/heads/phase-2-row-storage-b-tree refs/remotes/phase-2-row-storage-b-tree [1ms]
2026-04-18 08:14:45.620 [info] > git status -z -uall [2ms]
2026-04-18 08:14:45.620 [info] > git for-each-ref --sort -committerdate --format %(refname)%00%(objectname)%00%(*objectname) [1ms]
2026-04-18 08:14:45.924 [info] > git check-ignore -v -z --stdin [0ms]
2026-04-18 08:15:39.885 [info] > git check-ignore -v -z --stdin [1ms]
2026-04-18 08:15:50.258 [info] > git check-ignore -v -z --stdin [3ms]
2026-04-18 08:15:53.708 [info] > git config --get commit.template [2ms]
2026-04-18 08:15:53.708 [info] > git for-each-ref --format=%(refname)%00%(upstream:short)%00%(objectname)%00%(upstream:track)%00%(upstream:remotename)%00%(upstream:remoteref) refs/heads/phase-2-row-storage-b-tree refs/remotes/phase-2-row-storage-b-tree [0ms]
2026-04-18 08:15:53.711 [info] > git status -z -uall [1ms]
2026-04-18 08:15:53.711 [info] > git for-each-ref --sort -committerdate --format %(refname)%00%(objectname)%00%(*objectname) [0ms]
2026-04-18 08:15:54.015 [info] > git check-ignore -v -z --stdin [0ms]
2026-04-18 08:15:57.531 [info] > git check-ignore -v -z --stdin [2ms]
2026-04-18 08:28:20.991 [info] > git config --get commit.template [1ms]
2026-04-18 08:28:20.994 [info] > git for-each-ref --format=%(refname)%00%(upstream:short)%00%(objectname)%00%(upstream:track)%00%(upstream:remotename)%00%(upstream:remoteref) refs/heads/phase-2-row-storage-b-tree refs/remotes/phase-2-row-storage-b-tree [1ms]
2026-04-18 08:28:20.997 [info] > git status -z -uall [2ms]
2026-04-18 08:28:20.998 [info] > git for-each-ref --sort -committerdate --format %(refname)%00%(objectname)%00%(*objectname) [1ms]
2026-04-18 08:28:21.304 [info] > git check-ignore -v -z --stdin [1ms]
2026-04-18 08:28:25.047 [info] > git check-ignore -v -z --stdin [3ms]
2026-04-18 08:28:27.719 [info] > git check-ignore -v -z --stdin [1ms]
2026-04-18 08:28:28.195 [info] > git check-ignore -v -z --stdin [2ms]
