2026-04-17 04:23:21 Loaded main app package /usr/lib/obsidian/obsidian.asar
2026-04-17 04:23:21 Checking for update using Github
2026-04-17 04:23:22 Success.
2026-04-17 04:23:22 Latest version is 1.12.7
2026-04-17 04:23:22 App is up to date.
2026-04-17 05:23:21 Checking for update using Github
2026-04-17 05:23:21 Success.
2026-04-17 05:23:21 Latest version is 1.12.7
2026-04-17 05:23:21 App is up to date.
2026-04-17 08:43:28 Loaded main app package /usr/lib/obsidian/obsidian.asar
2026-04-17 08:43:28 Checking for update using Github
2026-04-17 08:43:28 Success.
2026-04-17 08:43:28 Latest version is 1.12.7
2026-04-17 08:43:28 App is up to date.
2026-04-17 08:45:15 Loaded main app package /usr/lib/obsidian/obsidian.asar
2026-04-17 08:45:15 Checking for update using Github
2026-04-17 08:45:15 Success.
2026-04-17 08:45:15 Latest version is 1.12.7
2026-04-17 08:45:15 App is up to date.
2026-04-17 08:55:04 Loaded main app package /usr/lib/obsidian/obsidian.asar
2026-04-17 08:55:04 Checking for update using Github
2026-04-17 08:55:04 Success.
2026-04-17 08:55:04 Latest version is 1.12.7
2026-04-17 08:55:04 App is up to date.
2026-04-17 10:22:23 Loaded main app package /usr/lib/obsidian/obsidian.asar
2026-04-17 10:22:23 Checking for update using Github
2026-04-17 10:22:24 Success.
2026-04-17 10:22:24 Latest version is 1.12.7
2026-04-17 10:22:24 App is up to date.
2026-04-17 22:20:48 Checking for update using Github
2026-04-17 22:20:48 Success.
2026-04-17 22:20:48 Latest version is 1.12.7
2026-04-17 22:20:48 App is up to date.
2026-04-17 22:28:02 Loaded main app package /usr/lib/obsidian/obsidian.asar
2026-04-17 22:28:02 Checking for update using Github
2026-04-17 22:28:03 Success.
2026-04-17 22:28:03 Latest version is 1.12.7
2026-04-17 22:28:03 App is up to date.
2026-04-17 22:33:06 Loaded main app package /usr/lib/obsidian/obsidian.asar
2026-04-17 22:33:06 Checking for update using Github
2026-04-17 22:33:06 Success.
2026-04-17 22:33:06 Latest version is 1.12.7
2026-04-17 22:33:06 App is up to date.
2026-04-17 22:49:19 Loaded main app package /usr/lib/obsidian/obsidian.asar
2026-04-17 22:49:19 Checking for update using Github
2026-04-17 22:49:20 Success.
2026-04-17 22:49:20 Latest version is 1.12.7
2026-04-17 22:49:20 App is up to date.
2026-04-18 02:19:38 Loaded main app package /usr/lib/obsidian/obsidian.asar
2026-04-18 02:19:38 Checking for update using Github
2026-04-18 02:19:39 Success.
2026-04-18 02:19:39 Latest version is 1.12.7
2026-04-18 02:19:39 App is up to date.
2026-04-18 11:57:38 Checking for update using Github
2026-04-18 11:57:38 Success.
2026-04-18 11:57:38 Latest version is 1.12.7
2026-04-18 11:57:38 App is up to date.
2026-04-18 12:05:09 Loaded main app package /usr/lib/obsidian/obsidian.asar
2026-04-18 12:05:09 Checking for update using Github
2026-04-18 12:05:09 Success.
2026-04-18 12:05:09 Latest version is 1.12.7
2026-04-18 12:05:09 App is up to date.
2026-04-18 12:47:48 Loaded main app package /usr/lib/obsidian/obsidian.asar
2026-04-18 12:47:49 Checking for update using Github
2026-04-18 12:47:49 Success.
2026-04-18 12:47:49 Latest version is 1.12.7
2026-04-18 12:47:49 App is up to date.
2026-04-18 15:47:03 Checking for update using Github
2026-04-18 15:47:04 Success.
2026-04-18 15:47:04 Latest version is 1.12.7
2026-04-18 15:47:04 App is up to date.
2026-04-18 18:48:17 Checking for update using Github
2026-04-18 18:48:17 Success.
2026-04-18 18:48:17 Latest version is 1.12.7
2026-04-18 18:48:17 App is up to date.
2026-04-18 23:26:46 Checking for update using Github
2026-04-18 23:26:46 Success.
2026-04-18 23:26:46 Latest version is 1.12.7
2026-04-18 23:26:46 App is up to date.
2026-04-19 00:26:46 Checking for update using Github
2026-04-19 00:26:47 Success.
2026-04-19 00:26:47 Latest version is 1.12.7
2026-04-19 00:26:47 App is up to date.
2026-04-19 01:19:56 Loaded main app package /usr/lib/obsidian/obsidian.asar
2026-04-19 01:19:56 Checking for update using Github
2026-04-19 01:19:56 Success.
2026-04-19 01:19:56 Latest version is 1.12.7
2026-04-19 01:19:56 App is up to date.
2026-04-19 03:05:14 Checking for update using Github
2026-04-19 03:05:14 Success.
2026-04-19 03:05:14 Latest version is 1.12.7
2026-04-19 03:05:14 App is up to date.
2026-04-19 20:58:59 Loaded main app package /usr/lib/obsidian/obsidian.asar
2026-04-19 20:58:59 Checking for update using Github
2026-04-19 20:58:59 Success.
2026-04-19 20:58:59 Latest version is 1.12.7
2026-04-19 20:58:59 App is up to date.
2026-04-19 21:59:00 Checking for update using Github
2026-04-19 21:59:01 Success.
2026-04-19 21:59:01 Latest version is 1.12.7
2026-04-19 21:59:01 App is up to date.
2026-04-20 03:20:15 Checking for update using Github
2026-04-20 03:20:15 Success.
2026-04-20 03:20:15 Latest version is 1.12.7
2026-04-20 03:20:15 App is up to date.
