[2026-04-17 18:50:42.531] [info]  Hardware survey for general system resources through 'vulkan' took 62.01ms
[2026-04-17 18:50:42.636] [info]  App starting...
[2026-04-17 18:50:42.636] [info]  [AppUpdater] Feed base: https://updates.lmstudio.ai, channel: stable
[2026-04-17 18:50:42.636] [info]  [AppUpdater] Checking for updates... (current state: idle)
[2026-04-17 18:50:42.637] [info]  AppUpdater state changed to checking-for-updates-periodic
[2026-04-17 18:50:42.637] [info]  [AppUpdater] Fetching version info from https://versions-prod.lmstudio.ai/update/linux/x86/0.4.12
[2026-04-17 18:50:43.089] [info]  [AppUpdater] Received version info response
[2026-04-17 18:50:43.090] [info]  [AppUpdater] Current version: 0.4.12 (build: 1), new version: 0.4.12 (build: 1)
[2026-04-17 18:50:43.090] [info]  No update available: 0.4.12 (build: 1) <= 0.4.12 (build: 1)
[2026-04-17 18:50:43.090] [info]  AppUpdater state changed to idle
[2026-04-17 18:51:43.925] [error] [LMSInternal][LMSAuthenticator][Client=LM Studio][Endpoint=artifactDownloadResolutionSelectedDownloadOptionIndex] Error in writable signal handler: Error: Artifact download resolution task not found: Re2X4+Z9tkSYhy2hJtaljSlA
    at _0x4c40d4.getArtifactDownloadResolutionSelectedDownloadOptionIndexWritableSignal (/tmp/.mount_LM-StuYe7DPo/resources/app/.webpack/main/index.js:792:8070)
    at _0x376344.<computed>.getArtifactDownloadResolutionSelectedDownloadOptionIndexWritableSignal (/tmp/.mount_LM-StuYe7DPo/resources/app/.webpack/main/index.js:340:18231)
    at Object.handler (/tmp/.mount_LM-StuYe7DPo/resources/app/.webpack/main/index.js:612:80900)
    at /tmp/.mount_LM-StuYe7DPo/resources/app/.webpack/main/index.js:1539:231
[2026-04-17 18:51:47.190] [error] [LMSInternal][LMSAuthenticator][Client=LM Studio][Endpoint=artifactDownloadResolutionSelectedDownloadOptionIndex] Error in writable signal handler: Error: Artifact download resolution task not found: JVKGNmzsH2BE1bZg7Ti0jTd9
    at _0x4c40d4.getArtifactDownloadResolutionSelectedDownloadOptionIndexWritableSignal (/tmp/.mount_LM-StuYe7DPo/resources/app/.webpack/main/index.js:792:8070)
    at _0x376344.<computed>.getArtifactDownloadResolutionSelectedDownloadOptionIndexWritableSignal (/tmp/.mount_LM-StuYe7DPo/resources/app/.webpack/main/index.js:340:18231)
    at Object.handler (/tmp/.mount_LM-StuYe7DPo/resources/app/.webpack/main/index.js:612:80900)
    at /tmp/.mount_LM-StuYe7DPo/resources/app/.webpack/main/index.js:1539:231
[2026-04-17 18:51:52.427] [error] [LMSInternal][LMSAuthenticator][Client=LM Studio][Endpoint=artifactDownloadResolutionSelectedDownloadOptionIndex] Error in writable signal handler: Error: Artifact download resolution task not found: +toBAm6lJF3IHRWiex2/He68
    at _0x4c40d4.getArtifactDownloadResolutionSelectedDownloadOptionIndexWritableSignal (/tmp/.mount_LM-StuYe7DPo/resources/app/.webpack/main/index.js:792:8070)
    at _0x376344.<computed>.getArtifactDownloadResolutionSelectedDownloadOptionIndexWritableSignal (/tmp/.mount_LM-StuYe7DPo/resources/app/.webpack/main/index.js:340:18231)
    at Object.handler (/tmp/.mount_LM-StuYe7DPo/resources/app/.webpack/main/index.js:612:80900)
    at /tmp/.mount_LM-StuYe7DPo/resources/app/.webpack/main/index.js:1539:231
[2026-04-17 18:53:02.714] [error] [LMSInternal][LMSAuthenticator][Client=LM Studio][Endpoint=artifactDownloadResolutionSelectedDownloadOptionIndex] Error in writable signal handler: Error: Artifact download resolution task not found: X//Vu3037AIvtKH08Dnke37I
    at _0x4c40d4.getArtifactDownloadResolutionSelectedDownloadOptionIndexWritableSignal (/tmp/.mount_LM-StuYe7DPo/resources/app/.webpack/main/index.js:792:8070)
    at _0x376344.<computed>.getArtifactDownloadResolutionSelectedDownloadOptionIndexWritableSignal (/tmp/.mount_LM-StuYe7DPo/resources/app/.webpack/main/index.js:340:18231)
    at Object.handler (/tmp/.mount_LM-StuYe7DPo/resources/app/.webpack/main/index.js:612:80900)
    at /tmp/.mount_LM-StuYe7DPo/resources/app/.webpack/main/index.js:1539:231
[2026-04-17 18:53:13.242] [error] [LMSInternal][LMSAuthenticator][Client=LM Studio][Endpoint=artifactDownloadResolutionSelectedDownloadOptionIndex] Error in writable signal handler: Error: Artifact download resolution task not found: 5beUYXSd6Xlq5VAUDWOqcb/t
    at _0x4c40d4.getArtifactDownloadResolutionSelectedDownloadOptionIndexWritableSignal (/tmp/.mount_LM-StuYe7DPo/resources/app/.webpack/main/index.js:792:8070)
    at _0x376344.<computed>.getArtifactDownloadResolutionSelectedDownloadOptionIndexWritableSignal (/tmp/.mount_LM-StuYe7DPo/resources/app/.webpack/main/index.js:340:18231)
    at Object.handler (/tmp/.mount_LM-StuYe7DPo/resources/app/.webpack/main/index.js:612:80900)
    at /tmp/.mount_LM-StuYe7DPo/resources/app/.webpack/main/index.js:1539:231
