2026-04-19 23:31:32.393 [info] Python-envs extension version: 1.28.0
2026-04-19 23:31:32.393 [info] 
=== Python Envs Configuration Levels ===
2026-04-19 23:31:32.393 [info] {
  "section": "Python Envs Configuration Levels",
  "defaultEnvManager": {
    "workspaceFolderValue": "undefined",
    "workspaceValue": "undefined",
    "globalValue": "undefined",
    "defaultValue": "ms-python.python:venv"
  },
  "defaultPackageManager": {
    "workspaceFolderValue": "undefined",
    "workspaceValue": "undefined",
    "globalValue": "undefined",
    "defaultValue": "ms-python.python:pip"
  }
}
2026-04-19 23:31:32.393 [info] [pet] Starting Python Locator /home/joey/.vscode-oss/extensions/ms-python.python-2026.4.0-universal/python-env-tools/bin/pet server
2026-04-19 23:31:32.393 [info] Registering pyenv manager (environments will be discovered lazily)
2026-04-19 23:31:32.393 [info] Registering pipenv manager (environments will be discovered lazily)
2026-04-19 23:31:32.393 [info] Registering poetry manager (environments will be discovered lazily)
2026-04-19 23:31:32.393 [error] [pet] Process error: A system error occurred (spawn /home/joey/.vscode-oss/extensions/ms-python.python-2026.4.0-universal/python-env-tools/bin/pet ENOENT)
2026-04-19 23:31:32.394 [warning] [pet] Restarting Python Environment Tools (attempt 1/3, waiting 1000ms)
2026-04-19 23:31:33.397 [info] [pet] Starting Python Locator /home/joey/.vscode-oss/extensions/ms-python.python-2026.4.0-universal/python-env-tools/bin/pet server
2026-04-19 23:31:33.397 [info] [pet] Python Environment Tools restarted successfully
2026-04-19 23:31:33.398 [info] [pet] configure: Sending configuration update: {"workspaceDirectories":["/home/joey/Documents/dotfiles"],"environmentDirectories":["/home/joey/Documents/dotfiles/.venv","/home/joey/Documents/dotfiles/*/.venv"],"pipenvExecutable":"pipenv","poetryExecutable":"poetry","cacheDirectory":"/home/joey/.config/Code - OSS/User/globalStorage/ms-python.vscode-python-envs/pythonLocator"}
2026-04-19 23:31:33.398 [error] [pet] Process error: A system error occurred (spawn /home/joey/.vscode-oss/extensions/ms-python.python-2026.4.0-universal/python-env-tools/bin/pet ENOENT)
2026-04-19 23:32:03.401 [warning] [pet] Configure request timed out (attempt 1/2), will retry on next request without killing process
2026-04-19 23:32:03.401 [error] [pet] Error refreshing Request 'configure' timed out after 30000ms
2026-04-19 23:32:03.401 [info] Conda not found, turning off conda features. [b: Request 'configure' timed out after 30000ms
	at Timeout.<anonymous> (/home/joey/.vscode-oss/extensions/ms-python.vscode-python-envs-1.28.0-universal/dist/extension.js:2:549906)
	at listOnTimeout (node:internal/timers:588:17)
	at process.processTimers (node:internal/timers:523:7)] {
  method: 'configure'
}
2026-04-19 23:32:03.402 [info] [interpreterSelection] Applying initial environment selection for 1 workspace folder(s)
2026-04-19 23:32:03.402 [warning] [pet] Restarting Python Environment Tools (attempt 2/3, waiting 2000ms)
2026-04-19 23:32:05.405 [info] [pet] Starting Python Locator /home/joey/.vscode-oss/extensions/ms-python.python-2026.4.0-universal/python-env-tools/bin/pet server
2026-04-19 23:32:05.405 [info] [pet] Python Environment Tools restarted successfully
2026-04-19 23:32:05.406 [info] [pet] configure: Sending configuration update: {"workspaceDirectories":["/home/joey/Documents/dotfiles"],"environmentDirectories":["/home/joey/Documents/dotfiles/.venv","/home/joey/Documents/dotfiles/*/.venv"],"pipenvExecutable":"pipenv","poetryExecutable":"poetry","cacheDirectory":"/home/joey/.config/Code - OSS/User/globalStorage/ms-python.vscode-python-envs/pythonLocator"}
2026-04-19 23:32:05.406 [error] [pet] Process error: A system error occurred (spawn /home/joey/.vscode-oss/extensions/ms-python.python-2026.4.0-universal/python-env-tools/bin/pet ENOENT)
2026-04-19 23:32:35.408 [warning] [pet] Configure request timed out (attempt 1/2), will retry on next request without killing process
2026-04-19 23:32:35.408 [error] [pet] Error refreshing Request 'configure' timed out after 30000ms
2026-04-19 23:32:35.408 [error] [venv] Background initialization failed: [b: Request 'configure' timed out after 30000ms
	at Timeout.<anonymous> (/home/joey/.vscode-oss/extensions/ms-python.vscode-python-envs-1.28.0-universal/dist/extension.js:2:549906)
	at listOnTimeout (node:internal/timers:588:17)
	at process.processTimers (node:internal/timers:523:7)] {
  method: 'configure'
}
2026-04-19 23:32:35.409 [warning] [pet] Restarting Python Environment Tools (attempt 3/3, waiting 4000ms)
2026-04-19 23:32:39.414 [info] [pet] Starting Python Locator /home/joey/.vscode-oss/extensions/ms-python.python-2026.4.0-universal/python-env-tools/bin/pet server
2026-04-19 23:32:39.414 [info] [pet] Python Environment Tools restarted successfully
2026-04-19 23:32:39.415 [info] [pet] configure: Sending configuration update: {"workspaceDirectories":["/home/joey/Documents/dotfiles"],"environmentDirectories":["/home/joey/Documents/dotfiles/.venv","/home/joey/Documents/dotfiles/*/.venv"],"pipenvExecutable":"pipenv","poetryExecutable":"poetry","cacheDirectory":"/home/joey/.config/Code - OSS/User/globalStorage/ms-python.vscode-python-envs/pythonLocator"}
2026-04-19 23:32:39.415 [error] [pet] Process error: A system error occurred (spawn /home/joey/.vscode-oss/extensions/ms-python.python-2026.4.0-universal/python-env-tools/bin/pet ENOENT)
2026-04-19 23:33:09.416 [warning] [pet] Configure request timed out (attempt 1/2), will retry on next request without killing process
2026-04-19 23:33:09.416 [error] [pet] Error refreshing Request 'configure' timed out after 30000ms
2026-04-19 23:33:09.417 [error] [system] Background initialization failed: [b: Request 'configure' timed out after 30000ms
	at Timeout.<anonymous> (/home/joey/.vscode-oss/extensions/ms-python.vscode-python-envs-1.28.0-universal/dist/extension.js:2:549906)
	at listOnTimeout (node:internal/timers:588:17)
	at process.processTimers (node:internal/timers:523:7)] {
  method: 'configure'
}
2026-04-19 23:33:09.417 [info] [SYS_GET] uri=/home/joey/Documents/dotfiles, normalizedKey=/home/joey/Documents/dotfiles, project=/home/joey/Documents/dotfiles, projectKey=/home/joey/Documents/dotfiles, mapKeys=[], directHit=false, projectHit=false, fallbackToGlobal=true, globalEnv=none
2026-04-19 23:33:09.418 [info] [interpreterSelection] dotfiles: none (source: autoDiscovery)
2026-04-19 23:33:09.418 [error] [interpreterSelection] Failed to set global environment: Error: Python Environment Tools (PET) failed after 3 restart attempts. Please reload the window or check the output channel for details. To debug, run "Python Environments: Run Python Environment Tool (PET) in Terminal" from the Command Palette.
2026-04-19 23:33:09.419 [error] [venv] Background initialization failed: [Error: Python Environment Tools (PET) failed after 3 restart attempts. Please reload the window or check the output channel for details. To debug, run "Python Environments: Run Python Environment Tool (PET) in Terminal" from the Command Palette.
	at T.ensureProcessRunning (/home/joey/.vscode-oss/extensions/ms-python.vscode-python-envs-1.28.0-universal/dist/extension.js:2:551199)
	at T.doRefreshAttempt (/home/joey/.vscode-oss/extensions/ms-python.vscode-python-envs-1.28.0-universal/dist/extension.js:2:556419)
	at T.doRefresh (/home/joey/.vscode-oss/extensions/ms-python.vscode-python-envs-1.28.0-universal/dist/extension.js:2:555976)
	at c.workerFunc (/home/joey/.vscode-oss/extensions/ms-python.vscode-python-envs-1.28.0-universal/dist/extension.js:2:550424)
	at o.workFunc (/home/joey/.vscode-oss/extensions/ms-python.vscode-python-envs-1.28.0-universal/dist/extension.js:2:292774)
	at o.start (/home/joey/.vscode-oss/extensions/ms-python.vscode-python-envs-1.28.0-universal/dist/extension.js:2:291589)]
2026-04-19 23:33:09.420 [error] [venv] Background initialization failed: [Error: Python Environment Tools (PET) failed after 3 restart attempts. Please reload the window or check the output channel for details. To debug, run "Python Environments: Run Python Environment Tool (PET) in Terminal" from the Command Palette.
	at T.ensureProcessRunning (/home/joey/.vscode-oss/extensions/ms-python.vscode-python-envs-1.28.0-universal/dist/extension.js:2:551199)
	at T.doRefreshAttempt (/home/joey/.vscode-oss/extensions/ms-python.vscode-python-envs-1.28.0-universal/dist/extension.js:2:556419)
	at T.doRefresh (/home/joey/.vscode-oss/extensions/ms-python.vscode-python-envs-1.28.0-universal/dist/extension.js:2:555976)
	at c.workerFunc (/home/joey/.vscode-oss/extensions/ms-python.vscode-python-envs-1.28.0-universal/dist/extension.js:2:550424)
	at o.workFunc (/home/joey/.vscode-oss/extensions/ms-python.vscode-python-envs-1.28.0-universal/dist/extension.js:2:292774)
	at o.start (/home/joey/.vscode-oss/extensions/ms-python.vscode-python-envs-1.28.0-universal/dist/extension.js:2:291589)]
2026-04-19 23:33:09.420 [error] [venv] Background initialization failed: [Error: Python Environment Tools (PET) failed after 3 restart attempts. Please reload the window or check the output channel for details. To debug, run "Python Environments: Run Python Environment Tool (PET) in Terminal" from the Command Palette.
	at T.ensureProcessRunning (/home/joey/.vscode-oss/extensions/ms-python.vscode-python-envs-1.28.0-universal/dist/extension.js:2:551199)
	at T.doRefreshAttempt (/home/joey/.vscode-oss/extensions/ms-python.vscode-python-envs-1.28.0-universal/dist/extension.js:2:556419)
	at T.doRefresh (/home/joey/.vscode-oss/extensions/ms-python.vscode-python-envs-1.28.0-universal/dist/extension.js:2:555976)
	at c.workerFunc (/home/joey/.vscode-oss/extensions/ms-python.vscode-python-envs-1.28.0-universal/dist/extension.js:2:550424)
	at o.workFunc (/home/joey/.vscode-oss/extensions/ms-python.vscode-python-envs-1.28.0-universal/dist/extension.js:2:292774)
	at o.start (/home/joey/.vscode-oss/extensions/ms-python.vscode-python-envs-1.28.0-universal/dist/extension.js:2:291589)]
2026-04-19 23:33:09.420 [error] [venv] Background initialization failed: [Error: Python Environment Tools (PET) failed after 3 restart attempts. Please reload the window or check the output channel for details. To debug, run "Python Environments: Run Python Environment Tool (PET) in Terminal" from the Command Palette.
	at T.ensureProcessRunning (/home/joey/.vscode-oss/extensions/ms-python.vscode-python-envs-1.28.0-universal/dist/extension.js:2:551199)
	at T.doRefreshAttempt (/home/joey/.vscode-oss/extensions/ms-python.vscode-python-envs-1.28.0-universal/dist/extension.js:2:556419)
	at T.doRefresh (/home/joey/.vscode-oss/extensions/ms-python.vscode-python-envs-1.28.0-universal/dist/extension.js:2:555976)
	at c.workerFunc (/home/joey/.vscode-oss/extensions/ms-python.vscode-python-envs-1.28.0-universal/dist/extension.js:2:550424)
	at o.workFunc (/home/joey/.vscode-oss/extensions/ms-python.vscode-python-envs-1.28.0-universal/dist/extension.js:2:292774)
	at o.start (/home/joey/.vscode-oss/extensions/ms-python.vscode-python-envs-1.28.0-universal/dist/extension.js:2:291589)]
2026-04-19 23:33:09.421 [info] Refreshing pyenv environments
2026-04-19 23:33:09.421 [error] Pyenv lazy initialization failed [Error: Python Environment Tools (PET) failed after 3 restart attempts. Please reload the window or check the output channel for details. To debug, run "Python Environments: Run Python Environment Tool (PET) in Terminal" from the Command Palette.
	at T.ensureProcessRunning (/home/joey/.vscode-oss/extensions/ms-python.vscode-python-envs-1.28.0-universal/dist/extension.js:2:551199)
	at T.doRefreshAttempt (/home/joey/.vscode-oss/extensions/ms-python.vscode-python-envs-1.28.0-universal/dist/extension.js:2:556419)
	at T.doRefresh (/home/joey/.vscode-oss/extensions/ms-python.vscode-python-envs-1.28.0-universal/dist/extension.js:2:555976)
	at c.workerFunc (/home/joey/.vscode-oss/extensions/ms-python.vscode-python-envs-1.28.0-universal/dist/extension.js:2:550424)
	at o.workFunc (/home/joey/.vscode-oss/extensions/ms-python.vscode-python-envs-1.28.0-universal/dist/extension.js:2:292774)
	at o.start (/home/joey/.vscode-oss/extensions/ms-python.vscode-python-envs-1.28.0-universal/dist/extension.js:2:291589)]
2026-04-19 23:33:09.422 [info] Pipenv not found via settings, cache, or PATH
2026-04-19 23:33:09.422 [info] Refreshing pipenv environments
2026-04-19 23:33:09.422 [error] Pipenv lazy initialization failed [Error: Python Environment Tools (PET) failed after 3 restart attempts. Please reload the window or check the output channel for details. To debug, run "Python Environments: Run Python Environment Tool (PET) in Terminal" from the Command Palette.
	at T.ensureProcessRunning (/home/joey/.vscode-oss/extensions/ms-python.vscode-python-envs-1.28.0-universal/dist/extension.js:2:551199)
	at T.doRefreshAttempt (/home/joey/.vscode-oss/extensions/ms-python.vscode-python-envs-1.28.0-universal/dist/extension.js:2:556419)
	at T.doRefresh (/home/joey/.vscode-oss/extensions/ms-python.vscode-python-envs-1.28.0-universal/dist/extension.js:2:555976)
	at c.workerFunc (/home/joey/.vscode-oss/extensions/ms-python.vscode-python-envs-1.28.0-universal/dist/extension.js:2:550424)
	at o.workFunc (/home/joey/.vscode-oss/extensions/ms-python.vscode-python-envs-1.28.0-universal/dist/extension.js:2:292774)
	at o.start (/home/joey/.vscode-oss/extensions/ms-python.vscode-python-envs-1.28.0-universal/dist/extension.js:2:291589)]
2026-04-19 23:33:09.423 [info] Refreshing poetry environments
2026-04-19 23:33:09.423 [error] Poetry lazy initialization failed [Error: Python Environment Tools (PET) failed after 3 restart attempts. Please reload the window or check the output channel for details. To debug, run "Python Environments: Run Python Environment Tool (PET) in Terminal" from the Command Palette.
	at T.ensureProcessRunning (/home/joey/.vscode-oss/extensions/ms-python.vscode-python-envs-1.28.0-universal/dist/extension.js:2:551199)
	at T.doRefreshAttempt (/home/joey/.vscode-oss/extensions/ms-python.vscode-python-envs-1.28.0-universal/dist/extension.js:2:556419)
	at T.doRefresh (/home/joey/.vscode-oss/extensions/ms-python.vscode-python-envs-1.28.0-universal/dist/extension.js:2:555976)
	at c.workerFunc (/home/joey/.vscode-oss/extensions/ms-python.vscode-python-envs-1.28.0-universal/dist/extension.js:2:550424)
	at o.workFunc (/home/joey/.vscode-oss/extensions/ms-python.vscode-python-envs-1.28.0-universal/dist/extension.js:2:292774)
	at o.start (/home/joey/.vscode-oss/extensions/ms-python.vscode-python-envs-1.28.0-universal/dist/extension.js:2:291589)]
2026-04-19 23:33:09.423 [warning] No Python environments were found. Try running "Python Environments: Run Python Environment Tool (PET) in Terminal..." from the Command Palette to diagnose. If environments should be detected, please report this: https://github.com/microsoft/vscode-python-environments/issues/new
