2026-04-19 16:59:04.720 [info] Extension version: 0.3.2862
2026-04-19 16:59:04.720 [info] Using configuration {
  restartServerOnConfigChange: false,
  showUnlinkedFileNotification: true,
  showRequestFailedErrorNotification: true,
  showDependenciesExplorer: true,
  showSyntaxTree: false,
  testExplorer: false,
  initializeStopped: false,
  runnables: {
    extraEnv: null,
    problemMatcher: [ '$rustc' ],
    askBeforeUpdateTest: true,
    bench: { command: 'bench', overrideCommand: null },
    command: null,
    doctest: { overrideCommand: null },
    extraArgs: [],
    extraTestBinaryArgs: [ '--nocapture' ],
    test: { command: 'test', overrideCommand: null }
  },
  statusBar: {
    clickAction: 'openLogs',
    showStatusBar: {
      documentSelector: [
        { language: 'rust' },
        { pattern: '**/Cargo.toml' },
        { pattern: '**/Cargo.lock' },
        {
          scheme: 'output',
          pattern: 'extension-output-rust-lang.rust-analyzer*'
        }
      ]
    }
  },
  server: { path: null, extraEnv: null },
  trace: { server: 'off', extension: false },
  debug: {
    engine: 'auto',
    sourceFileMap: {
      '/rustc/<id>': '${env:USERPROFILE}/.rustup/toolchains/<toolchain-id>/lib/rustlib/src/rust'
    },
    buildBeforeRestart: false,
    engineSettings: {}
  },
  typing: { continueCommentsOnNewline: true, triggerChars: '=.' },
  diagnostics: {
    previewRustcOutput: false,
    useRustcErrorCode: false,
    disabled: [],
    enable: true,
    experimental: { enable: false },
    remapPrefix: {},
    styleLints: { enable: false },
    warningsAsHint: [],
    warningsAsInfo: []
  },
  assist: {
    emitMustUse: false,
    expressionFillDefault: 'todo',
    preferSelf: false,
    termSearch: { borrowcheck: true, fuel: 1800 }
  },
  cachePriming: { enable: true, numThreads: 'physical' },
  cargo: {
    allTargets: true,
    autoreload: true,
    buildScripts: {
      enable: true,
      invocationStrategy: 'per_workspace',
      overrideCommand: null,
      rebuildOnSave: true,
      useRustcWrapper: true
    },
    cfgs: [ 'debug_assertions', 'miri' ],
    extraArgs: [],
    extraEnv: {},
    features: [],
    metadataExtraArgs: [],
    noDefaultFeatures: false,
    noDeps: false,
    sysroot: 'discover',
    sysrootSrc: null,
    target: null,
    targetDir: null
  },
  cfg: { setTest: true },
  checkOnSave: true,
  check: {
    allTargets: null,
    command: 'check',
    extraArgs: [],
    extraEnv: {},
    features: null,
    ignore: [],
    invocationStrategy: 'per_workspace',
    noDefaultFeatures: null,
    overrideCommand: null,
    targets: null,
    workspace: true
  },
  completion: {
    addSemicolonToUnit: false,
    autoAwait: { enable: true },
    autoIter: { enable: true },
    autoimport: {
      enable: true,
      exclude: [
        { path: 'core::borrow::Borrow', type: 'methods' },
        { path: 'core::borrow::BorrowMut', type: 'methods' }
      ]
    },
    autoself: { enable: true },
    callable: { snippets: 'fill_arguments' },
    excludeTraits: [],
    fullFunctionSignatures: { enable: false },
    hideDeprecated: false,
    limit: null,
    postfix: { enable: true },
    privateEditable: { enable: false },
    snippets: {
      custom: {
        Ok: {
          postfix: 'ok',
          body: 'Ok(${receiver})',
          description: 'Wrap the expression in a `Result::Ok`',
          scope: 'expr'
        },
        'Box::pin': {
          postfix: 'pinbox',
          body: 'Box::pin(${receiver})',
          requires: 'std::boxed::Box',
          description: 'Put the expression into a pinned `Box`',
          scope: 'expr'
        },
        'Arc::new': {
          postfix: 'arc',
          body: 'Arc::new(${receiver})',
          requires: 'std::sync::Arc',
          description: 'Put the expression into an `Arc`',
          scope: 'expr'
        },
        Some: {
          postfix: 'some',
          body: 'Some(${receiver})',
          description: 'Wrap the expression in an `Option::Some`',
          scope: 'expr'
        },
        Err: {
          postfix: 'err',
          body: 'Err(${receiver})',
          description: 'Wrap the expression in a `Result::Err`',
          scope: 'expr'
        },
        'Rc::new': {
          postfix: 'rc',
          body: 'Rc::new(${receiver})',
          requires: 'std::rc::Rc',
          description: 'Put the expression into an `Rc`',
          scope: 'expr'
        }
      }
    },
    termSearch: { enable: false, fuel: 1000 }
  },
  disableFixtureSupport: false,
  document: { symbol: { search: { excludeLocals: true } } },
  files: { exclude: [], watcher: 'client' },
  gotoImplementations: { filterAdjacentDerives: false },
  highlightRelated: {
    branchExitPoints: { enable: true },
    breakPoints: { enable: true },
    closureCaptures: { enable: true },
    exitPoints: { enable: true },
    references: { enable: true },
    yieldPoints: { enable: true }
  },
  hover: {
    actions: {
      debug: { enable: true },
      enable: true,
      gotoTypeDef: { enable: true },
      implementations: { enable: true },
      references: { enable: false },
      run: { enable: true },
      updateTest: { enable: true }
    },
    documentation: { enable: true, keywords: { enable: true } },
    dropGlue: { enable: true },
    links: { enable: true },
    maxSubstitutionLength: 20,
    memoryLayout: {
      alignment: 'hexadecimal',
      enable: true,
      niches: false,
      offset: 'hexadecimal',
      padding: null,
      size: 'both'
    },
    show: { enumVariants: 5, fields: 5, traitAssocItems: null }
  },
  imports: {
    granularity: { enforce: false, group: 'crate' },
    group: { enable: true },
    merge: { glob: true },
    preferNoStd: false,
    preferPrelude: false,
    prefix: 'crate',
    prefixExternPrelude: false
  },
  inlayHints: {
    bindingModeHints: { enable: false },
    chainingHints: { enable: true },
    closingBraceHints: { enable: true, minLines: 25 },
    closureCaptureHints: { enable: false },
    closureReturnTypeHints: { enable: 'never' },
    closureStyle: 'impl_fn',
    discriminantHints: { enable: 'never' },
    expressionAdjustmentHints: {
      disableReborrows: true,
      enable: 'never',
      hideOutsideUnsafe: false,
      mode: 'prefix'
    },
    genericParameterHints: {
      const: { enable: true },
      lifetime: { enable: false },
      type: { enable: false }
    },
    implicitDrops: { enable: false },
    implicitSizedBoundHints: { enable: false },
    impliedDynTraitHints: { enable: true },
    lifetimeElisionHints: { enable: 'never', useParameterNames: false },
    maxLength: 25,
    parameterHints: { enable: true, missingArguments: { enable: false } },
    rangeExclusiveHints: { enable: false },
    reborrowHints: { enable: 'never' },
    renderColons: true,
    typeHints: {
      enable: true,
      hideClosureInitialization: false,
      hideClosureParameter: false,
      hideInferredTypes: false,
      hideNamedConstructor: false,
      location: 'inline'
    }
  },
  interpret: { tests: false },
  joinLines: {
    joinAssignments: true,
    joinElseIf: true,
    removeTrailingComma: true,
    unwrapTrivialBlock: true
  },
  lens: {
    debug: { enable: true },
    enable: true,
    implementations: { enable: true },
    location: 'above_name',
    references: {
      adt: { enable: false },
      enumVariant: { enable: false },
      method: { enable: false },
      trait: { enable: false }
    },
    run: { enable: true },
    updateTest: { enable: true }
  },
  linkedProjects: [],
  lru: { capacity: null, query: { capacities: {} } },
  notifications: { cargoTomlNotFound: true },
  numThreads: null,
  procMacro: {
    attributes: { enable: true },
    enable: true,
    ignored: {},
    processes: 1,
    server: null
  },
  profiling: { memoryProfile: null },
  references: { excludeImports: false, excludeTests: false },
  rename: { showConflicts: true },
  rustc: { source: null },
  rustfmt: {
    extraArgs: [],
    overrideCommand: null,
    rangeFormatting: { enable: false }
  },
  semanticHighlighting: {
    comments: { enable: true },
    doc: { comment: { inject: { enable: true } } },
    nonStandardTokens: true,
    operator: { enable: true, specialization: { enable: false } },
    punctuation: {
      enable: false,
      separate: { macro: { bang: false } },
      specialization: { enable: false }
    },
    strings: { enable: true }
  },
  signatureInfo: { detail: 'full', documentation: { enable: true } },
  vfs: { extraIncludes: [] },
  workspace: {
    discoverConfig: null,
    symbol: {
      search: {
        excludeImports: false,
        kind: 'only_types',
        limit: 128,
        scope: 'workspace'
      }
    }
  }
}
2026-04-19 16:59:04.720 [info] PersistentState: { serverVersion: undefined }
2026-04-19 16:59:04.720 [info] Starting language client
2026-04-19 16:59:04.760 [info] Using server binary at /home/joey/.vscode-oss/extensions/rust-lang.rust-analyzer-0.3.2862-linux-x64/server/rust-analyzer
2026-04-19 16:59:04.769 [info] Extension version: 0.3.2862
2026-04-19 16:59:04.769 [info] Using configuration {
  restartServerOnConfigChange: false,
  showUnlinkedFileNotification: true,
  showRequestFailedErrorNotification: true,
  showDependenciesExplorer: true,
  showSyntaxTree: false,
  testExplorer: false,
  initializeStopped: false,
  runnables: {
    extraEnv: null,
    problemMatcher: [ '$rustc' ],
    askBeforeUpdateTest: true,
    bench: { command: 'bench', overrideCommand: null },
    command: null,
    doctest: { overrideCommand: null },
    extraArgs: [],
    extraTestBinaryArgs: [ '--nocapture' ],
    test: { command: 'test', overrideCommand: null }
  },
  statusBar: {
    clickAction: 'openLogs',
    showStatusBar: {
      documentSelector: [
        { language: 'rust' },
        { pattern: '**/Cargo.toml' },
        { pattern: '**/Cargo.lock' },
        {
          scheme: 'output',
          pattern: 'extension-output-rust-lang.rust-analyzer*'
        }
      ]
    }
  },
  server: { path: null, extraEnv: null },
  trace: { server: 'off', extension: false },
  debug: {
    engine: 'auto',
    sourceFileMap: {
      '/rustc/<id>': '${env:USERPROFILE}/.rustup/toolchains/<toolchain-id>/lib/rustlib/src/rust'
    },
    buildBeforeRestart: false,
    engineSettings: {}
  },
  typing: { continueCommentsOnNewline: true, triggerChars: '=.' },
  diagnostics: {
    previewRustcOutput: false,
    useRustcErrorCode: false,
    disabled: [],
    enable: true,
    experimental: { enable: false },
    remapPrefix: {},
    styleLints: { enable: false },
    warningsAsHint: [],
    warningsAsInfo: []
  },
  assist: {
    emitMustUse: false,
    expressionFillDefault: 'todo',
    preferSelf: false,
    termSearch: { borrowcheck: true, fuel: 1800 }
  },
  cachePriming: { enable: true, numThreads: 'physical' },
  cargo: {
    allTargets: true,
    autoreload: true,
    buildScripts: {
      enable: true,
      invocationStrategy: 'per_workspace',
      overrideCommand: null,
      rebuildOnSave: true,
      useRustcWrapper: true
    },
    cfgs: [ 'debug_assertions', 'miri' ],
    extraArgs: [],
    extraEnv: {},
    features: [],
    metadataExtraArgs: [],
    noDefaultFeatures: false,
    noDeps: false,
    sysroot: 'discover',
    sysrootSrc: null,
    target: null,
    targetDir: null
  },
  cfg: { setTest: true },
  checkOnSave: true,
  check: {
    allTargets: null,
    command: 'check',
    extraArgs: [],
    extraEnv: {},
    features: null,
    ignore: [],
    invocationStrategy: 'per_workspace',
    noDefaultFeatures: null,
    overrideCommand: null,
    targets: null,
    workspace: true
  },
  completion: {
    addSemicolonToUnit: false,
    autoAwait: { enable: true },
    autoIter: { enable: true },
    autoimport: {
      enable: true,
      exclude: [
        { path: 'core::borrow::Borrow', type: 'methods' },
        { path: 'core::borrow::BorrowMut', type: 'methods' }
      ]
    },
    autoself: { enable: true },
    callable: { snippets: 'fill_arguments' },
    excludeTraits: [],
    fullFunctionSignatures: { enable: false },
    hideDeprecated: false,
    limit: null,
    postfix: { enable: true },
    privateEditable: { enable: false },
    snippets: {
      custom: {
        Ok: {
          postfix: 'ok',
          body: 'Ok(${receiver})',
          description: 'Wrap the expression in a `Result::Ok`',
          scope: 'expr'
        },
        'Box::pin': {
          postfix: 'pinbox',
          body: 'Box::pin(${receiver})',
          requires: 'std::boxed::Box',
          description: 'Put the expression into a pinned `Box`',
          scope: 'expr'
        },
        'Arc::new': {
          postfix: 'arc',
          body: 'Arc::new(${receiver})',
          requires: 'std::sync::Arc',
          description: 'Put the expression into an `Arc`',
          scope: 'expr'
        },
        Some: {
          postfix: 'some',
          body: 'Some(${receiver})',
          description: 'Wrap the expression in an `Option::Some`',
          scope: 'expr'
        },
        Err: {
          postfix: 'err',
          body: 'Err(${receiver})',
          description: 'Wrap the expression in a `Result::Err`',
          scope: 'expr'
        },
        'Rc::new': {
          postfix: 'rc',
          body: 'Rc::new(${receiver})',
          requires: 'std::rc::Rc',
          description: 'Put the expression into an `Rc`',
          scope: 'expr'
        }
      }
    },
    termSearch: { enable: false, fuel: 1000 }
  },
  disableFixtureSupport: false,
  document: { symbol: { search: { excludeLocals: true } } },
  files: { exclude: [], watcher: 'client' },
  gotoImplementations: { filterAdjacentDerives: false },
  highlightRelated: {
    branchExitPoints: { enable: true },
    breakPoints: { enable: true },
    closureCaptures: { enable: true },
    exitPoints: { enable: true },
    references: { enable: true },
    yieldPoints: { enable: true }
  },
  hover: {
    actions: {
      debug: { enable: true },
      enable: true,
      gotoTypeDef: { enable: true },
      implementations: { enable: true },
      references: { enable: false },
      run: { enable: true },
      updateTest: { enable: true }
    },
    documentation: { enable: true, keywords: { enable: true } },
    dropGlue: { enable: true },
    links: { enable: true },
    maxSubstitutionLength: 20,
    memoryLayout: {
      alignment: 'hexadecimal',
      enable: true,
      niches: false,
      offset: 'hexadecimal',
      padding: null,
      size: 'both'
    },
    show: { enumVariants: 5, fields: 5, traitAssocItems: null }
  },
  imports: {
    granularity: { enforce: false, group: 'crate' },
    group: { enable: true },
    merge: { glob: true },
    preferNoStd: false,
    preferPrelude: false,
    prefix: 'crate',
    prefixExternPrelude: false
  },
  inlayHints: {
    bindingModeHints: { enable: false },
    chainingHints: { enable: true },
    closingBraceHints: { enable: true, minLines: 25 },
    closureCaptureHints: { enable: false },
    closureReturnTypeHints: { enable: 'never' },
    closureStyle: 'impl_fn',
    discriminantHints: { enable: 'never' },
    expressionAdjustmentHints: {
      disableReborrows: true,
      enable: 'never',
      hideOutsideUnsafe: false,
      mode: 'prefix'
    },
    genericParameterHints: {
      const: { enable: true },
      lifetime: { enable: false },
      type: { enable: false }
    },
    implicitDrops: { enable: false },
    implicitSizedBoundHints: { enable: false },
    impliedDynTraitHints: { enable: true },
    lifetimeElisionHints: { enable: 'never', useParameterNames: false },
    maxLength: 25,
    parameterHints: { enable: true, missingArguments: { enable: false } },
    rangeExclusiveHints: { enable: false },
    reborrowHints: { enable: 'never' },
    renderColons: true,
    typeHints: {
      enable: true,
      hideClosureInitialization: false,
      hideClosureParameter: false,
      hideInferredTypes: false,
      hideNamedConstructor: false,
      location: 'inline'
    }
  },
  interpret: { tests: false },
  joinLines: {
    joinAssignments: true,
    joinElseIf: true,
    removeTrailingComma: true,
    unwrapTrivialBlock: true
  },
  lens: {
    debug: { enable: true },
    enable: true,
    implementations: { enable: true },
    location: 'above_name',
    references: {
      adt: { enable: false },
      enumVariant: { enable: false },
      method: { enable: false },
      trait: { enable: false }
    },
    run: { enable: true },
    updateTest: { enable: true }
  },
  linkedProjects: [],
  lru: { capacity: null, query: { capacities: {} } },
  notifications: { cargoTomlNotFound: true },
  numThreads: null,
  procMacro: {
    attributes: { enable: true },
    enable: true,
    ignored: {},
    processes: 1,
    server: null
  },
  profiling: { memoryProfile: null },
  references: { excludeImports: false, excludeTests: false },
  rename: { showConflicts: true },
  rustc: { source: null },
  rustfmt: {
    extraArgs: [],
    overrideCommand: null,
    rangeFormatting: { enable: false }
  },
  semanticHighlighting: {
    comments: { enable: true },
    doc: { comment: { inject: { enable: true } } },
    nonStandardTokens: true,
    operator: { enable: true, specialization: { enable: false } },
    punctuation: {
      enable: false,
      separate: { macro: { bang: false } },
      specialization: { enable: false }
    },
    strings: { enable: true }
  },
  signatureInfo: { detail: 'full', documentation: { enable: true } },
  vfs: { extraIncludes: [] },
  workspace: {
    discoverConfig: null,
    symbol: {
      search: {
        excludeImports: false,
        kind: 'only_types',
        limit: 128,
        scope: 'workspace'
      }
    }
  }
}
2026-04-19 16:59:04.774 [info] /home/joey/.vscode-oss/extensions/rust-lang.rust-analyzer-0.3.2862-linux-x64/server/rust-analyzer --version: {
  stdout: 'rust-analyzer 0.3.2862-standalone\n',
  stderr: '',
  status: 0
}
2026-04-19 16:59:04.982 [info] Extension version: 0.3.2862
2026-04-19 16:59:04.982 [info] Using configuration {
  restartServerOnConfigChange: false,
  showUnlinkedFileNotification: true,
  showRequestFailedErrorNotification: true,
  showDependenciesExplorer: true,
  showSyntaxTree: false,
  testExplorer: false,
  initializeStopped: false,
  runnables: {
    extraEnv: null,
    problemMatcher: [ '$rustc' ],
    askBeforeUpdateTest: true,
    bench: { command: 'bench', overrideCommand: null },
    command: null,
    doctest: { overrideCommand: null },
    extraArgs: [],
    extraTestBinaryArgs: [ '--nocapture' ],
    test: { command: 'test', overrideCommand: null }
  },
  statusBar: {
    clickAction: 'openLogs',
    showStatusBar: {
      documentSelector: [
        { language: 'rust' },
        { pattern: '**/Cargo.toml' },
        { pattern: '**/Cargo.lock' },
        {
          scheme: 'output',
          pattern: 'extension-output-rust-lang.rust-analyzer*'
        }
      ]
    }
  },
  server: { path: null, extraEnv: null },
  trace: { server: 'off', extension: false },
  debug: {
    engine: 'auto',
    sourceFileMap: {
      '/rustc/<id>': '${env:USERPROFILE}/.rustup/toolchains/<toolchain-id>/lib/rustlib/src/rust'
    },
    buildBeforeRestart: false,
    engineSettings: {}
  },
  typing: { continueCommentsOnNewline: true, triggerChars: '=.' },
  diagnostics: {
    previewRustcOutput: false,
    useRustcErrorCode: false,
    disabled: [],
    enable: true,
    experimental: { enable: false },
    remapPrefix: {},
    styleLints: { enable: false },
    warningsAsHint: [],
    warningsAsInfo: []
  },
  assist: {
    emitMustUse: false,
    expressionFillDefault: 'todo',
    preferSelf: false,
    termSearch: { borrowcheck: true, fuel: 1800 }
  },
  cachePriming: { enable: true, numThreads: 'physical' },
  cargo: {
    allTargets: true,
    autoreload: true,
    buildScripts: {
      enable: true,
      invocationStrategy: 'per_workspace',
      overrideCommand: null,
      rebuildOnSave: true,
      useRustcWrapper: true
    },
    cfgs: [ 'debug_assertions', 'miri' ],
    extraArgs: [],
    extraEnv: {},
    features: [],
    metadataExtraArgs: [],
    noDefaultFeatures: false,
    noDeps: false,
    sysroot: 'discover',
    sysrootSrc: null,
    target: null,
    targetDir: null
  },
  cfg: { setTest: true },
  checkOnSave: true,
  check: {
    allTargets: null,
    command: 'check',
    extraArgs: [],
    extraEnv: {},
    features: null,
    ignore: [],
    invocationStrategy: 'per_workspace',
    noDefaultFeatures: null,
    overrideCommand: null,
    targets: null,
    workspace: true
  },
  completion: {
    addSemicolonToUnit: false,
    autoAwait: { enable: true },
    autoIter: { enable: true },
    autoimport: {
      enable: true,
      exclude: [
        { path: 'core::borrow::Borrow', type: 'methods' },
        { path: 'core::borrow::BorrowMut', type: 'methods' }
      ]
    },
    autoself: { enable: true },
    callable: { snippets: 'fill_arguments' },
    excludeTraits: [],
    fullFunctionSignatures: { enable: false },
    hideDeprecated: false,
    limit: null,
    postfix: { enable: true },
    privateEditable: { enable: false },
    snippets: {
      custom: {
        Ok: {
          postfix: 'ok',
          body: 'Ok(${receiver})',
          description: 'Wrap the expression in a `Result::Ok`',
          scope: 'expr'
        },
        'Box::pin': {
          postfix: 'pinbox',
          body: 'Box::pin(${receiver})',
          requires: 'std::boxed::Box',
          description: 'Put the expression into a pinned `Box`',
          scope: 'expr'
        },
        'Arc::new': {
          postfix: 'arc',
          body: 'Arc::new(${receiver})',
          requires: 'std::sync::Arc',
          description: 'Put the expression into an `Arc`',
          scope: 'expr'
        },
        Some: {
          postfix: 'some',
          body: 'Some(${receiver})',
          description: 'Wrap the expression in an `Option::Some`',
          scope: 'expr'
        },
        Err: {
          postfix: 'err',
          body: 'Err(${receiver})',
          description: 'Wrap the expression in a `Result::Err`',
          scope: 'expr'
        },
        'Rc::new': {
          postfix: 'rc',
          body: 'Rc::new(${receiver})',
          requires: 'std::rc::Rc',
          description: 'Put the expression into an `Rc`',
          scope: 'expr'
        }
      }
    },
    termSearch: { enable: false, fuel: 1000 }
  },
  disableFixtureSupport: false,
  document: { symbol: { search: { excludeLocals: true } } },
  files: { exclude: [], watcher: 'client' },
  gotoImplementations: { filterAdjacentDerives: false },
  highlightRelated: {
    branchExitPoints: { enable: true },
    breakPoints: { enable: true },
    closureCaptures: { enable: true },
    exitPoints: { enable: true },
    references: { enable: true },
    yieldPoints: { enable: true }
  },
  hover: {
    actions: {
      debug: { enable: true },
      enable: true,
      gotoTypeDef: { enable: true },
      implementations: { enable: true },
      references: { enable: false },
      run: { enable: true },
      updateTest: { enable: true }
    },
    documentation: { enable: true, keywords: { enable: true } },
    dropGlue: { enable: true },
    links: { enable: true },
    maxSubstitutionLength: 20,
    memoryLayout: {
      alignment: 'hexadecimal',
      enable: true,
      niches: false,
      offset: 'hexadecimal',
      padding: null,
      size: 'both'
    },
    show: { enumVariants: 5, fields: 5, traitAssocItems: null }
  },
  imports: {
    granularity: { enforce: false, group: 'crate' },
    group: { enable: true },
    merge: { glob: true },
    preferNoStd: false,
    preferPrelude: false,
    prefix: 'crate',
    prefixExternPrelude: false
  },
  inlayHints: {
    bindingModeHints: { enable: false },
    chainingHints: { enable: true },
    closingBraceHints: { enable: true, minLines: 25 },
    closureCaptureHints: { enable: false },
    closureReturnTypeHints: { enable: 'never' },
    closureStyle: 'impl_fn',
    discriminantHints: { enable: 'never' },
    expressionAdjustmentHints: {
      disableReborrows: true,
      enable: 'never',
      hideOutsideUnsafe: false,
      mode: 'prefix'
    },
    genericParameterHints: {
      const: { enable: true },
      lifetime: { enable: false },
      type: { enable: false }
    },
    implicitDrops: { enable: false },
    implicitSizedBoundHints: { enable: false },
    impliedDynTraitHints: { enable: true },
    lifetimeElisionHints: { enable: 'never', useParameterNames: false },
    maxLength: 25,
    parameterHints: { enable: true, missingArguments: { enable: false } },
    rangeExclusiveHints: { enable: false },
    reborrowHints: { enable: 'never' },
    renderColons: true,
    typeHints: {
      enable: true,
      hideClosureInitialization: false,
      hideClosureParameter: false,
      hideInferredTypes: false,
      hideNamedConstructor: false,
      location: 'inline'
    }
  },
  interpret: { tests: false },
  joinLines: {
    joinAssignments: true,
    joinElseIf: true,
    removeTrailingComma: true,
    unwrapTrivialBlock: true
  },
  lens: {
    debug: { enable: true },
    enable: true,
    implementations: { enable: true },
    location: 'above_name',
    references: {
      adt: { enable: false },
      enumVariant: { enable: false },
      method: { enable: false },
      trait: { enable: false }
    },
    run: { enable: true },
    updateTest: { enable: true }
  },
  linkedProjects: [],
  lru: { capacity: null, query: { capacities: {} } },
  notifications: { cargoTomlNotFound: true },
  numThreads: null,
  procMacro: {
    attributes: { enable: true },
    enable: true,
    ignored: {},
    processes: 1,
    server: null
  },
  profiling: { memoryProfile: null },
  references: { excludeImports: false, excludeTests: false },
  rename: { showConflicts: true },
  rustc: { source: null },
  rustfmt: {
    extraArgs: [],
    overrideCommand: null,
    rangeFormatting: { enable: false }
  },
  semanticHighlighting: {
    comments: { enable: true },
    doc: { comment: { inject: { enable: true } } },
    nonStandardTokens: true,
    operator: { enable: true, specialization: { enable: false } },
    punctuation: {
      enable: false,
      separate: { macro: { bang: false } },
      specialization: { enable: false }
    },
    strings: { enable: true }
  },
  signatureInfo: { detail: 'full', documentation: { enable: true } },
  vfs: { extraIncludes: [] },
  workspace: {
    discoverConfig: null,
    symbol: {
      search: {
        excludeImports: false,
        kind: 'only_types',
        limit: 128,
        scope: 'workspace'
      }
    }
  }
}
2026-04-19 16:59:04.985 [info] Extension version: 0.3.2862
2026-04-19 16:59:04.986 [info] Using configuration {
  restartServerOnConfigChange: false,
  showUnlinkedFileNotification: true,
  showRequestFailedErrorNotification: true,
  showDependenciesExplorer: true,
  showSyntaxTree: false,
  testExplorer: false,
  initializeStopped: false,
  runnables: {
    extraEnv: null,
    problemMatcher: [ '$rustc' ],
    askBeforeUpdateTest: true,
    bench: { command: 'bench', overrideCommand: null },
    command: null,
    doctest: { overrideCommand: null },
    extraArgs: [],
    extraTestBinaryArgs: [ '--nocapture' ],
    test: { command: 'test', overrideCommand: null }
  },
  statusBar: {
    clickAction: 'openLogs',
    showStatusBar: {
      documentSelector: [
        { language: 'rust' },
        { pattern: '**/Cargo.toml' },
        { pattern: '**/Cargo.lock' },
        {
          scheme: 'output',
          pattern: 'extension-output-rust-lang.rust-analyzer*'
        }
      ]
    }
  },
  server: { path: null, extraEnv: null },
  trace: { server: 'off', extension: false },
  debug: {
    engine: 'auto',
    sourceFileMap: {
      '/rustc/<id>': '${env:USERPROFILE}/.rustup/toolchains/<toolchain-id>/lib/rustlib/src/rust'
    },
    buildBeforeRestart: false,
    engineSettings: {}
  },
  typing: { continueCommentsOnNewline: true, triggerChars: '=.' },
  diagnostics: {
    previewRustcOutput: false,
    useRustcErrorCode: false,
    disabled: [],
    enable: true,
    experimental: { enable: false },
    remapPrefix: {},
    styleLints: { enable: false },
    warningsAsHint: [],
    warningsAsInfo: []
  },
  assist: {
    emitMustUse: false,
    expressionFillDefault: 'todo',
    preferSelf: false,
    termSearch: { borrowcheck: true, fuel: 1800 }
  },
  cachePriming: { enable: true, numThreads: 'physical' },
  cargo: {
    allTargets: true,
    autoreload: true,
    buildScripts: {
      enable: true,
      invocationStrategy: 'per_workspace',
      overrideCommand: null,
      rebuildOnSave: true,
      useRustcWrapper: true
    },
    cfgs: [ 'debug_assertions', 'miri' ],
    extraArgs: [],
    extraEnv: {},
    features: [],
    metadataExtraArgs: [],
    noDefaultFeatures: false,
    noDeps: false,
    sysroot: 'discover',
    sysrootSrc: null,
    target: null,
    targetDir: null
  },
  cfg: { setTest: true },
  checkOnSave: true,
  check: {
    allTargets: null,
    command: 'check',
    extraArgs: [],
    extraEnv: {},
    features: null,
    ignore: [],
    invocationStrategy: 'per_workspace',
    noDefaultFeatures: null,
    overrideCommand: null,
    targets: null,
    workspace: true
  },
  completion: {
    addSemicolonToUnit: false,
    autoAwait: { enable: true },
    autoIter: { enable: true },
    autoimport: {
      enable: true,
      exclude: [
        { path: 'core::borrow::Borrow', type: 'methods' },
        { path: 'core::borrow::BorrowMut', type: 'methods' }
      ]
    },
    autoself: { enable: true },
    callable: { snippets: 'fill_arguments' },
    excludeTraits: [],
    fullFunctionSignatures: { enable: false },
    hideDeprecated: false,
    limit: null,
    postfix: { enable: true },
    privateEditable: { enable: false },
    snippets: {
      custom: {
        Ok: {
          postfix: 'ok',
          body: 'Ok(${receiver})',
          description: 'Wrap the expression in a `Result::Ok`',
          scope: 'expr'
        },
        'Box::pin': {
          postfix: 'pinbox',
          body: 'Box::pin(${receiver})',
          requires: 'std::boxed::Box',
          description: 'Put the expression into a pinned `Box`',
          scope: 'expr'
        },
        'Arc::new': {
          postfix: 'arc',
          body: 'Arc::new(${receiver})',
          requires: 'std::sync::Arc',
          description: 'Put the expression into an `Arc`',
          scope: 'expr'
        },
        Some: {
          postfix: 'some',
          body: 'Some(${receiver})',
          description: 'Wrap the expression in an `Option::Some`',
          scope: 'expr'
        },
        Err: {
          postfix: 'err',
          body: 'Err(${receiver})',
          description: 'Wrap the expression in a `Result::Err`',
          scope: 'expr'
        },
        'Rc::new': {
          postfix: 'rc',
          body: 'Rc::new(${receiver})',
          requires: 'std::rc::Rc',
          description: 'Put the expression into an `Rc`',
          scope: 'expr'
        }
      }
    },
    termSearch: { enable: false, fuel: 1000 }
  },
  disableFixtureSupport: false,
  document: { symbol: { search: { excludeLocals: true } } },
  files: { exclude: [], watcher: 'client' },
  gotoImplementations: { filterAdjacentDerives: false },
  highlightRelated: {
    branchExitPoints: { enable: true },
    breakPoints: { enable: true },
    closureCaptures: { enable: true },
    exitPoints: { enable: true },
    references: { enable: true },
    yieldPoints: { enable: true }
  },
  hover: {
    actions: {
      debug: { enable: true },
      enable: true,
      gotoTypeDef: { enable: true },
      implementations: { enable: true },
      references: { enable: false },
      run: { enable: true },
      updateTest: { enable: true }
    },
    documentation: { enable: true, keywords: { enable: true } },
    dropGlue: { enable: true },
    links: { enable: true },
    maxSubstitutionLength: 20,
    memoryLayout: {
      alignment: 'hexadecimal',
      enable: true,
      niches: false,
      offset: 'hexadecimal',
      padding: null,
      size: 'both'
    },
    show: { enumVariants: 5, fields: 5, traitAssocItems: null }
  },
  imports: {
    granularity: { enforce: false, group: 'crate' },
    group: { enable: true },
    merge: { glob: true },
    preferNoStd: false,
    preferPrelude: false,
    prefix: 'crate',
    prefixExternPrelude: false
  },
  inlayHints: {
    bindingModeHints: { enable: false },
    chainingHints: { enable: true },
    closingBraceHints: { enable: true, minLines: 25 },
    closureCaptureHints: { enable: false },
    closureReturnTypeHints: { enable: 'never' },
    closureStyle: 'impl_fn',
    discriminantHints: { enable: 'never' },
    expressionAdjustmentHints: {
      disableReborrows: true,
      enable: 'never',
      hideOutsideUnsafe: false,
      mode: 'prefix'
    },
    genericParameterHints: {
      const: { enable: true },
      lifetime: { enable: false },
      type: { enable: false }
    },
    implicitDrops: { enable: false },
    implicitSizedBoundHints: { enable: false },
    impliedDynTraitHints: { enable: true },
    lifetimeElisionHints: { enable: 'never', useParameterNames: false },
    maxLength: 25,
    parameterHints: { enable: true, missingArguments: { enable: false } },
    rangeExclusiveHints: { enable: false },
    reborrowHints: { enable: 'never' },
    renderColons: true,
    typeHints: {
      enable: true,
      hideClosureInitialization: false,
      hideClosureParameter: false,
      hideInferredTypes: false,
      hideNamedConstructor: false,
      location: 'inline'
    }
  },
  interpret: { tests: false },
  joinLines: {
    joinAssignments: true,
    joinElseIf: true,
    removeTrailingComma: true,
    unwrapTrivialBlock: true
  },
  lens: {
    debug: { enable: true },
    enable: true,
    implementations: { enable: true },
    location: 'above_name',
    references: {
      adt: { enable: false },
      enumVariant: { enable: false },
      method: { enable: false },
      trait: { enable: false }
    },
    run: { enable: true },
    updateTest: { enable: true }
  },
  linkedProjects: [],
  lru: { capacity: null, query: { capacities: {} } },
  notifications: { cargoTomlNotFound: true },
  numThreads: null,
  procMacro: {
    attributes: { enable: true },
    enable: true,
    ignored: {},
    processes: 1,
    server: null
  },
  profiling: { memoryProfile: null },
  references: { excludeImports: false, excludeTests: false },
  rename: { showConflicts: true },
  rustc: { source: null },
  rustfmt: {
    extraArgs: [],
    overrideCommand: null,
    rangeFormatting: { enable: false }
  },
  semanticHighlighting: {
    comments: { enable: true },
    doc: { comment: { inject: { enable: true } } },
    nonStandardTokens: true,
    operator: { enable: true, specialization: { enable: false } },
    punctuation: {
      enable: false,
      separate: { macro: { bang: false } },
      specialization: { enable: false }
    },
    strings: { enable: true }
  },
  signatureInfo: { detail: 'full', documentation: { enable: true } },
  vfs: { extraIncludes: [] },
  workspace: {
    discoverConfig: null,
    symbol: {
      search: {
        excludeImports: false,
        kind: 'only_types',
        limit: 128,
        scope: 'workspace'
      }
    }
  }
}
2026-04-19 16:59:05.064 [info] Extension version: 0.3.2862
2026-04-19 16:59:05.064 [info] Using configuration {
  restartServerOnConfigChange: false,
  showUnlinkedFileNotification: true,
  showRequestFailedErrorNotification: true,
  showDependenciesExplorer: true,
  showSyntaxTree: false,
  testExplorer: false,
  initializeStopped: false,
  runnables: {
    extraEnv: null,
    problemMatcher: [ '$rustc' ],
    askBeforeUpdateTest: true,
    bench: { command: 'bench', overrideCommand: null },
    command: null,
    doctest: { overrideCommand: null },
    extraArgs: [],
    extraTestBinaryArgs: [ '--nocapture' ],
    test: { command: 'test', overrideCommand: null }
  },
  statusBar: {
    clickAction: 'openLogs',
    showStatusBar: {
      documentSelector: [
        { language: 'rust' },
        { pattern: '**/Cargo.toml' },
        { pattern: '**/Cargo.lock' },
        {
          scheme: 'output',
          pattern: 'extension-output-rust-lang.rust-analyzer*'
        }
      ]
    }
  },
  server: { path: null, extraEnv: null },
  trace: { server: 'off', extension: false },
  debug: {
    engine: 'auto',
    sourceFileMap: {
      '/rustc/<id>': '${env:USERPROFILE}/.rustup/toolchains/<toolchain-id>/lib/rustlib/src/rust'
    },
    buildBeforeRestart: false,
    engineSettings: {}
  },
  typing: { continueCommentsOnNewline: true, triggerChars: '=.' },
  diagnostics: {
    previewRustcOutput: false,
    useRustcErrorCode: false,
    disabled: [],
    enable: true,
    experimental: { enable: false },
    remapPrefix: {},
    styleLints: { enable: false },
    warningsAsHint: [],
    warningsAsInfo: []
  },
  assist: {
    emitMustUse: false,
    expressionFillDefault: 'todo',
    preferSelf: false,
    termSearch: { borrowcheck: true, fuel: 1800 }
  },
  cachePriming: { enable: true, numThreads: 'physical' },
  cargo: {
    allTargets: true,
    autoreload: true,
    buildScripts: {
      enable: true,
      invocationStrategy: 'per_workspace',
      overrideCommand: null,
      rebuildOnSave: true,
      useRustcWrapper: true
    },
    cfgs: [ 'debug_assertions', 'miri' ],
    extraArgs: [],
    extraEnv: {},
    features: [],
    metadataExtraArgs: [],
    noDefaultFeatures: false,
    noDeps: false,
    sysroot: 'discover',
    sysrootSrc: null,
    target: null,
    targetDir: null
  },
  cfg: { setTest: true },
  checkOnSave: true,
  check: {
    allTargets: null,
    command: 'check',
    extraArgs: [],
    extraEnv: {},
    features: null,
    ignore: [],
    invocationStrategy: 'per_workspace',
    noDefaultFeatures: null,
    overrideCommand: null,
    targets: null,
    workspace: true
  },
  completion: {
    addSemicolonToUnit: false,
    autoAwait: { enable: true },
    autoIter: { enable: true },
    autoimport: {
      enable: true,
      exclude: [
        { path: 'core::borrow::Borrow', type: 'methods' },
        { path: 'core::borrow::BorrowMut', type: 'methods' }
      ]
    },
    autoself: { enable: true },
    callable: { snippets: 'fill_arguments' },
    excludeTraits: [],
    fullFunctionSignatures: { enable: false },
    hideDeprecated: false,
    limit: null,
    postfix: { enable: true },
    privateEditable: { enable: false },
    snippets: {
      custom: {
        Ok: {
          postfix: 'ok',
          body: 'Ok(${receiver})',
          description: 'Wrap the expression in a `Result::Ok`',
          scope: 'expr'
        },
        'Box::pin': {
          postfix: 'pinbox',
          body: 'Box::pin(${receiver})',
          requires: 'std::boxed::Box',
          description: 'Put the expression into a pinned `Box`',
          scope: 'expr'
        },
        'Arc::new': {
          postfix: 'arc',
          body: 'Arc::new(${receiver})',
          requires: 'std::sync::Arc',
          description: 'Put the expression into an `Arc`',
          scope: 'expr'
        },
        Some: {
          postfix: 'some',
          body: 'Some(${receiver})',
          description: 'Wrap the expression in an `Option::Some`',
          scope: 'expr'
        },
        Err: {
          postfix: 'err',
          body: 'Err(${receiver})',
          description: 'Wrap the expression in a `Result::Err`',
          scope: 'expr'
        },
        'Rc::new': {
          postfix: 'rc',
          body: 'Rc::new(${receiver})',
          requires: 'std::rc::Rc',
          description: 'Put the expression into an `Rc`',
          scope: 'expr'
        }
      }
    },
    termSearch: { enable: false, fuel: 1000 }
  },
  disableFixtureSupport: false,
  document: { symbol: { search: { excludeLocals: true } } },
  files: { exclude: [], watcher: 'client' },
  gotoImplementations: { filterAdjacentDerives: false },
  highlightRelated: {
    branchExitPoints: { enable: true },
    breakPoints: { enable: true },
    closureCaptures: { enable: true },
    exitPoints: { enable: true },
    references: { enable: true },
    yieldPoints: { enable: true }
  },
  hover: {
    actions: {
      debug: { enable: true },
      enable: true,
      gotoTypeDef: { enable: true },
      implementations: { enable: true },
      references: { enable: false },
      run: { enable: true },
      updateTest: { enable: true }
    },
    documentation: { enable: true, keywords: { enable: true } },
    dropGlue: { enable: true },
    links: { enable: true },
    maxSubstitutionLength: 20,
    memoryLayout: {
      alignment: 'hexadecimal',
      enable: true,
      niches: false,
      offset: 'hexadecimal',
      padding: null,
      size: 'both'
    },
    show: { enumVariants: 5, fields: 5, traitAssocItems: null }
  },
  imports: {
    granularity: { enforce: false, group: 'crate' },
    group: { enable: true },
    merge: { glob: true },
    preferNoStd: false,
    preferPrelude: false,
    prefix: 'crate',
    prefixExternPrelude: false
  },
  inlayHints: {
    bindingModeHints: { enable: false },
    chainingHints: { enable: true },
    closingBraceHints: { enable: true, minLines: 25 },
    closureCaptureHints: { enable: false },
    closureReturnTypeHints: { enable: 'never' },
    closureStyle: 'impl_fn',
    discriminantHints: { enable: 'never' },
    expressionAdjustmentHints: {
      disableReborrows: true,
      enable: 'never',
      hideOutsideUnsafe: false,
      mode: 'prefix'
    },
    genericParameterHints: {
      const: { enable: true },
      lifetime: { enable: false },
      type: { enable: false }
    },
    implicitDrops: { enable: false },
    implicitSizedBoundHints: { enable: false },
    impliedDynTraitHints: { enable: true },
    lifetimeElisionHints: { enable: 'never', useParameterNames: false },
    maxLength: 25,
    parameterHints: { enable: true, missingArguments: { enable: false } },
    rangeExclusiveHints: { enable: false },
    reborrowHints: { enable: 'never' },
    renderColons: true,
    typeHints: {
      enable: true,
      hideClosureInitialization: false,
      hideClosureParameter: false,
      hideInferredTypes: false,
      hideNamedConstructor: false,
      location: 'inline'
    }
  },
  interpret: { tests: false },
  joinLines: {
    joinAssignments: true,
    joinElseIf: true,
    removeTrailingComma: true,
    unwrapTrivialBlock: true
  },
  lens: {
    debug: { enable: true },
    enable: true,
    implementations: { enable: true },
    location: 'above_name',
    references: {
      adt: { enable: false },
      enumVariant: { enable: false },
      method: { enable: false },
      trait: { enable: false }
    },
    run: { enable: true },
    updateTest: { enable: true }
  },
  linkedProjects: [],
  lru: { capacity: null, query: { capacities: {} } },
  notifications: { cargoTomlNotFound: true },
  numThreads: null,
  procMacro: {
    attributes: { enable: true },
    enable: true,
    ignored: {},
    processes: 1,
    server: null
  },
  profiling: { memoryProfile: null },
  references: { excludeImports: false, excludeTests: false },
  rename: { showConflicts: true },
  rustc: { source: null },
  rustfmt: {
    extraArgs: [],
    overrideCommand: null,
    rangeFormatting: { enable: false }
  },
  semanticHighlighting: {
    comments: { enable: true },
    doc: { comment: { inject: { enable: true } } },
    nonStandardTokens: true,
    operator: { enable: true, specialization: { enable: false } },
    punctuation: {
      enable: false,
      separate: { macro: { bang: false } },
      specialization: { enable: false }
    },
    strings: { enable: true }
  },
  signatureInfo: { detail: 'full', documentation: { enable: true } },
  vfs: { extraIncludes: [] },
  workspace: {
    discoverConfig: null,
    symbol: {
      search: {
        excludeImports: false,
        kind: 'only_types',
        limit: 128,
        scope: 'workspace'
      }
    }
  }
}
2026-04-19 16:59:05.951 [info] Extension version: 0.3.2862
2026-04-19 16:59:05.951 [info] Using configuration {
  restartServerOnConfigChange: false,
  showUnlinkedFileNotification: true,
  showRequestFailedErrorNotification: true,
  showDependenciesExplorer: true,
  showSyntaxTree: false,
  testExplorer: false,
  initializeStopped: false,
  runnables: {
    extraEnv: null,
    problemMatcher: [ '$rustc' ],
    askBeforeUpdateTest: true,
    bench: { command: 'bench', overrideCommand: null },
    command: null,
    doctest: { overrideCommand: null },
    extraArgs: [],
    extraTestBinaryArgs: [ '--nocapture' ],
    test: { command: 'test', overrideCommand: null }
  },
  statusBar: {
    clickAction: 'openLogs',
    showStatusBar: {
      documentSelector: [
        { language: 'rust' },
        { pattern: '**/Cargo.toml' },
        { pattern: '**/Cargo.lock' },
        {
          scheme: 'output',
          pattern: 'extension-output-rust-lang.rust-analyzer*'
        }
      ]
    }
  },
  server: { path: null, extraEnv: null },
  trace: { server: 'off', extension: false },
  debug: {
    engine: 'auto',
    sourceFileMap: {
      '/rustc/<id>': '${env:USERPROFILE}/.rustup/toolchains/<toolchain-id>/lib/rustlib/src/rust'
    },
    buildBeforeRestart: false,
    engineSettings: {}
  },
  typing: { continueCommentsOnNewline: true, triggerChars: '=.' },
  diagnostics: {
    previewRustcOutput: false,
    useRustcErrorCode: false,
    disabled: [],
    enable: true,
    experimental: { enable: false },
    remapPrefix: {},
    styleLints: { enable: false },
    warningsAsHint: [],
    warningsAsInfo: []
  },
  assist: {
    emitMustUse: false,
    expressionFillDefault: 'todo',
    preferSelf: false,
    termSearch: { borrowcheck: true, fuel: 1800 }
  },
  cachePriming: { enable: true, numThreads: 'physical' },
  cargo: {
    allTargets: true,
    autoreload: true,
    buildScripts: {
      enable: true,
      invocationStrategy: 'per_workspace',
      overrideCommand: null,
      rebuildOnSave: true,
      useRustcWrapper: true
    },
    cfgs: [ 'debug_assertions', 'miri' ],
    extraArgs: [],
    extraEnv: {},
    features: [],
    metadataExtraArgs: [],
    noDefaultFeatures: false,
    noDeps: false,
    sysroot: 'discover',
    sysrootSrc: null,
    target: null,
    targetDir: null
  },
  cfg: { setTest: true },
  checkOnSave: true,
  check: {
    allTargets: null,
    command: 'check',
    extraArgs: [],
    extraEnv: {},
    features: null,
    ignore: [],
    invocationStrategy: 'per_workspace',
    noDefaultFeatures: null,
    overrideCommand: null,
    targets: null,
    workspace: true
  },
  completion: {
    addSemicolonToUnit: false,
    autoAwait: { enable: true },
    autoIter: { enable: true },
    autoimport: {
      enable: true,
      exclude: [
        { path: 'core::borrow::Borrow', type: 'methods' },
        { path: 'core::borrow::BorrowMut', type: 'methods' }
      ]
    },
    autoself: { enable: true },
    callable: { snippets: 'fill_arguments' },
    excludeTraits: [],
    fullFunctionSignatures: { enable: false },
    hideDeprecated: false,
    limit: null,
    postfix: { enable: true },
    privateEditable: { enable: false },
    snippets: {
      custom: {
        Ok: {
          postfix: 'ok',
          body: 'Ok(${receiver})',
          description: 'Wrap the expression in a `Result::Ok`',
          scope: 'expr'
        },
        'Box::pin': {
          postfix: 'pinbox',
          body: 'Box::pin(${receiver})',
          requires: 'std::boxed::Box',
          description: 'Put the expression into a pinned `Box`',
          scope: 'expr'
        },
        'Arc::new': {
          postfix: 'arc',
          body: 'Arc::new(${receiver})',
          requires: 'std::sync::Arc',
          description: 'Put the expression into an `Arc`',
          scope: 'expr'
        },
        Some: {
          postfix: 'some',
          body: 'Some(${receiver})',
          description: 'Wrap the expression in an `Option::Some`',
          scope: 'expr'
        },
        Err: {
          postfix: 'err',
          body: 'Err(${receiver})',
          description: 'Wrap the expression in a `Result::Err`',
          scope: 'expr'
        },
        'Rc::new': {
          postfix: 'rc',
          body: 'Rc::new(${receiver})',
          requires: 'std::rc::Rc',
          description: 'Put the expression into an `Rc`',
          scope: 'expr'
        }
      }
    },
    termSearch: { enable: false, fuel: 1000 }
  },
  disableFixtureSupport: false,
  document: { symbol: { search: { excludeLocals: true } } },
  files: { exclude: [], watcher: 'client' },
  gotoImplementations: { filterAdjacentDerives: false },
  highlightRelated: {
    branchExitPoints: { enable: true },
    breakPoints: { enable: true },
    closureCaptures: { enable: true },
    exitPoints: { enable: true },
    references: { enable: true },
    yieldPoints: { enable: true }
  },
  hover: {
    actions: {
      debug: { enable: true },
      enable: true,
      gotoTypeDef: { enable: true },
      implementations: { enable: true },
      references: { enable: false },
      run: { enable: true },
      updateTest: { enable: true }
    },
    documentation: { enable: true, keywords: { enable: true } },
    dropGlue: { enable: true },
    links: { enable: true },
    maxSubstitutionLength: 20,
    memoryLayout: {
      alignment: 'hexadecimal',
      enable: true,
      niches: false,
      offset: 'hexadecimal',
      padding: null,
      size: 'both'
    },
    show: { enumVariants: 5, fields: 5, traitAssocItems: null }
  },
  imports: {
    granularity: { enforce: false, group: 'crate' },
    group: { enable: true },
    merge: { glob: true },
    preferNoStd: false,
    preferPrelude: false,
    prefix: 'crate',
    prefixExternPrelude: false
  },
  inlayHints: {
    bindingModeHints: { enable: false },
    chainingHints: { enable: true },
    closingBraceHints: { enable: true, minLines: 25 },
    closureCaptureHints: { enable: false },
    closureReturnTypeHints: { enable: 'never' },
    closureStyle: 'impl_fn',
    discriminantHints: { enable: 'never' },
    expressionAdjustmentHints: {
      disableReborrows: true,
      enable: 'never',
      hideOutsideUnsafe: false,
      mode: 'prefix'
    },
    genericParameterHints: {
      const: { enable: true },
      lifetime: { enable: false },
      type: { enable: false }
    },
    implicitDrops: { enable: false },
    implicitSizedBoundHints: { enable: false },
    impliedDynTraitHints: { enable: true },
    lifetimeElisionHints: { enable: 'never', useParameterNames: false },
    maxLength: 25,
    parameterHints: { enable: true, missingArguments: { enable: false } },
    rangeExclusiveHints: { enable: false },
    reborrowHints: { enable: 'never' },
    renderColons: true,
    typeHints: {
      enable: true,
      hideClosureInitialization: false,
      hideClosureParameter: false,
      hideInferredTypes: false,
      hideNamedConstructor: false,
      location: 'inline'
    }
  },
  interpret: { tests: false },
  joinLines: {
    joinAssignments: true,
    joinElseIf: true,
    removeTrailingComma: true,
    unwrapTrivialBlock: true
  },
  lens: {
    debug: { enable: true },
    enable: true,
    implementations: { enable: true },
    location: 'above_name',
    references: {
      adt: { enable: false },
      enumVariant: { enable: false },
      method: { enable: false },
      trait: { enable: false }
    },
    run: { enable: true },
    updateTest: { enable: true }
  },
  linkedProjects: [],
  lru: { capacity: null, query: { capacities: {} } },
  notifications: { cargoTomlNotFound: true },
  numThreads: null,
  procMacro: {
    attributes: { enable: true },
    enable: true,
    ignored: {},
    processes: 1,
    server: null
  },
  profiling: { memoryProfile: null },
  references: { excludeImports: false, excludeTests: false },
  rename: { showConflicts: true },
  rustc: { source: null },
  rustfmt: {
    extraArgs: [],
    overrideCommand: null,
    rangeFormatting: { enable: false }
  },
  semanticHighlighting: {
    comments: { enable: true },
    doc: { comment: { inject: { enable: true } } },
    nonStandardTokens: true,
    operator: { enable: true, specialization: { enable: false } },
    punctuation: {
      enable: false,
      separate: { macro: { bang: false } },
      specialization: { enable: false }
    },
    strings: { enable: true }
  },
  signatureInfo: { detail: 'full', documentation: { enable: true } },
  vfs: { extraIncludes: [] },
  workspace: {
    discoverConfig: null,
    symbol: {
      search: {
        excludeImports: false,
        kind: 'only_types',
        limit: 128,
        scope: 'workspace'
      }
    }
  }
}
2026-04-19 16:59:06.543 [info] Extension version: 0.3.2862
2026-04-19 16:59:06.543 [info] Using configuration {
  restartServerOnConfigChange: false,
  showUnlinkedFileNotification: true,
  showRequestFailedErrorNotification: true,
  showDependenciesExplorer: true,
  showSyntaxTree: false,
  testExplorer: false,
  initializeStopped: false,
  runnables: {
    extraEnv: null,
    problemMatcher: [ '$rustc' ],
    askBeforeUpdateTest: true,
    bench: { command: 'bench', overrideCommand: null },
    command: null,
    doctest: { overrideCommand: null },
    extraArgs: [],
    extraTestBinaryArgs: [ '--nocapture' ],
    test: { command: 'test', overrideCommand: null }
  },
  statusBar: {
    clickAction: 'openLogs',
    showStatusBar: {
      documentSelector: [
        { language: 'rust' },
        { pattern: '**/Cargo.toml' },
        { pattern: '**/Cargo.lock' },
        {
          scheme: 'output',
          pattern: 'extension-output-rust-lang.rust-analyzer*'
        }
      ]
    }
  },
  server: { path: null, extraEnv: null },
  trace: { server: 'off', extension: false },
  debug: {
    engine: 'auto',
    sourceFileMap: {
      '/rustc/<id>': '${env:USERPROFILE}/.rustup/toolchains/<toolchain-id>/lib/rustlib/src/rust'
    },
    buildBeforeRestart: false,
    engineSettings: {}
  },
  typing: { continueCommentsOnNewline: true, triggerChars: '=.' },
  diagnostics: {
    previewRustcOutput: false,
    useRustcErrorCode: false,
    disabled: [],
    enable: true,
    experimental: { enable: false },
    remapPrefix: {},
    styleLints: { enable: false },
    warningsAsHint: [],
    warningsAsInfo: []
  },
  assist: {
    emitMustUse: false,
    expressionFillDefault: 'todo',
    preferSelf: false,
    termSearch: { borrowcheck: true, fuel: 1800 }
  },
  cachePriming: { enable: true, numThreads: 'physical' },
  cargo: {
    allTargets: true,
    autoreload: true,
    buildScripts: {
      enable: true,
      invocationStrategy: 'per_workspace',
      overrideCommand: null,
      rebuildOnSave: true,
      useRustcWrapper: true
    },
    cfgs: [ 'debug_assertions', 'miri' ],
    extraArgs: [],
    extraEnv: {},
    features: [],
    metadataExtraArgs: [],
    noDefaultFeatures: false,
    noDeps: false,
    sysroot: 'discover',
    sysrootSrc: null,
    target: null,
    targetDir: null
  },
  cfg: { setTest: true },
  checkOnSave: true,
  check: {
    allTargets: null,
    command: 'check',
    extraArgs: [],
    extraEnv: {},
    features: null,
    ignore: [],
    invocationStrategy: 'per_workspace',
    noDefaultFeatures: null,
    overrideCommand: null,
    targets: null,
    workspace: true
  },
  completion: {
    addSemicolonToUnit: false,
    autoAwait: { enable: true },
    autoIter: { enable: true },
    autoimport: {
      enable: true,
      exclude: [
        { path: 'core::borrow::Borrow', type: 'methods' },
        { path: 'core::borrow::BorrowMut', type: 'methods' }
      ]
    },
    autoself: { enable: true },
    callable: { snippets: 'fill_arguments' },
    excludeTraits: [],
    fullFunctionSignatures: { enable: false },
    hideDeprecated: false,
    limit: null,
    postfix: { enable: true },
    privateEditable: { enable: false },
    snippets: {
      custom: {
        Ok: {
          postfix: 'ok',
          body: 'Ok(${receiver})',
          description: 'Wrap the expression in a `Result::Ok`',
          scope: 'expr'
        },
        'Box::pin': {
          postfix: 'pinbox',
          body: 'Box::pin(${receiver})',
          requires: 'std::boxed::Box',
          description: 'Put the expression into a pinned `Box`',
          scope: 'expr'
        },
        'Arc::new': {
          postfix: 'arc',
          body: 'Arc::new(${receiver})',
          requires: 'std::sync::Arc',
          description: 'Put the expression into an `Arc`',
          scope: 'expr'
        },
        Some: {
          postfix: 'some',
          body: 'Some(${receiver})',
          description: 'Wrap the expression in an `Option::Some`',
          scope: 'expr'
        },
        Err: {
          postfix: 'err',
          body: 'Err(${receiver})',
          description: 'Wrap the expression in a `Result::Err`',
          scope: 'expr'
        },
        'Rc::new': {
          postfix: 'rc',
          body: 'Rc::new(${receiver})',
          requires: 'std::rc::Rc',
          description: 'Put the expression into an `Rc`',
          scope: 'expr'
        }
      }
    },
    termSearch: { enable: false, fuel: 1000 }
  },
  disableFixtureSupport: false,
  document: { symbol: { search: { excludeLocals: true } } },
  files: { exclude: [], watcher: 'client' },
  gotoImplementations: { filterAdjacentDerives: false },
  highlightRelated: {
    branchExitPoints: { enable: true },
    breakPoints: { enable: true },
    closureCaptures: { enable: true },
    exitPoints: { enable: true },
    references: { enable: true },
    yieldPoints: { enable: true }
  },
  hover: {
    actions: {
      debug: { enable: true },
      enable: true,
      gotoTypeDef: { enable: true },
      implementations: { enable: true },
      references: { enable: false },
      run: { enable: true },
      updateTest: { enable: true }
    },
    documentation: { enable: true, keywords: { enable: true } },
    dropGlue: { enable: true },
    links: { enable: true },
    maxSubstitutionLength: 20,
    memoryLayout: {
      alignment: 'hexadecimal',
      enable: true,
      niches: false,
      offset: 'hexadecimal',
      padding: null,
      size: 'both'
    },
    show: { enumVariants: 5, fields: 5, traitAssocItems: null }
  },
  imports: {
    granularity: { enforce: false, group: 'crate' },
    group: { enable: true },
    merge: { glob: true },
    preferNoStd: false,
    preferPrelude: false,
    prefix: 'crate',
    prefixExternPrelude: false
  },
  inlayHints: {
    bindingModeHints: { enable: false },
    chainingHints: { enable: true },
    closingBraceHints: { enable: true, minLines: 25 },
    closureCaptureHints: { enable: false },
    closureReturnTypeHints: { enable: 'never' },
    closureStyle: 'impl_fn',
    discriminantHints: { enable: 'never' },
    expressionAdjustmentHints: {
      disableReborrows: true,
      enable: 'never',
      hideOutsideUnsafe: false,
      mode: 'prefix'
    },
    genericParameterHints: {
      const: { enable: true },
      lifetime: { enable: false },
      type: { enable: false }
    },
    implicitDrops: { enable: false },
    implicitSizedBoundHints: { enable: false },
    impliedDynTraitHints: { enable: true },
    lifetimeElisionHints: { enable: 'never', useParameterNames: false },
    maxLength: 25,
    parameterHints: { enable: true, missingArguments: { enable: false } },
    rangeExclusiveHints: { enable: false },
    reborrowHints: { enable: 'never' },
    renderColons: true,
    typeHints: {
      enable: true,
      hideClosureInitialization: false,
      hideClosureParameter: false,
      hideInferredTypes: false,
      hideNamedConstructor: false,
      location: 'inline'
    }
  },
  interpret: { tests: false },
  joinLines: {
    joinAssignments: true,
    joinElseIf: true,
    removeTrailingComma: true,
    unwrapTrivialBlock: true
  },
  lens: {
    debug: { enable: true },
    enable: true,
    implementations: { enable: true },
    location: 'above_name',
    references: {
      adt: { enable: false },
      enumVariant: { enable: false },
      method: { enable: false },
      trait: { enable: false }
    },
    run: { enable: true },
    updateTest: { enable: true }
  },
  linkedProjects: [],
  lru: { capacity: null, query: { capacities: {} } },
  notifications: { cargoTomlNotFound: true },
  numThreads: null,
  procMacro: {
    attributes: { enable: true },
    enable: true,
    ignored: {},
    processes: 1,
    server: null
  },
  profiling: { memoryProfile: null },
  references: { excludeImports: false, excludeTests: false },
  rename: { showConflicts: true },
  rustc: { source: null },
  rustfmt: {
    extraArgs: [],
    overrideCommand: null,
    rangeFormatting: { enable: false }
  },
  semanticHighlighting: {
    comments: { enable: true },
    doc: { comment: { inject: { enable: true } } },
    nonStandardTokens: true,
    operator: { enable: true, specialization: { enable: false } },
    punctuation: {
      enable: false,
      separate: { macro: { bang: false } },
      specialization: { enable: false }
    },
    strings: { enable: true }
  },
  signatureInfo: { detail: 'full', documentation: { enable: true } },
  vfs: { extraIncludes: [] },
  workspace: {
    discoverConfig: null,
    symbol: {
      search: {
        excludeImports: false,
        kind: 'only_types',
        limit: 128,
        scope: 'workspace'
      }
    }
  }
}
2026-04-19 18:12:01.941 [info] Extension version: 0.3.2862
2026-04-19 18:12:01.942 [info] Using configuration {
  restartServerOnConfigChange: false,
  showUnlinkedFileNotification: true,
  showRequestFailedErrorNotification: true,
  showDependenciesExplorer: true,
  showSyntaxTree: false,
  testExplorer: false,
  initializeStopped: false,
  runnables: {
    extraEnv: null,
    problemMatcher: [ '$rustc' ],
    askBeforeUpdateTest: true,
    bench: { command: 'bench', overrideCommand: null },
    command: null,
    doctest: { overrideCommand: null },
    extraArgs: [],
    extraTestBinaryArgs: [ '--nocapture' ],
    test: { command: 'test', overrideCommand: null }
  },
  statusBar: {
    clickAction: 'openLogs',
    showStatusBar: {
      documentSelector: [
        { language: 'rust' },
        { pattern: '**/Cargo.toml' },
        { pattern: '**/Cargo.lock' },
        {
          scheme: 'output',
          pattern: 'extension-output-rust-lang.rust-analyzer*'
        }
      ]
    }
  },
  server: { path: null, extraEnv: null },
  trace: { server: 'off', extension: false },
  debug: {
    engine: 'auto',
    sourceFileMap: {
      '/rustc/<id>': '${env:USERPROFILE}/.rustup/toolchains/<toolchain-id>/lib/rustlib/src/rust'
    },
    buildBeforeRestart: false,
    engineSettings: {}
  },
  typing: { continueCommentsOnNewline: true, triggerChars: '=.' },
  diagnostics: {
    previewRustcOutput: false,
    useRustcErrorCode: false,
    disabled: [],
    enable: true,
    experimental: { enable: false },
    remapPrefix: {},
    styleLints: { enable: false },
    warningsAsHint: [],
    warningsAsInfo: []
  },
  assist: {
    emitMustUse: false,
    expressionFillDefault: 'todo',
    preferSelf: false,
    termSearch: { borrowcheck: true, fuel: 1800 }
  },
  cachePriming: { enable: true, numThreads: 'physical' },
  cargo: {
    allTargets: true,
    autoreload: true,
    buildScripts: {
      enable: true,
      invocationStrategy: 'per_workspace',
      overrideCommand: null,
      rebuildOnSave: true,
      useRustcWrapper: true
    },
    cfgs: [ 'debug_assertions', 'miri' ],
    extraArgs: [],
    extraEnv: {},
    features: [],
    metadataExtraArgs: [],
    noDefaultFeatures: false,
    noDeps: false,
    sysroot: 'discover',
    sysrootSrc: null,
    target: null,
    targetDir: null
  },
  cfg: { setTest: true },
  checkOnSave: true,
  check: {
    allTargets: null,
    command: 'check',
    extraArgs: [],
    extraEnv: {},
    features: null,
    ignore: [],
    invocationStrategy: 'per_workspace',
    noDefaultFeatures: null,
    overrideCommand: null,
    targets: null,
    workspace: true
  },
  completion: {
    addSemicolonToUnit: false,
    autoAwait: { enable: true },
    autoIter: { enable: true },
    autoimport: {
      enable: true,
      exclude: [
        { path: 'core::borrow::Borrow', type: 'methods' },
        { path: 'core::borrow::BorrowMut', type: 'methods' }
      ]
    },
    autoself: { enable: true },
    callable: { snippets: 'fill_arguments' },
    excludeTraits: [],
    fullFunctionSignatures: { enable: false },
    hideDeprecated: false,
    limit: null,
    postfix: { enable: true },
    privateEditable: { enable: false },
    snippets: {
      custom: {
        Ok: {
          postfix: 'ok',
          body: 'Ok(${receiver})',
          description: 'Wrap the expression in a `Result::Ok`',
          scope: 'expr'
        },
        'Box::pin': {
          postfix: 'pinbox',
          body: 'Box::pin(${receiver})',
          requires: 'std::boxed::Box',
          description: 'Put the expression into a pinned `Box`',
          scope: 'expr'
        },
        'Arc::new': {
          postfix: 'arc',
          body: 'Arc::new(${receiver})',
          requires: 'std::sync::Arc',
          description: 'Put the expression into an `Arc`',
          scope: 'expr'
        },
        Some: {
          postfix: 'some',
          body: 'Some(${receiver})',
          description: 'Wrap the expression in an `Option::Some`',
          scope: 'expr'
        },
        Err: {
          postfix: 'err',
          body: 'Err(${receiver})',
          description: 'Wrap the expression in a `Result::Err`',
          scope: 'expr'
        },
        'Rc::new': {
          postfix: 'rc',
          body: 'Rc::new(${receiver})',
          requires: 'std::rc::Rc',
          description: 'Put the expression into an `Rc`',
          scope: 'expr'
        }
      }
    },
    termSearch: { enable: false, fuel: 1000 }
  },
  disableFixtureSupport: false,
  document: { symbol: { search: { excludeLocals: true } } },
  files: { exclude: [], watcher: 'client' },
  gotoImplementations: { filterAdjacentDerives: false },
  highlightRelated: {
    branchExitPoints: { enable: true },
    breakPoints: { enable: true },
    closureCaptures: { enable: true },
    exitPoints: { enable: true },
    references: { enable: true },
    yieldPoints: { enable: true }
  },
  hover: {
    actions: {
      debug: { enable: true },
      enable: true,
      gotoTypeDef: { enable: true },
      implementations: { enable: true },
      references: { enable: false },
      run: { enable: true },
      updateTest: { enable: true }
    },
    documentation: { enable: true, keywords: { enable: true } },
    dropGlue: { enable: true },
    links: { enable: true },
    maxSubstitutionLength: 20,
    memoryLayout: {
      alignment: 'hexadecimal',
      enable: true,
      niches: false,
      offset: 'hexadecimal',
      padding: null,
      size: 'both'
    },
    show: { enumVariants: 5, fields: 5, traitAssocItems: null }
  },
  imports: {
    granularity: { enforce: false, group: 'crate' },
    group: { enable: true },
    merge: { glob: true },
    preferNoStd: false,
    preferPrelude: false,
    prefix: 'crate',
    prefixExternPrelude: false
  },
  inlayHints: {
    bindingModeHints: { enable: false },
    chainingHints: { enable: true },
    closingBraceHints: { enable: true, minLines: 25 },
    closureCaptureHints: { enable: false },
    closureReturnTypeHints: { enable: 'never' },
    closureStyle: 'impl_fn',
    discriminantHints: { enable: 'never' },
    expressionAdjustmentHints: {
      disableReborrows: true,
      enable: 'never',
      hideOutsideUnsafe: false,
      mode: 'prefix'
    },
    genericParameterHints: {
      const: { enable: true },
      lifetime: { enable: false },
      type: { enable: false }
    },
    implicitDrops: { enable: false },
    implicitSizedBoundHints: { enable: false },
    impliedDynTraitHints: { enable: true },
    lifetimeElisionHints: { enable: 'never', useParameterNames: false },
    maxLength: 25,
    parameterHints: { enable: true, missingArguments: { enable: false } },
    rangeExclusiveHints: { enable: false },
    reborrowHints: { enable: 'never' },
    renderColons: true,
    typeHints: {
      enable: true,
      hideClosureInitialization: false,
      hideClosureParameter: false,
      hideInferredTypes: false,
      hideNamedConstructor: false,
      location: 'inline'
    }
  },
  interpret: { tests: false },
  joinLines: {
    joinAssignments: true,
    joinElseIf: true,
    removeTrailingComma: true,
    unwrapTrivialBlock: true
  },
  lens: {
    debug: { enable: true },
    enable: true,
    implementations: { enable: true },
    location: 'above_name',
    references: {
      adt: { enable: false },
      enumVariant: { enable: false },
      method: { enable: false },
      trait: { enable: false }
    },
    run: { enable: true },
    updateTest: { enable: true }
  },
  linkedProjects: [],
  lru: { capacity: null, query: { capacities: {} } },
  notifications: { cargoTomlNotFound: true },
  numThreads: null,
  procMacro: {
    attributes: { enable: true },
    enable: true,
    ignored: {},
    processes: 1,
    server: null
  },
  profiling: { memoryProfile: null },
  references: { excludeImports: false, excludeTests: false },
  rename: { showConflicts: true },
  rustc: { source: null },
  rustfmt: {
    extraArgs: [],
    overrideCommand: null,
    rangeFormatting: { enable: false }
  },
  semanticHighlighting: {
    comments: { enable: true },
    doc: { comment: { inject: { enable: true } } },
    nonStandardTokens: true,
    operator: { enable: true, specialization: { enable: false } },
    punctuation: {
      enable: false,
      separate: { macro: { bang: false } },
      specialization: { enable: false }
    },
    strings: { enable: true }
  },
  signatureInfo: { detail: 'full', documentation: { enable: true } },
  vfs: { extraIncludes: [] },
  workspace: {
    discoverConfig: null,
    symbol: {
      search: {
        excludeImports: false,
        kind: 'only_types',
        limit: 128,
        scope: 'workspace'
      }
    }
  }
}
2026-04-19 23:24:52.754 [info] Extension version: 0.3.2862
2026-04-19 23:24:52.754 [info] Using configuration {
  restartServerOnConfigChange: false,
  showUnlinkedFileNotification: true,
  showRequestFailedErrorNotification: true,
  showDependenciesExplorer: true,
  showSyntaxTree: false,
  testExplorer: false,
  initializeStopped: false,
  runnables: {
    extraEnv: null,
    problemMatcher: [ '$rustc' ],
    askBeforeUpdateTest: true,
    bench: { command: 'bench', overrideCommand: null },
    command: null,
    doctest: { overrideCommand: null },
    extraArgs: [],
    extraTestBinaryArgs: [ '--nocapture' ],
    test: { command: 'test', overrideCommand: null }
  },
  statusBar: {
    clickAction: 'openLogs',
    showStatusBar: {
      documentSelector: [
        { language: 'rust' },
        { pattern: '**/Cargo.toml' },
        { pattern: '**/Cargo.lock' },
        {
          scheme: 'output',
          pattern: 'extension-output-rust-lang.rust-analyzer*'
        }
      ]
    }
  },
  server: { path: null, extraEnv: null },
  trace: { server: 'off', extension: false },
  debug: {
    engine: 'auto',
    sourceFileMap: {
      '/rustc/<id>': '${env:USERPROFILE}/.rustup/toolchains/<toolchain-id>/lib/rustlib/src/rust'
    },
    buildBeforeRestart: false,
    engineSettings: {}
  },
  typing: { continueCommentsOnNewline: true, triggerChars: '=.' },
  diagnostics: {
    previewRustcOutput: false,
    useRustcErrorCode: false,
    disabled: [],
    enable: true,
    experimental: { enable: false },
    remapPrefix: {},
    styleLints: { enable: false },
    warningsAsHint: [],
    warningsAsInfo: []
  },
  assist: {
    emitMustUse: false,
    expressionFillDefault: 'todo',
    preferSelf: false,
    termSearch: { borrowcheck: true, fuel: 1800 }
  },
  cachePriming: { enable: true, numThreads: 'physical' },
  cargo: {
    allTargets: true,
    autoreload: true,
    buildScripts: {
      enable: true,
      invocationStrategy: 'per_workspace',
      overrideCommand: null,
      rebuildOnSave: true,
      useRustcWrapper: true
    },
    cfgs: [ 'debug_assertions', 'miri' ],
    extraArgs: [],
    extraEnv: {},
    features: [],
    metadataExtraArgs: [],
    noDefaultFeatures: false,
    noDeps: false,
    sysroot: 'discover',
    sysrootSrc: null,
    target: null,
    targetDir: null
  },
  cfg: { setTest: true },
  checkOnSave: true,
  check: {
    allTargets: null,
    command: 'check',
    extraArgs: [],
    extraEnv: {},
    features: null,
    ignore: [],
    invocationStrategy: 'per_workspace',
    noDefaultFeatures: null,
    overrideCommand: null,
    targets: null,
    workspace: true
  },
  completion: {
    addSemicolonToUnit: false,
    autoAwait: { enable: true },
    autoIter: { enable: true },
    autoimport: {
      enable: true,
      exclude: [
        { path: 'core::borrow::Borrow', type: 'methods' },
        { path: 'core::borrow::BorrowMut', type: 'methods' }
      ]
    },
    autoself: { enable: true },
    callable: { snippets: 'fill_arguments' },
    excludeTraits: [],
    fullFunctionSignatures: { enable: false },
    hideDeprecated: false,
    limit: null,
    postfix: { enable: true },
    privateEditable: { enable: false },
    snippets: {
      custom: {
        Ok: {
          postfix: 'ok',
          body: 'Ok(${receiver})',
          description: 'Wrap the expression in a `Result::Ok`',
          scope: 'expr'
        },
        'Box::pin': {
          postfix: 'pinbox',
          body: 'Box::pin(${receiver})',
          requires: 'std::boxed::Box',
          description: 'Put the expression into a pinned `Box`',
          scope: 'expr'
        },
        'Arc::new': {
          postfix: 'arc',
          body: 'Arc::new(${receiver})',
          requires: 'std::sync::Arc',
          description: 'Put the expression into an `Arc`',
          scope: 'expr'
        },
        Some: {
          postfix: 'some',
          body: 'Some(${receiver})',
          description: 'Wrap the expression in an `Option::Some`',
          scope: 'expr'
        },
        Err: {
          postfix: 'err',
          body: 'Err(${receiver})',
          description: 'Wrap the expression in a `Result::Err`',
          scope: 'expr'
        },
        'Rc::new': {
          postfix: 'rc',
          body: 'Rc::new(${receiver})',
          requires: 'std::rc::Rc',
          description: 'Put the expression into an `Rc`',
          scope: 'expr'
        }
      }
    },
    termSearch: { enable: false, fuel: 1000 }
  },
  disableFixtureSupport: false,
  document: { symbol: { search: { excludeLocals: true } } },
  files: { exclude: [], watcher: 'client' },
  gotoImplementations: { filterAdjacentDerives: false },
  highlightRelated: {
    branchExitPoints: { enable: true },
    breakPoints: { enable: true },
    closureCaptures: { enable: true },
    exitPoints: { enable: true },
    references: { enable: true },
    yieldPoints: { enable: true }
  },
  hover: {
    actions: {
      debug: { enable: true },
      enable: true,
      gotoTypeDef: { enable: true },
      implementations: { enable: true },
      references: { enable: false },
      run: { enable: true },
      updateTest: { enable: true }
    },
    documentation: { enable: true, keywords: { enable: true } },
    dropGlue: { enable: true },
    links: { enable: true },
    maxSubstitutionLength: 20,
    memoryLayout: {
      alignment: 'hexadecimal',
      enable: true,
      niches: false,
      offset: 'hexadecimal',
      padding: null,
      size: 'both'
    },
    show: { enumVariants: 5, fields: 5, traitAssocItems: null }
  },
  imports: {
    granularity: { enforce: false, group: 'crate' },
    group: { enable: true },
    merge: { glob: true },
    preferNoStd: false,
    preferPrelude: false,
    prefix: 'crate',
    prefixExternPrelude: false
  },
  inlayHints: {
    bindingModeHints: { enable: false },
    chainingHints: { enable: true },
    closingBraceHints: { enable: true, minLines: 25 },
    closureCaptureHints: { enable: false },
    closureReturnTypeHints: { enable: 'never' },
    closureStyle: 'impl_fn',
    discriminantHints: { enable: 'never' },
    expressionAdjustmentHints: {
      disableReborrows: true,
      enable: 'never',
      hideOutsideUnsafe: false,
      mode: 'prefix'
    },
    genericParameterHints: {
      const: { enable: true },
      lifetime: { enable: false },
      type: { enable: false }
    },
    implicitDrops: { enable: false },
    implicitSizedBoundHints: { enable: false },
    impliedDynTraitHints: { enable: true },
    lifetimeElisionHints: { enable: 'never', useParameterNames: false },
    maxLength: 25,
    parameterHints: { enable: true, missingArguments: { enable: false } },
    rangeExclusiveHints: { enable: false },
    reborrowHints: { enable: 'never' },
    renderColons: true,
    typeHints: {
      enable: true,
      hideClosureInitialization: false,
      hideClosureParameter: false,
      hideInferredTypes: false,
      hideNamedConstructor: false,
      location: 'inline'
    }
  },
  interpret: { tests: false },
  joinLines: {
    joinAssignments: true,
    joinElseIf: true,
    removeTrailingComma: true,
    unwrapTrivialBlock: true
  },
  lens: {
    debug: { enable: true },
    enable: true,
    implementations: { enable: true },
    location: 'above_name',
    references: {
      adt: { enable: false },
      enumVariant: { enable: false },
      method: { enable: false },
      trait: { enable: false }
    },
    run: { enable: true },
    updateTest: { enable: true }
  },
  linkedProjects: [],
  lru: { capacity: null, query: { capacities: {} } },
  notifications: { cargoTomlNotFound: true },
  numThreads: null,
  procMacro: {
    attributes: { enable: true },
    enable: true,
    ignored: {},
    processes: 1,
    server: null
  },
  profiling: { memoryProfile: null },
  references: { excludeImports: false, excludeTests: false },
  rename: { showConflicts: true },
  rustc: { source: null },
  rustfmt: {
    extraArgs: [],
    overrideCommand: null,
    rangeFormatting: { enable: false }
  },
  semanticHighlighting: {
    comments: { enable: true },
    doc: { comment: { inject: { enable: true } } },
    nonStandardTokens: true,
    operator: { enable: true, specialization: { enable: false } },
    punctuation: {
      enable: false,
      separate: { macro: { bang: false } },
      specialization: { enable: false }
    },
    strings: { enable: true }
  },
  signatureInfo: { detail: 'full', documentation: { enable: true } },
  vfs: { extraIncludes: [] },
  workspace: {
    discoverConfig: null,
    symbol: {
      search: {
        excludeImports: false,
        kind: 'only_types',
        limit: 128,
        scope: 'workspace'
      }
    }
  }
}
2026-04-19 23:26:58.172 [info] Extension version: 0.3.2862
2026-04-19 23:26:58.172 [info] Using configuration {
  restartServerOnConfigChange: false,
  showUnlinkedFileNotification: true,
  showRequestFailedErrorNotification: true,
  showDependenciesExplorer: true,
  showSyntaxTree: false,
  testExplorer: false,
  initializeStopped: false,
  runnables: {
    extraEnv: null,
    problemMatcher: [ '$rustc' ],
    askBeforeUpdateTest: true,
    bench: { command: 'bench', overrideCommand: null },
    command: null,
    doctest: { overrideCommand: null },
    extraArgs: [],
    extraTestBinaryArgs: [ '--nocapture' ],
    test: { command: 'test', overrideCommand: null }
  },
  statusBar: {
    clickAction: 'openLogs',
    showStatusBar: {
      documentSelector: [
        { language: 'rust' },
        { pattern: '**/Cargo.toml' },
        { pattern: '**/Cargo.lock' },
        {
          scheme: 'output',
          pattern: 'extension-output-rust-lang.rust-analyzer*'
        }
      ]
    }
  },
  server: { path: null, extraEnv: null },
  trace: { server: 'off', extension: false },
  debug: {
    engine: 'auto',
    sourceFileMap: {
      '/rustc/<id>': '${env:USERPROFILE}/.rustup/toolchains/<toolchain-id>/lib/rustlib/src/rust'
    },
    buildBeforeRestart: false,
    engineSettings: {}
  },
  typing: { continueCommentsOnNewline: true, triggerChars: '=.' },
  diagnostics: {
    previewRustcOutput: false,
    useRustcErrorCode: false,
    disabled: [],
    enable: true,
    experimental: { enable: false },
    remapPrefix: {},
    styleLints: { enable: false },
    warningsAsHint: [],
    warningsAsInfo: []
  },
  assist: {
    emitMustUse: false,
    expressionFillDefault: 'todo',
    preferSelf: false,
    termSearch: { borrowcheck: true, fuel: 1800 }
  },
  cachePriming: { enable: true, numThreads: 'physical' },
  cargo: {
    allTargets: true,
    autoreload: true,
    buildScripts: {
      enable: true,
      invocationStrategy: 'per_workspace',
      overrideCommand: null,
      rebuildOnSave: true,
      useRustcWrapper: true
    },
    cfgs: [ 'debug_assertions', 'miri' ],
    extraArgs: [],
    extraEnv: {},
    features: [],
    metadataExtraArgs: [],
    noDefaultFeatures: false,
    noDeps: false,
    sysroot: 'discover',
    sysrootSrc: null,
    target: null,
    targetDir: null
  },
  cfg: { setTest: true },
  checkOnSave: true,
  check: {
    allTargets: null,
    command: 'check',
    extraArgs: [],
    extraEnv: {},
    features: null,
    ignore: [],
    invocationStrategy: 'per_workspace',
    noDefaultFeatures: null,
    overrideCommand: null,
    targets: null,
    workspace: true
  },
  completion: {
    addSemicolonToUnit: false,
    autoAwait: { enable: true },
    autoIter: { enable: true },
    autoimport: {
      enable: true,
      exclude: [
        { path: 'core::borrow::Borrow', type: 'methods' },
        { path: 'core::borrow::BorrowMut', type: 'methods' }
      ]
    },
    autoself: { enable: true },
    callable: { snippets: 'fill_arguments' },
    excludeTraits: [],
    fullFunctionSignatures: { enable: false },
    hideDeprecated: false,
    limit: null,
    postfix: { enable: true },
    privateEditable: { enable: false },
    snippets: {
      custom: {
        Ok: {
          postfix: 'ok',
          body: 'Ok(${receiver})',
          description: 'Wrap the expression in a `Result::Ok`',
          scope: 'expr'
        },
        'Box::pin': {
          postfix: 'pinbox',
          body: 'Box::pin(${receiver})',
          requires: 'std::boxed::Box',
          description: 'Put the expression into a pinned `Box`',
          scope: 'expr'
        },
        'Arc::new': {
          postfix: 'arc',
          body: 'Arc::new(${receiver})',
          requires: 'std::sync::Arc',
          description: 'Put the expression into an `Arc`',
          scope: 'expr'
        },
        Some: {
          postfix: 'some',
          body: 'Some(${receiver})',
          description: 'Wrap the expression in an `Option::Some`',
          scope: 'expr'
        },
        Err: {
          postfix: 'err',
          body: 'Err(${receiver})',
          description: 'Wrap the expression in a `Result::Err`',
          scope: 'expr'
        },
        'Rc::new': {
          postfix: 'rc',
          body: 'Rc::new(${receiver})',
          requires: 'std::rc::Rc',
          description: 'Put the expression into an `Rc`',
          scope: 'expr'
        }
      }
    },
    termSearch: { enable: false, fuel: 1000 }
  },
  disableFixtureSupport: false,
  document: { symbol: { search: { excludeLocals: true } } },
  files: { exclude: [], watcher: 'client' },
  gotoImplementations: { filterAdjacentDerives: false },
  highlightRelated: {
    branchExitPoints: { enable: true },
    breakPoints: { enable: true },
    closureCaptures: { enable: true },
    exitPoints: { enable: true },
    references: { enable: true },
    yieldPoints: { enable: true }
  },
  hover: {
    actions: {
      debug: { enable: true },
      enable: true,
      gotoTypeDef: { enable: true },
      implementations: { enable: true },
      references: { enable: false },
      run: { enable: true },
      updateTest: { enable: true }
    },
    documentation: { enable: true, keywords: { enable: true } },
    dropGlue: { enable: true },
    links: { enable: true },
    maxSubstitutionLength: 20,
    memoryLayout: {
      alignment: 'hexadecimal',
      enable: true,
      niches: false,
      offset: 'hexadecimal',
      padding: null,
      size: 'both'
    },
    show: { enumVariants: 5, fields: 5, traitAssocItems: null }
  },
  imports: {
    granularity: { enforce: false, group: 'crate' },
    group: { enable: true },
    merge: { glob: true },
    preferNoStd: false,
    preferPrelude: false,
    prefix: 'crate',
    prefixExternPrelude: false
  },
  inlayHints: {
    bindingModeHints: { enable: false },
    chainingHints: { enable: true },
    closingBraceHints: { enable: true, minLines: 25 },
    closureCaptureHints: { enable: false },
    closureReturnTypeHints: { enable: 'never' },
    closureStyle: 'impl_fn',
    discriminantHints: { enable: 'never' },
    expressionAdjustmentHints: {
      disableReborrows: true,
      enable: 'never',
      hideOutsideUnsafe: false,
      mode: 'prefix'
    },
    genericParameterHints: {
      const: { enable: true },
      lifetime: { enable: false },
      type: { enable: false }
    },
    implicitDrops: { enable: false },
    implicitSizedBoundHints: { enable: false },
    impliedDynTraitHints: { enable: true },
    lifetimeElisionHints: { enable: 'never', useParameterNames: false },
    maxLength: 25,
    parameterHints: { enable: true, missingArguments: { enable: false } },
    rangeExclusiveHints: { enable: false },
    reborrowHints: { enable: 'never' },
    renderColons: true,
    typeHints: {
      enable: true,
      hideClosureInitialization: false,
      hideClosureParameter: false,
      hideInferredTypes: false,
      hideNamedConstructor: false,
      location: 'inline'
    }
  },
  interpret: { tests: false },
  joinLines: {
    joinAssignments: true,
    joinElseIf: true,
    removeTrailingComma: true,
    unwrapTrivialBlock: true
  },
  lens: {
    debug: { enable: true },
    enable: true,
    implementations: { enable: true },
    location: 'above_name',
    references: {
      adt: { enable: false },
      enumVariant: { enable: false },
      method: { enable: false },
      trait: { enable: false }
    },
    run: { enable: true },
    updateTest: { enable: true }
  },
  linkedProjects: [],
  lru: { capacity: null, query: { capacities: {} } },
  notifications: { cargoTomlNotFound: true },
  numThreads: null,
  procMacro: {
    attributes: { enable: true },
    enable: true,
    ignored: {},
    processes: 1,
    server: null
  },
  profiling: { memoryProfile: null },
  references: { excludeImports: false, excludeTests: false },
  rename: { showConflicts: true },
  rustc: { source: null },
  rustfmt: {
    extraArgs: [],
    overrideCommand: null,
    rangeFormatting: { enable: false }
  },
  semanticHighlighting: {
    comments: { enable: true },
    doc: { comment: { inject: { enable: true } } },
    nonStandardTokens: true,
    operator: { enable: true, specialization: { enable: false } },
    punctuation: {
      enable: false,
      separate: { macro: { bang: false } },
      specialization: { enable: false }
    },
    strings: { enable: true }
  },
  signatureInfo: { detail: 'full', documentation: { enable: true } },
  vfs: { extraIncludes: [] },
  workspace: {
    discoverConfig: null,
    symbol: {
      search: {
        excludeImports: false,
        kind: 'only_types',
        limit: 128,
        scope: 'workspace'
      }
    }
  }
}
