2026-04-19 23:27:27.443 [info] [main] Log level: Info
2026-04-19 23:27:27.443 [info] [main] Validating found git in: "git"
2026-04-19 23:27:27.443 [info] [main] Using git "2.53.0" from "git"
2026-04-19 23:27:27.443 [info] [Model][doInitialScan] Initial repository scan started
2026-04-19 23:27:27.443 [info] > git rev-parse --show-toplevel [3ms]
2026-04-19 23:27:27.443 [info] > git rev-parse --git-dir --git-common-dir --show-superproject-working-tree [0ms]
2026-04-19 23:27:27.443 [info] [Model][openRepository] Opened repository (path): /home/joey/Documents/dotfiles
2026-04-19 23:27:27.443 [info] [Model][openRepository] Opened repository (real path): /home/joey/Documents/dotfiles
2026-04-19 23:27:27.444 [info] [Model][openRepository] Opened repository (kind): repository
2026-04-19 23:27:27.444 [info] > git rev-parse --show-toplevel [1ms]
2026-04-19 23:27:27.444 [info] [Model][doInitialScan] Initial repository scan completed - repositories (1), closed repositories (0), parent repositories (0), unsafe repositories (0)
2026-04-19 23:27:27.444 [info] > git config --get commit.template [2ms]
2026-04-19 23:27:27.444 [info] > git for-each-ref --format=%(refname)%00%(upstream:short)%00%(objectname)%00%(upstream:track)%00%(upstream:remotename)%00%(upstream:remoteref) refs/heads/main refs/remotes/main [1ms]
2026-04-19 23:27:27.444 [warning] [Git][getBranch] No such branch: main
2026-04-19 23:27:27.444 [info] > git for-each-ref --sort -committerdate --format %(refname)%00%(objectname)%00%(*objectname) [1ms]
2026-04-19 23:27:27.445 [info] > git status -z -uall [9ms]
2026-04-19 23:27:27.461 [info] > git for-each-ref --format=%(refname)%00%(upstream:short)%00%(objectname)%00%(upstream:track)%00%(upstream:remotename)%00%(upstream:remoteref) refs/heads/main refs/remotes/main [2ms]
2026-04-19 23:27:27.461 [warning] [Git][getBranch] No such branch: main
2026-04-19 23:27:27.461 [error] [GitHistoryProvider][resolveHEADMergeBase] Failed to resolve merge base for main: Error: No such branch: main.
2026-04-19 23:27:27.478 [info] > git config --get commit.template [17ms]
2026-04-19 23:27:27.482 [info] > git for-each-ref --format=%(refname)%00%(upstream:short)%00%(objectname)%00%(upstream:track)%00%(upstream:remotename)%00%(upstream:remoteref) refs/heads/main refs/remotes/main [1ms]
2026-04-19 23:27:27.482 [warning] [Git][getBranch] No such branch: main
2026-04-19 23:27:27.487 [info] > git for-each-ref --sort -committerdate --format %(refname)%00%(objectname)%00%(*objectname) [2ms]
2026-04-19 23:27:27.488 [info] > git status -z -uall [5ms]
2026-04-19 23:27:27.942 [info] > git check-ignore -v -z --stdin [1ms]
2026-04-19 23:27:33.329 [info] > git check-ignore -v -z --stdin [0ms]
2026-04-19 23:27:35.189 [info] > git check-ignore -v -z --stdin [1ms]
2026-04-19 23:27:41.770 [info] > git config --get commit.template [1ms]
2026-04-19 23:27:41.771 [info] > git for-each-ref --format=%(refname)%00%(upstream:short)%00%(objectname)%00%(upstream:track)%00%(upstream:remotename)%00%(upstream:remoteref) refs/heads/main refs/remotes/main [0ms]
2026-04-19 23:27:41.771 [warning] [Git][getBranch] No such branch: main
2026-04-19 23:27:41.774 [info] > git for-each-ref --sort -committerdate --format %(refname)%00%(objectname)%00%(*objectname) [1ms]
2026-04-19 23:27:41.778 [info] > git status -z -uall [6ms]
2026-04-19 23:28:33.465 [info] > git config --get commit.template [2ms]
2026-04-19 23:28:33.465 [info] > git for-each-ref --format=%(refname)%00%(upstream:short)%00%(objectname)%00%(upstream:track)%00%(upstream:remotename)%00%(upstream:remoteref) refs/heads/main refs/remotes/main [0ms]
2026-04-19 23:28:33.465 [warning] [Git][getBranch] No such branch: main
2026-04-19 23:28:33.468 [info] > git for-each-ref --sort -committerdate --format %(refname)%00%(objectname)%00%(*objectname) [0ms]
2026-04-19 23:28:33.472 [info] > git status -z -uall [5ms]
2026-04-19 23:28:39.784 [info] > git config --get commit.template [1ms]
2026-04-19 23:28:39.784 [info] > git for-each-ref --format=%(refname)%00%(upstream:short)%00%(objectname)%00%(upstream:track)%00%(upstream:remotename)%00%(upstream:remoteref) refs/heads/main refs/remotes/main [1ms]
2026-04-19 23:28:39.784 [warning] [Git][getBranch] No such branch: main
2026-04-19 23:28:39.787 [info] > git for-each-ref --sort -committerdate --format %(refname)%00%(objectname)%00%(*objectname) [1ms]
2026-04-19 23:28:39.790 [info] > git status -z -uall [5ms]
2026-04-19 23:28:44.807 [info] > git config --get commit.template [2ms]
2026-04-19 23:28:44.807 [info] > git for-each-ref --format=%(refname)%00%(upstream:short)%00%(objectname)%00%(upstream:track)%00%(upstream:remotename)%00%(upstream:remoteref) refs/heads/main refs/remotes/main [0ms]
2026-04-19 23:28:44.810 [info] > git for-each-ref --sort -committerdate --format %(refname)%00%(objectname)%00%(*objectname) [0ms]
2026-04-19 23:28:44.813 [info] > git status -z -uall [5ms]
2026-04-19 23:29:00.224 [info] > git check-ignore -v -z --stdin [1ms]
2026-04-19 23:29:01.280 [info] > git check-ignore -v -z --stdin [1ms]
2026-04-19 23:29:02.438 [info] > git check-ignore -v -z --stdin [1ms]
2026-04-19 23:29:04.076 [info] > git check-ignore -v -z --stdin [1ms]
2026-04-19 23:29:04.080 [info] > git show --textconv :.config/KeePass/KeePass.config.xml [2ms]
2026-04-19 23:29:04.080 [info] > git ls-files --stage -- .config/KeePass/KeePass.config.xml [0ms]
2026-04-19 23:29:04.082 [info] > git cat-file -s c0f7c7c6b20ef74e235a02d6ccbfeb26fd6f4bee [0ms]
2026-04-19 23:29:08.750 [info] > git check-ignore -v -z --stdin [1ms]
2026-04-19 23:29:11.878 [info] > git check-ignore -v -z --stdin [1ms]
2026-04-19 23:29:26.132 [info] > git check-ignore -v -z --stdin [1ms]
2026-04-19 23:29:33.480 [info] > git check-ignore -v -z --stdin [1ms]
2026-04-19 23:29:36.996 [info] > git check-ignore -v -z --stdin [1ms]
2026-04-19 23:31:34.639 [info] > git config --get commit.template [1ms]
2026-04-19 23:31:34.639 [info] > git for-each-ref --format=%(refname)%00%(upstream:short)%00%(objectname)%00%(upstream:track)%00%(upstream:remotename)%00%(upstream:remoteref) refs/heads/main refs/remotes/main [1ms]
2026-04-19 23:31:34.642 [info] > git for-each-ref --sort -committerdate --format %(refname)%00%(objectname)%00%(*objectname) [1ms]
2026-04-19 23:31:34.645 [info] > git status -z -uall [5ms]
2026-04-19 23:36:00.817 [info] > git rev-parse --show-toplevel [0ms]
2026-04-19 23:36:00.817 [info] fatal: not a git repository (or any parent up to mount point /)
Stopping at filesystem boundary (GIT_DISCOVERY_ACROSS_FILESYSTEM not set).
2026-04-19 23:37:29.572 [info] > git config --get commit.template [2ms]
2026-04-19 23:37:29.574 [info] > git check-ignore -v -z --stdin [2ms]
2026-04-19 23:37:29.574 [info] > git for-each-ref --format=%(refname)%00%(upstream:short)%00%(objectname)%00%(upstream:track)%00%(upstream:remotename)%00%(upstream:remoteref) refs/heads/main refs/remotes/main [1ms]
2026-04-19 23:37:29.577 [info] > git for-each-ref --sort -committerdate --format %(refname)%00%(objectname)%00%(*objectname) [1ms]
2026-04-19 23:37:29.580 [info] > git status -z -uall [5ms]
2026-04-19 23:37:39.473 [info] > git check-ignore -v -z --stdin [1ms]
2026-04-19 23:37:39.477 [info] > git show --textconv :.config/baloofileinformationrc [1ms]
2026-04-19 23:37:39.477 [info] > git ls-files --stage -- .config/baloofileinformationrc [0ms]
2026-04-19 23:37:39.479 [info] > git cat-file -s 6d1c1d4abf1aea48b4721d635d33f4ab92edaf68 [1ms]
2026-04-19 23:37:49.822 [info] > git config --get commit.template [2ms]
2026-04-19 23:37:49.823 [info] > git for-each-ref --format=%(refname)%00%(upstream:short)%00%(objectname)%00%(upstream:track)%00%(upstream:remotename)%00%(upstream:remoteref) refs/heads/main refs/remotes/main [1ms]
2026-04-19 23:37:49.825 [info] > git for-each-ref --sort -committerdate --format %(refname)%00%(objectname)%00%(*objectname) [0ms]
2026-04-19 23:37:49.828 [info] > git status -z -uall [4ms]
2026-04-19 23:37:50.131 [info] > git check-ignore -v -z --stdin [1ms]
2026-04-19 23:37:50.255 [info] > git check-ignore -v -z --stdin [0ms]
2026-04-19 23:37:51.592 [info] > git check-ignore -v -z --stdin [1ms]
2026-04-19 23:37:54.834 [info] > git config --get commit.template [2ms]
2026-04-19 23:37:54.834 [info] > git for-each-ref --format=%(refname)%00%(upstream:short)%00%(objectname)%00%(upstream:track)%00%(upstream:remotename)%00%(upstream:remoteref) refs/heads/main refs/remotes/main [1ms]
2026-04-19 23:37:54.836 [info] > git for-each-ref --sort -committerdate --format %(refname)%00%(objectname)%00%(*objectname) [0ms]
2026-04-19 23:37:54.840 [info] > git status -z -uall [5ms]
2026-04-19 23:37:55.147 [info] > git check-ignore -v -z --stdin [0ms]
2026-04-19 23:37:55.944 [info] > git check-ignore -v -z --stdin [1ms]
2026-04-19 23:37:59.061 [info] > git check-ignore -v -z --stdin [0ms]
2026-04-19 23:37:59.846 [info] > git config --get commit.template [1ms]
2026-04-19 23:37:59.846 [info] > git for-each-ref --format=%(refname)%00%(upstream:short)%00%(objectname)%00%(upstream:track)%00%(upstream:remotename)%00%(upstream:remoteref) refs/heads/main refs/remotes/main [0ms]
2026-04-19 23:37:59.849 [info] > git for-each-ref --sort -committerdate --format %(refname)%00%(objectname)%00%(*objectname) [0ms]
2026-04-19 23:37:59.853 [info] > git status -z -uall [5ms]
2026-04-19 23:38:00.160 [info] > git check-ignore -v -z --stdin [1ms]
2026-04-19 23:38:00.512 [info] > git check-ignore -v -z --stdin [1ms]
2026-04-19 23:38:01.507 [info] > git check-ignore -v -z --stdin [1ms]
2026-04-19 23:38:04.475 [info] > git check-ignore -v -z --stdin [1ms]
2026-04-19 23:38:04.857 [info] > git config --get commit.template [1ms]
2026-04-19 23:38:04.857 [info] > git for-each-ref --format=%(refname)%00%(upstream:short)%00%(objectname)%00%(upstream:track)%00%(upstream:remotename)%00%(upstream:remoteref) refs/heads/main refs/remotes/main [0ms]
2026-04-19 23:38:04.860 [info] > git for-each-ref --sort -committerdate --format %(refname)%00%(objectname)%00%(*objectname) [0ms]
2026-04-19 23:38:04.863 [info] > git status -z -uall [4ms]
2026-04-19 23:38:05.171 [info] > git check-ignore -v -z --stdin [0ms]
2026-04-19 23:38:07.238 [info] > git check-ignore -v -z --stdin [0ms]
2026-04-19 23:38:08.386 [info] > git check-ignore -v -z --stdin [1ms]
2026-04-19 23:38:08.389 [info] > git show --textconv :.config/ghostty/config.ghostty [1ms]
2026-04-19 23:38:08.389 [info] > git ls-files --stage -- .config/ghostty/config.ghostty [0ms]
2026-04-19 23:38:08.391 [info] > git cat-file -s 4c540c1023ad490ef1939081cefefbc8b78bc2f6 [1ms]
2026-04-19 23:38:09.871 [info] > git config --get commit.template [2ms]
2026-04-19 23:38:09.871 [info] > git for-each-ref --format=%(refname)%00%(upstream:short)%00%(objectname)%00%(upstream:track)%00%(upstream:remotename)%00%(upstream:remoteref) refs/heads/main refs/remotes/main [1ms]
2026-04-19 23:38:09.874 [info] > git for-each-ref --sort -committerdate --format %(refname)%00%(objectname)%00%(*objectname) [0ms]
2026-04-19 23:38:09.877 [info] > git status -z -uall [5ms]
2026-04-19 23:38:11.816 [info] > git check-ignore -v -z --stdin [1ms]
2026-04-19 23:38:12.492 [info] > git check-ignore -v -z --stdin [0ms]
2026-04-19 23:38:12.495 [info] > git show --textconv :.config/gh/config.yml [1ms]
2026-04-19 23:38:12.496 [info] > git ls-files --stage -- .config/gh/config.yml [1ms]
2026-04-19 23:38:12.497 [info] > git cat-file -s 8b25011ccd1d2faf2f190bdd40edf9b5db08fdbe [0ms]
2026-04-19 23:38:13.585 [info] > git check-ignore -v -z --stdin [1ms]
2026-04-19 23:38:13.589 [info] > git show --textconv :.config/gh/hosts.yml [2ms]
2026-04-19 23:38:13.589 [info] > git ls-files --stage -- .config/gh/hosts.yml [1ms]
2026-04-19 23:38:13.590 [info] > git cat-file -s c9b90c4eb8979a7e0bbc4cb88ae1919f42e1222c [0ms]
2026-04-19 23:38:15.846 [info] > git check-ignore -v -z --stdin [0ms]
2026-04-19 23:38:16.887 [info] > git check-ignore -v -z --stdin [0ms]
2026-04-19 23:38:28.326 [info] > git config --get commit.template [2ms]
2026-04-19 23:38:28.326 [info] > git for-each-ref --format=%(refname)%00%(upstream:short)%00%(objectname)%00%(upstream:track)%00%(upstream:remotename)%00%(upstream:remoteref) refs/heads/main refs/remotes/main [0ms]
2026-04-19 23:38:28.329 [info] > git for-each-ref --sort -committerdate --format %(refname)%00%(objectname)%00%(*objectname) [0ms]
2026-04-19 23:38:28.332 [info] > git status -z -uall [5ms]
2026-04-19 23:38:28.643 [info] > git check-ignore -v -z --stdin [0ms]
2026-04-19 23:39:01.789 [info] > git config --get commit.template [1ms]
2026-04-19 23:39:01.791 [info] > git check-ignore -v -z --stdin [2ms]
2026-04-19 23:39:01.791 [info] > git for-each-ref --format=%(refname)%00%(upstream:short)%00%(objectname)%00%(upstream:track)%00%(upstream:remotename)%00%(upstream:remoteref) refs/heads/main refs/remotes/main [1ms]
2026-04-19 23:39:01.793 [info] > git for-each-ref --sort -committerdate --format %(refname)%00%(objectname)%00%(*objectname) [0ms]
2026-04-19 23:39:01.797 [info] > git status -z -uall [5ms]
2026-04-19 23:39:02.105 [info] > git check-ignore -v -z --stdin [1ms]
2026-04-19 23:42:11.249 [info] > git config --get commit.template [2ms]
2026-04-19 23:42:11.249 [info] > git for-each-ref --format=%(refname)%00%(upstream:short)%00%(objectname)%00%(upstream:track)%00%(upstream:remotename)%00%(upstream:remoteref) refs/heads/main refs/remotes/main [1ms]
2026-04-19 23:42:11.252 [info] > git for-each-ref --sort -committerdate --format %(refname)%00%(objectname)%00%(*objectname) [1ms]
2026-04-19 23:42:11.256 [info] > git status -z -uall [6ms]
2026-04-19 23:42:11.347 [info] > git ls-files --stage -- .config/gh/hosts.yml [1ms]
2026-04-19 23:42:11.349 [info] > git cat-file -s c9b90c4eb8979a7e0bbc4cb88ae1919f42e1222c [1ms]
2026-04-19 23:42:11.350 [info] > git show --textconv :.config/gh/hosts.yml [0ms]
2026-04-19 23:42:11.564 [info] > git check-ignore -v -z --stdin [1ms]
2026-04-19 23:42:16.800 [info] > git config --get commit.template [2ms]
2026-04-19 23:42:16.800 [info] > git for-each-ref --format=%(refname)%00%(upstream:short)%00%(objectname)%00%(upstream:track)%00%(upstream:remotename)%00%(upstream:remoteref) refs/heads/main refs/remotes/main [1ms]
2026-04-19 23:42:16.802 [info] > git for-each-ref --sort -committerdate --format %(refname)%00%(objectname)%00%(*objectname) [0ms]
2026-04-19 23:42:16.805 [info] > git status -z -uall [4ms]
2026-04-19 23:42:16.899 [info] > git ls-files --stage -- .config/gh/hosts.yml [1ms]
2026-04-19 23:42:16.900 [info] > git cat-file -s c9b90c4eb8979a7e0bbc4cb88ae1919f42e1222c [0ms]
2026-04-19 23:42:16.902 [info] > git show --textconv :.config/gh/hosts.yml [0ms]
2026-04-19 23:42:17.109 [info] > git check-ignore -v -z --stdin [0ms]
2026-04-19 23:42:33.682 [info] > git config --get commit.template [2ms]
2026-04-19 23:42:33.682 [info] > git for-each-ref --format=%(refname)%00%(upstream:short)%00%(objectname)%00%(upstream:track)%00%(upstream:remotename)%00%(upstream:remoteref) refs/heads/main refs/remotes/main [1ms]
2026-04-19 23:42:33.685 [info] > git for-each-ref --sort -committerdate --format %(refname)%00%(objectname)%00%(*objectname) [0ms]
2026-04-19 23:42:33.687 [info] > git status -z -uall [4ms]
2026-04-19 23:42:33.691 [info] > git merge-base refs/heads/main refs/remotes/origin/main [1ms]
2026-04-19 23:42:33.693 [info] > git diff --raw --numstat --diff-filter=ADMR -z --find-renames=50% 1c02b9a56a9101ff91d2c24ac8e37e6463d91ff5...refs/remotes/origin/main -- [1ms]
2026-04-19 23:42:33.779 [info] > git ls-files --stage -- .config/gh/hosts.yml [1ms]
2026-04-19 23:42:33.781 [info] > git cat-file -s c9b90c4eb8979a7e0bbc4cb88ae1919f42e1222c [1ms]
2026-04-19 23:42:33.783 [info] > git show --textconv :.config/gh/hosts.yml [0ms]
2026-04-19 23:42:39.580 [info] > git check-ignore -v -z --stdin [1ms]
2026-04-19 23:42:44.561 [info] > git check-ignore -v -z --stdin [1ms]
2026-04-19 23:42:53.855 [info] > git config --get commit.template [2ms]
2026-04-19 23:42:53.855 [info] > git for-each-ref --format=%(refname)%00%(upstream:short)%00%(objectname)%00%(upstream:track)%00%(upstream:remotename)%00%(upstream:remoteref) refs/heads/main refs/remotes/main [0ms]
2026-04-19 23:42:53.858 [info] > git for-each-ref --sort -committerdate --format %(refname)%00%(objectname)%00%(*objectname) [0ms]
2026-04-19 23:42:53.861 [info] > git status -z -uall [5ms]
2026-04-19 23:42:54.171 [info] > git check-ignore -v -z --stdin [1ms]
2026-04-19 23:42:54.191 [info] > git check-ignore -v -z --stdin [0ms]
2026-04-19 23:42:58.680 [info] > git check-ignore -v -z --stdin [1ms]
2026-04-19 23:42:58.868 [info] > git config --get commit.template [2ms]
2026-04-19 23:42:58.868 [info] > git for-each-ref --format=%(refname)%00%(upstream:short)%00%(objectname)%00%(upstream:track)%00%(upstream:remotename)%00%(upstream:remoteref) refs/heads/main refs/remotes/main [1ms]
2026-04-19 23:42:58.871 [info] > git for-each-ref --sort -committerdate --format %(refname)%00%(objectname)%00%(*objectname) [0ms]
2026-04-19 23:42:58.873 [info] > git status -z -uall [3ms]
2026-04-19 23:42:59.224 [info] > git check-ignore -v -z --stdin [1ms]
2026-04-19 23:43:06.378 [info] > git config --get commit.template [1ms]
2026-04-19 23:43:06.378 [info] > git for-each-ref --format=%(refname)%00%(upstream:short)%00%(objectname)%00%(upstream:track)%00%(upstream:remotename)%00%(upstream:remoteref) refs/heads/main refs/remotes/main [0ms]
2026-04-19 23:43:06.381 [info] > git for-each-ref --sort -committerdate --format %(refname)%00%(objectname)%00%(*objectname) [0ms]
2026-04-19 23:43:06.383 [info] > git status -z -uall [3ms]
2026-04-19 23:43:06.734 [info] > git check-ignore -v -z --stdin [1ms]
2026-04-19 23:43:10.144 [info] > git ls-files --stage -- .config/gh/hosts.yml [1ms]
2026-04-19 23:43:10.146 [info] > git cat-file -s c9b90c4eb8979a7e0bbc4cb88ae1919f42e1222c [1ms]
2026-04-19 23:43:10.148 [info] > git show --textconv :.config/gh/hosts.yml [1ms]
2026-04-19 23:43:11.406 [info] > git config --get commit.template [2ms]
2026-04-19 23:43:11.406 [info] > git for-each-ref --format=%(refname)%00%(upstream:short)%00%(objectname)%00%(upstream:track)%00%(upstream:remotename)%00%(upstream:remoteref) refs/heads/main refs/remotes/main [0ms]
2026-04-19 23:43:11.409 [info] > git for-each-ref --sort -committerdate --format %(refname)%00%(objectname)%00%(*objectname) [0ms]
2026-04-19 23:43:11.412 [info] > git status -z -uall [5ms]
2026-04-19 23:43:11.759 [info] > git check-ignore -v -z --stdin [1ms]
2026-04-19 23:43:14.772 [info] > git ls-files --stage -- .config/gh/hosts.yml [1ms]
2026-04-19 23:43:14.773 [info] > git cat-file -s c9b90c4eb8979a7e0bbc4cb88ae1919f42e1222c [0ms]
2026-04-19 23:43:14.776 [info] > git show --textconv :.config/gh/hosts.yml [1ms]
2026-04-19 23:43:16.429 [info] > git config --get commit.template [1ms]
2026-04-19 23:43:16.430 [info] > git for-each-ref --format=%(refname)%00%(upstream:short)%00%(objectname)%00%(upstream:track)%00%(upstream:remotename)%00%(upstream:remoteref) refs/heads/main refs/remotes/main [1ms]
2026-04-19 23:43:16.432 [info] > git for-each-ref --sort -committerdate --format %(refname)%00%(objectname)%00%(*objectname) [0ms]
2026-04-19 23:43:16.433 [info] > git status -z -uall [2ms]
2026-04-19 23:43:16.437 [info] > git merge-base refs/heads/main refs/remotes/origin/main [1ms]
2026-04-19 23:43:16.439 [info] > git diff --raw --numstat --diff-filter=ADMR -z --find-renames=50% 635376ba8c2c3bce0322b4f5115bc89485183f9c...refs/remotes/origin/main -- [0ms]
2026-04-19 23:43:16.738 [info] > git check-ignore -v -z --stdin [1ms]
2026-04-19 23:43:44.450 [info] > git blame --root --incremental 635376ba8c2c3bce0322b4f5115bc89485183f9c -- .config/gh/hosts.yml [0ms]
2026-04-19 23:43:45.306 [info] > git check-ignore -v -z --stdin [1ms]
2026-04-19 23:43:45.558 [info] > git check-ignore -v -z --stdin [1ms]
2026-04-19 23:49:35.016 [info] > git rev-parse --show-toplevel [0ms]
2026-04-19 23:49:35.016 [info] fatal: not a git repository (or any parent up to mount point /)
Stopping at filesystem boundary (GIT_DISCOVERY_ACROSS_FILESYSTEM not set).
2026-04-19 23:59:20.731 [info] > git rev-parse --show-toplevel [1ms]
2026-04-19 23:59:20.731 [info] fatal: not a git repository (or any parent up to mount point /)
Stopping at filesystem boundary (GIT_DISCOVERY_ACROSS_FILESYSTEM not set).
2026-04-19 23:59:25.502 [info] > git rev-parse --show-toplevel [0ms]
2026-04-19 23:59:25.502 [info] fatal: not a git repository (or any parent up to mount point /)
Stopping at filesystem boundary (GIT_DISCOVERY_ACROSS_FILESYSTEM not set).
2026-04-19 23:59:57.449 [info] > git config --get commit.template [2ms]
2026-04-19 23:59:57.449 [info] > git for-each-ref --format=%(refname)%00%(upstream:short)%00%(objectname)%00%(upstream:track)%00%(upstream:remotename)%00%(upstream:remoteref) refs/heads/main refs/remotes/main [1ms]
2026-04-19 23:59:57.452 [info] > git for-each-ref --sort -committerdate --format %(refname)%00%(objectname)%00%(*objectname) [1ms]
2026-04-19 23:59:57.456 [info] > git status -z -uall [6ms]
2026-04-20 00:00:05.694 [info] > git config --get commit.template [2ms]
2026-04-20 00:00:05.694 [info] > git for-each-ref --format=%(refname)%00%(upstream:short)%00%(objectname)%00%(upstream:track)%00%(upstream:remotename)%00%(upstream:remoteref) refs/heads/main refs/remotes/main [0ms]
2026-04-20 00:00:05.697 [info] > git for-each-ref --sort -committerdate --format %(refname)%00%(objectname)%00%(*objectname) [1ms]
2026-04-20 00:00:05.701 [info] > git status -z -uall [6ms]
2026-04-20 00:00:10.712 [info] > git config --get commit.template [2ms]
2026-04-20 00:00:10.712 [info] > git for-each-ref --format=%(refname)%00%(upstream:short)%00%(objectname)%00%(upstream:track)%00%(upstream:remotename)%00%(upstream:remoteref) refs/heads/main refs/remotes/main [0ms]
2026-04-20 00:00:10.716 [info] > git for-each-ref --sort -committerdate --format %(refname)%00%(objectname)%00%(*objectname) [1ms]
2026-04-20 00:00:10.719 [info] > git status -z -uall [5ms]
2026-04-20 00:00:15.730 [info] > git config --get commit.template [0ms]
2026-04-20 00:00:15.732 [info] > git for-each-ref --format=%(refname)%00%(upstream:short)%00%(objectname)%00%(upstream:track)%00%(upstream:remotename)%00%(upstream:remoteref) refs/heads/main refs/remotes/main [1ms]
2026-04-20 00:00:15.735 [info] > git for-each-ref --sort -committerdate --format %(refname)%00%(objectname)%00%(*objectname) [1ms]
2026-04-20 00:00:15.737 [info] > git status -z -uall [4ms]
2026-04-20 00:00:15.742 [info] > git merge-base refs/heads/main refs/remotes/origin/main [1ms]
2026-04-20 00:00:15.744 [info] > git diff --raw --numstat --diff-filter=ADMR -z --find-renames=50% 635376ba8c2c3bce0322b4f5115bc89485183f9c...refs/remotes/origin/main -- [1ms]
2026-04-20 00:02:25.185 [info] > git check-ignore -v -z --stdin [1ms]
2026-04-20 00:02:25.189 [info] > git show --textconv :.config/gh/hosts.yml [2ms]
2026-04-20 00:02:25.189 [info] > git ls-files --stage -- .config/gh/hosts.yml [1ms]
2026-04-20 00:02:25.191 [info] > git cat-file -s c9b90c4eb8979a7e0bbc4cb88ae1919f42e1222c [1ms]
2026-04-20 00:02:25.196 [info] > git blame --root --incremental 52627aa774b29ec4f99a5dbf784a0747dbe7a0aa -- .config/gh/hosts.yml [1ms]
2026-04-20 00:02:26.390 [info] > git check-ignore -v -z --stdin [0ms]
2026-04-20 00:02:26.788 [info] > git check-ignore -v -z --stdin [0ms]
2026-04-20 00:02:27.666 [info] > git config --get commit.template [1ms]
2026-04-20 00:02:27.667 [info] > git for-each-ref --format=%(refname)%00%(upstream:short)%00%(objectname)%00%(upstream:track)%00%(upstream:remotename)%00%(upstream:remoteref) refs/heads/main refs/remotes/main [1ms]
2026-04-20 00:02:27.669 [info] > git for-each-ref --sort -committerdate --format %(refname)%00%(objectname)%00%(*objectname) [0ms]
2026-04-20 00:02:27.672 [info] > git status -z -uall [4ms]
2026-04-20 00:02:27.675 [info] > git merge-base refs/heads/main refs/remotes/origin/main [0ms]
2026-04-20 00:02:27.677 [info] > git diff --raw --numstat --diff-filter=ADMR -z --find-renames=50% 52627aa774b29ec4f99a5dbf784a0747dbe7a0aa...refs/remotes/origin/main -- [0ms]
2026-04-20 00:02:27.977 [info] > git check-ignore -v -z --stdin [0ms]
2026-04-20 00:02:28.467 [info] > git check-ignore -v -z --stdin [1ms]
2026-04-20 00:02:28.845 [info] > git check-ignore -v -z --stdin [1ms]
2026-04-20 00:02:29.225 [info] > git rev-parse --show-toplevel [0ms]
2026-04-20 00:02:29.225 [info] fatal: not a git repository (or any parent up to mount point /)
Stopping at filesystem boundary (GIT_DISCOVERY_ACROSS_FILESYSTEM not set).
2026-04-20 00:02:32.682 [info] > git config --get commit.template [2ms]
2026-04-20 00:02:32.682 [info] > git for-each-ref --format=%(refname)%00%(upstream:short)%00%(objectname)%00%(upstream:track)%00%(upstream:remotename)%00%(upstream:remoteref) refs/heads/main refs/remotes/main [0ms]
2026-04-20 00:02:32.685 [info] > git for-each-ref --sort -committerdate --format %(refname)%00%(objectname)%00%(*objectname) [1ms]
2026-04-20 00:02:32.688 [info] > git status -z -uall [5ms]
2026-04-20 00:02:33.515 [info] > git log --format=%H%n%aN%n%aE%n%at%n%ct%n%P%n%D%n%B -z --shortstat --diff-merges=first-parent -n50 --skip=0 --topo-order --decorate=full --stdin [731ms]
2026-04-20 00:02:33.529 [info] > git merge-base main origin/main [1ms]
2026-04-20 00:02:35.803 [info] > git checkout -q -- .config/gh/hosts.yml [5ms]
2026-04-20 00:02:35.806 [info] > git config --get commit.template [1ms]
2026-04-20 00:02:35.806 [info] > git for-each-ref --format=%(refname)%00%(upstream:short)%00%(objectname)%00%(upstream:track)%00%(upstream:remotename)%00%(upstream:remoteref) refs/heads/main refs/remotes/main [0ms]
2026-04-20 00:02:35.809 [info] > git for-each-ref --sort -committerdate --format %(refname)%00%(objectname)%00%(*objectname) [0ms]
2026-04-20 00:02:35.812 [info] > git status -z -uall [4ms]
2026-04-20 00:02:37.693 [info] > git config --get commit.template [2ms]
2026-04-20 00:02:37.693 [info] > git for-each-ref --format=%(refname)%00%(upstream:short)%00%(objectname)%00%(upstream:track)%00%(upstream:remotename)%00%(upstream:remoteref) refs/heads/main refs/remotes/main [0ms]
2026-04-20 00:02:37.696 [info] > git for-each-ref --sort -committerdate --format %(refname)%00%(objectname)%00%(*objectname) [1ms]
2026-04-20 00:02:37.699 [info] > git status -z -uall [5ms]
2026-04-20 00:02:46.098 [info] > git check-ignore -v -z --stdin [1ms]
2026-04-20 00:02:46.102 [info] > git show --textconv :commands.md [2ms]
2026-04-20 00:02:46.103 [info] > git ls-files --stage -- commands.md [2ms]
2026-04-20 00:02:46.104 [info] > git hash-object -t tree /dev/null [1ms]
2026-04-20 00:02:46.104 [warning] [GitFileSystemProvider][readFile] File not found - git:/home/joey/Documents/dotfiles/commands.md.git?%7B%22path%22%3A%22%2Fhome%2Fjoey%2FDocuments%2Fdotfiles%2Fcommands.md%22%2C%22ref%22%3A%22%22%7D
2026-04-20 00:02:46.105 [info] > git hash-object -t tree /dev/null [1ms]
2026-04-20 00:02:46.105 [warning] [GitFileSystemProvider][stat] File not found - git:/home/joey/Documents/dotfiles/commands.md.git?%7B%22path%22%3A%22%2Fhome%2Fjoey%2FDocuments%2Fdotfiles%2Fcommands.md%22%2C%22ref%22%3A%22%22%7D
2026-04-20 00:02:46.380 [info] > git check-ignore -v -z --stdin [1ms]
2026-04-20 00:02:46.959 [info] > git config --get commit.template [2ms]
2026-04-20 00:02:46.959 [info] > git for-each-ref --format=%(refname)%00%(upstream:short)%00%(objectname)%00%(upstream:track)%00%(upstream:remotename)%00%(upstream:remoteref) refs/heads/main refs/remotes/main [0ms]
2026-04-20 00:02:46.962 [info] > git for-each-ref --sort -committerdate --format %(refname)%00%(objectname)%00%(*objectname) [1ms]
2026-04-20 00:02:46.964 [info] > git status -z -uall [4ms]
2026-04-20 00:03:40.933 [info] > git config --get commit.template [2ms]
2026-04-20 00:03:40.933 [info] > git for-each-ref --format=%(refname)%00%(upstream:short)%00%(objectname)%00%(upstream:track)%00%(upstream:remotename)%00%(upstream:remoteref) refs/heads/main refs/remotes/main [0ms]
2026-04-20 00:03:40.936 [info] > git for-each-ref --sort -committerdate --format %(refname)%00%(objectname)%00%(*objectname) [0ms]
2026-04-20 00:03:40.939 [info] > git status -z -uall [4ms]
2026-04-20 00:04:31.336 [info] > git config --get commit.template [2ms]
2026-04-20 00:04:31.336 [info] > git for-each-ref --format=%(refname)%00%(upstream:short)%00%(objectname)%00%(upstream:track)%00%(upstream:remotename)%00%(upstream:remoteref) refs/heads/main refs/remotes/main [1ms]
2026-04-20 00:04:31.339 [info] > git for-each-ref --sort -committerdate --format %(refname)%00%(objectname)%00%(*objectname) [1ms]
2026-04-20 00:04:31.341 [info] > git status -z -uall [4ms]
2026-04-20 00:04:37.208 [info] > git config --get commit.template [1ms]
2026-04-20 00:04:37.209 [info] > git for-each-ref --format=%(refname)%00%(upstream:short)%00%(objectname)%00%(upstream:track)%00%(upstream:remotename)%00%(upstream:remoteref) refs/heads/main refs/remotes/main [1ms]
2026-04-20 00:04:37.211 [info] > git for-each-ref --sort -committerdate --format %(refname)%00%(objectname)%00%(*objectname) [0ms]
2026-04-20 00:04:37.214 [info] > git status -z -uall [4ms]
2026-04-20 00:04:46.683 [info] > git config --get commit.template [1ms]
2026-04-20 00:04:46.684 [info] > git for-each-ref --format=%(refname)%00%(upstream:short)%00%(objectname)%00%(upstream:track)%00%(upstream:remotename)%00%(upstream:remoteref) refs/heads/main refs/remotes/main [1ms]
2026-04-20 00:04:46.686 [info] > git for-each-ref --sort -committerdate --format %(refname)%00%(objectname)%00%(*objectname) [0ms]
2026-04-20 00:04:46.689 [info] > git status -z -uall [4ms]
2026-04-20 00:07:14.299 [info] > git check-ignore -v -z --stdin [1ms]
2026-04-20 00:07:15.433 [info] > git config --get commit.template [2ms]
2026-04-20 00:07:15.433 [info] > git for-each-ref --format=%(refname)%00%(upstream:short)%00%(objectname)%00%(upstream:track)%00%(upstream:remotename)%00%(upstream:remoteref) refs/heads/main refs/remotes/main [0ms]
2026-04-20 00:07:15.436 [info] > git for-each-ref --sort -committerdate --format %(refname)%00%(objectname)%00%(*objectname) [0ms]
2026-04-20 00:07:15.445 [info] > git status -z -uall [10ms]
2026-04-20 00:07:20.464 [info] > git config --get commit.template [3ms]
2026-04-20 00:07:20.464 [info] > git for-each-ref --format=%(refname)%00%(upstream:short)%00%(objectname)%00%(upstream:track)%00%(upstream:remotename)%00%(upstream:remoteref) refs/heads/main refs/remotes/main [1ms]
2026-04-20 00:07:20.467 [info] > git for-each-ref --sort -committerdate --format %(refname)%00%(objectname)%00%(*objectname) [0ms]
2026-04-20 00:07:20.470 [info] > git status -z -uall [5ms]
2026-04-20 00:07:26.840 [info] > git check-ignore -v -z --stdin [1ms]
2026-04-20 00:07:29.171 [info] > git config --get commit.template [2ms]
2026-04-20 00:07:29.172 [info] > git for-each-ref --format=%(refname)%00%(upstream:short)%00%(objectname)%00%(upstream:track)%00%(upstream:remotename)%00%(upstream:remoteref) refs/heads/main refs/remotes/main [1ms]
2026-04-20 00:07:29.175 [info] > git for-each-ref --sort -committerdate --format %(refname)%00%(objectname)%00%(*objectname) [1ms]
2026-04-20 00:07:29.529 [info] > git status -z -uall [356ms]
2026-04-20 00:07:44.780 [info] > git config --get commit.template [1ms]
2026-04-20 00:07:44.781 [info] > git for-each-ref --format=%(refname)%00%(upstream:short)%00%(objectname)%00%(upstream:track)%00%(upstream:remotename)%00%(upstream:remoteref) refs/heads/main refs/remotes/main [1ms]
2026-04-20 00:07:44.784 [info] > git for-each-ref --sort -committerdate --format %(refname)%00%(objectname)%00%(*objectname) [1ms]
2026-04-20 00:07:45.135 [info] > git status -z -uall [353ms]
