["INFO" - 7:58:11 AM] Extension Name: esbenp.prettier-vscode.
["INFO" - 7:58:11 AM] Extension Version: 12.4.0.
["INFO" - 7:58:11 AM] EditorConfig support is enabled, checking for .editorconfig files
["INFO" - 7:58:11 AM] No local configuration (i.e. .prettierrc or .editorconfig) detected, will fall back to VS Code configuration
["INFO" - 7:59:56 AM] EditorConfig support is enabled, checking for .editorconfig files
["INFO" - 7:59:56 AM] No local configuration (i.e. .prettierrc or .editorconfig) detected, will fall back to VS Code configuration
["INFO" - 8:00:16 AM] Formatting vscode-userdata:/home/joey/.config/Code%20-%20OSS/User/settings.json
["INFO" - 8:00:16 AM] EditorConfig support is enabled, checking for .editorconfig files
["INFO" - 8:00:16 AM] No local configuration (i.e. .prettierrc or .editorconfig) detected, will fall back to VS Code configuration
["INFO" - 8:00:16 AM] PrettierInstance:
{
  "__debug": {
    "mockable": {
      "mocked": {},
      "implementations": {}
    }
  },
  "__internal": {
    "errors": {},
    "optionCategories": {
      "CATEGORY_CONFIG": "Config",
      "CATEGORY_EDITOR": "Editor",
      "CATEGORY_FORMAT": "Format",
      "CATEGORY_GLOBAL": "Global",
      "CATEGORY_OTHER": "Other",
      "CATEGORY_OUTPUT": "Output",
      "CATEGORY_SPECIAL": "Special"
    },
    "formatOptionsHiddenDefaults": {
      "astFormat": "estree",
      "printer": {},
      "locStart": null,
      "locEnd": null,
      "getVisitorKeys": null
    },
    "vnopts": {
      "apiDescriptor": {}
    },
    "picocolors": {
      "isColorSupported": false
    },
    "utilities": {}
  },
  "doc": {
    "builders": {
      "line": {
        "type": "line"
      },
      "softline": {
        "type": "line",
        "soft": true
      },
      "hardline": [
        {
          "type": "line",
          "hard": true
        },
        {
          "type": "break-parent"
        }
      ],
      "literalline": [
        {
          "type": "line",
          "hard": true,
          "literal": true
        },
        {
          "type": "break-parent"
        }
      ],
      "lineSuffixBoundary": {
        "type": "line-suffix-boundary"
      },
      "cursor": {
        "type": "cursor"
      },
      "breakParent": {
        "type": "break-parent"
      },
      "trim": {
        "type": "trim"
      },
      "hardlineWithoutBreakParent": {
        "type": "line",
        "hard": true
      },
      "literallineWithoutBreakParent": {
        "type": "line",
        "hard": true,
        "literal": true
      }
    },
    "default": {
      "builders": {
        "line": {
          "type": "line"
        },
        "softline": {
          "type": "line",
          "soft": true
        },
        "hardline": [
          {
            "type": "line",
            "hard": true
          },
          {
            "type": "break-parent"
          }
        ],
        "literalline": [
          {
            "type": "line",
            "hard": true,
            "literal": true
          },
          {
            "type": "break-parent"
          }
        ],
        "lineSuffixBoundary": {
          "type": "line-suffix-boundary"
        },
        "cursor": {
          "type": "cursor"
        },
        "breakParent": {
          "type": "break-parent"
        },
        "trim": {
          "type": "trim"
        },
        "hardlineWithoutBreakParent": {
          "type": "line",
          "hard": true
        },
        "literallineWithoutBreakParent": {
          "type": "line",
          "hard": true,
          "literal": true
        }
      },
      "printer": {},
      "utils": {}
    },
    "printer": {},
    "utils": {}
  },
  "util": {},
  "version": "3.7.4"
}
["WARN" - 8:00:16 AM] Unable to resolve ignore path: .prettierignore for /home/joey/.config/Code - OSS/User/settings.json
["INFO" - 8:00:16 AM] Resolved plugins:
[]
["WARN" - 8:00:16 AM] Parser not inferred, trying VS Code language.
["INFO" - 8:00:16 AM] Using VS Code configuration
["INFO" - 8:00:16 AM] Prettier Options:
{
  "arrowParens": "always",
  "bracketSpacing": true,
  "endOfLine": "lf",
  "htmlWhitespaceSensitivity": "css",
  "insertPragma": false,
  "singleAttributePerLine": false,
  "bracketSameLine": false,
  "jsxBracketSameLine": false,
  "jsxSingleQuote": false,
  "printWidth": 80,
  "proseWrap": "preserve",
  "quoteProps": "as-needed",
  "requirePragma": false,
  "semi": true,
  "singleQuote": false,
  "tabWidth": 2,
  "trailingComma": "all",
  "useTabs": false,
  "embeddedLanguageFormatting": "auto",
  "vueIndentScriptAndStyle": false,
  "experimentalTernaries": false,
  "objectWrap": "preserve",
  "experimentalOperatorPosition": "end",
  "filepath": "/home/joey/.config/Code - OSS/User/settings.json",
  "parser": "jsonc"
}
["INFO" - 8:00:16 AM] Formatting completed in 35ms.
["INFO" - 8:00:40 AM] EditorConfig support is enabled, checking for .editorconfig files
["INFO" - 8:00:40 AM] No local configuration (i.e. .prettierrc or .editorconfig) detected, will fall back to VS Code configuration
["INFO" - 8:01:21 AM] EditorConfig support is enabled, checking for .editorconfig files
["INFO" - 8:01:21 AM] No local configuration (i.e. .prettierrc or .editorconfig) detected, will fall back to VS Code configuration
["INFO" - 8:01:53 AM] EditorConfig support is enabled, checking for .editorconfig files
["INFO" - 8:01:53 AM] No local configuration (i.e. .prettierrc or .editorconfig) detected, will fall back to VS Code configuration
