2026-04-19 23:27:27.295 [info] Extension host with pid 70733 started
2026-04-19 23:27:27.295 [info] Skipping acquiring lock for /home/joey/.config/Code - OSS/User/workspaceStorage/8fab71bd08a644ed5041293c637e399d.
2026-04-19 23:27:27.304 [info] ExtensionService#_doActivateExtension vscode.github-authentication, startup: false, activationEvent: 'onAuthenticationRequest:github'
2026-04-19 23:27:27.316 [info] ExtensionService#_doActivateExtension vscode.emmet, startup: false, activationEvent: 'onLanguage'
2026-04-19 23:27:27.353 [info] ExtensionService#_doActivateExtension vscode.git-base, startup: true, activationEvent: '*', root cause: vscode.git
2026-04-19 23:27:27.355 [info] ExtensionService#_doActivateExtension vscode.git, startup: true, activationEvent: '*'
2026-04-19 23:27:27.377 [info] ExtensionService#_doActivateExtension vscode.github, startup: true, activationEvent: '*'
2026-04-19 23:27:27.443 [info] Eager extensions activated
2026-04-19 23:27:27.456 [warning] [Decorations] CAPPING events from decorations provider vscode.git 1977
2026-04-19 23:27:27.462 [info] ExtensionService#_doActivateExtension vscode.debug-auto-launch, startup: false, activationEvent: 'onStartupFinished'
2026-04-19 23:27:27.462 [info] ExtensionService#_doActivateExtension vscode.merge-conflict, startup: false, activationEvent: 'onStartupFinished'
2026-04-19 23:27:27.470 [info] ExtensionService#_doActivateExtension esbenp.prettier-vscode, startup: false, activationEvent: 'onStartupFinished'
2026-04-19 23:27:27.470 [info] ExtensionService#_doActivateExtension PKief.material-icon-theme, startup: false, activationEvent: 'onStartupFinished'
2026-04-19 23:27:27.497 [warning] [Decorations] CAPPING events from decorations provider vscode.git 1977
2026-04-19 23:27:40.657 [info] ExtensionService#_doActivateExtension vscode.terminal-suggest, startup: false, activationEvent: 'onTerminalShellIntegration:*'
2026-04-19 23:27:41.788 [warning] [Decorations] CAPPING events from decorations provider vscode.git 1977
2026-04-19 23:27:51.201 [info] ExtensionService#_doActivateExtension vscode.npm, startup: false, activationEvent: 'onTerminalQuickFixRequest:ms-vscode.npm-command'
2026-04-19 23:27:56.229 [info] ExtensionService#_doActivateExtension vscode.configuration-editing, startup: false, activationEvent: 'onLanguage:json'
2026-04-19 23:27:56.232 [info] ExtensionService#_doActivateExtension vscode.extension-editing, startup: false, activationEvent: 'onLanguage:json'
2026-04-19 23:27:56.237 [info] ExtensionService#_doActivateExtension vscode.json-language-features, startup: false, activationEvent: 'onLanguage:json'
2026-04-19 23:28:33.481 [warning] [Decorations] CAPPING events from decorations provider vscode.git 1977
2026-04-19 23:28:39.799 [warning] [Decorations] CAPPING events from decorations provider vscode.git 1977
2026-04-19 23:28:44.816 [warning] [Decorations] CAPPING events from decorations provider vscode.git 1977
2026-04-19 23:31:32.268 [info] ExtensionService#_doActivateExtension ms-python.python, startup: false, activationEvent: 'onLanguage:python', root cause: charliermarsh.ruff
2026-04-19 23:31:32.348 [info] ExtensionService#_doActivateExtension ms-python.vscode-python-envs, startup: false, activationEvent: 'onLanguage:python'
2026-04-19 23:31:32.413 [info] ExtensionService#_doActivateExtension charliermarsh.ruff, startup: false, activationEvent: 'onLanguage:python'
2026-04-19 23:31:32.426 [info] ExtensionService#_doActivateExtension ms-python.debugpy, startup: false, activationEvent: 'onLanguage:python'
2026-04-19 23:37:48.665 [info] ExtensionService#_doActivateExtension vscode.typescript-language-features, startup: false, activationEvent: 'onLanguage:jsonc'
2026-04-19 23:37:50.244 [error] Error: Python Environment Tools (PET) failed after 3 restart attempts. Please reload the window or check the output channel for details. To debug, run "Python Environments: Run Python Environment Tool (PET) in Terminal" from the Command Palette.
	at T.ensureProcessRunning (/home/joey/.vscode-oss/extensions/ms-python.vscode-python-envs-1.28.0-universal/dist/extension.js:2:551199)
	at T.doRefreshAttempt (/home/joey/.vscode-oss/extensions/ms-python.vscode-python-envs-1.28.0-universal/dist/extension.js:2:556419)
	at T.doRefresh (/home/joey/.vscode-oss/extensions/ms-python.vscode-python-envs-1.28.0-universal/dist/extension.js:2:555976)
	at c.workerFunc (/home/joey/.vscode-oss/extensions/ms-python.vscode-python-envs-1.28.0-universal/dist/extension.js:2:550424)
	at o.workFunc (/home/joey/.vscode-oss/extensions/ms-python.vscode-python-envs-1.28.0-universal/dist/extension.js:2:292774)
	at o.start (/home/joey/.vscode-oss/extensions/ms-python.vscode-python-envs-1.28.0-universal/dist/extension.js:2:291589)
2026-04-19 23:37:51.928 [error] Error: Python Environment Tools (PET) failed after 3 restart attempts. Please reload the window or check the output channel for details. To debug, run "Python Environments: Run Python Environment Tool (PET) in Terminal" from the Command Palette.
	at T.ensureProcessRunning (/home/joey/.vscode-oss/extensions/ms-python.vscode-python-envs-1.28.0-universal/dist/extension.js:2:551199)
	at T.doRefreshAttempt (/home/joey/.vscode-oss/extensions/ms-python.vscode-python-envs-1.28.0-universal/dist/extension.js:2:556419)
	at T.doRefresh (/home/joey/.vscode-oss/extensions/ms-python.vscode-python-envs-1.28.0-universal/dist/extension.js:2:555976)
	at c.workerFunc (/home/joey/.vscode-oss/extensions/ms-python.vscode-python-envs-1.28.0-universal/dist/extension.js:2:550424)
	at o.workFunc (/home/joey/.vscode-oss/extensions/ms-python.vscode-python-envs-1.28.0-universal/dist/extension.js:2:292774)
	at o.start (/home/joey/.vscode-oss/extensions/ms-python.vscode-python-envs-1.28.0-universal/dist/extension.js:2:291589)
2026-04-19 23:37:52.800 [error] Error: Python Environment Tools (PET) failed after 3 restart attempts. Please reload the window or check the output channel for details. To debug, run "Python Environments: Run Python Environment Tool (PET) in Terminal" from the Command Palette.
	at T.ensureProcessRunning (/home/joey/.vscode-oss/extensions/ms-python.vscode-python-envs-1.28.0-universal/dist/extension.js:2:551199)
	at T.doRefreshAttempt (/home/joey/.vscode-oss/extensions/ms-python.vscode-python-envs-1.28.0-universal/dist/extension.js:2:556419)
	at T.doRefresh (/home/joey/.vscode-oss/extensions/ms-python.vscode-python-envs-1.28.0-universal/dist/extension.js:2:555976)
	at c.workerFunc (/home/joey/.vscode-oss/extensions/ms-python.vscode-python-envs-1.28.0-universal/dist/extension.js:2:550424)
	at o.workFunc (/home/joey/.vscode-oss/extensions/ms-python.vscode-python-envs-1.28.0-universal/dist/extension.js:2:292774)
	at o.start (/home/joey/.vscode-oss/extensions/ms-python.vscode-python-envs-1.28.0-universal/dist/extension.js:2:291589)
2026-04-19 23:37:54.279 [error] Error: Python Environment Tools (PET) failed after 3 restart attempts. Please reload the window or check the output channel for details. To debug, run "Python Environments: Run Python Environment Tool (PET) in Terminal" from the Command Palette.
	at T.ensureProcessRunning (/home/joey/.vscode-oss/extensions/ms-python.vscode-python-envs-1.28.0-universal/dist/extension.js:2:551199)
	at T.doRefreshAttempt (/home/joey/.vscode-oss/extensions/ms-python.vscode-python-envs-1.28.0-universal/dist/extension.js:2:556419)
	at T.doRefresh (/home/joey/.vscode-oss/extensions/ms-python.vscode-python-envs-1.28.0-universal/dist/extension.js:2:555976)
	at c.workerFunc (/home/joey/.vscode-oss/extensions/ms-python.vscode-python-envs-1.28.0-universal/dist/extension.js:2:550424)
	at o.workFunc (/home/joey/.vscode-oss/extensions/ms-python.vscode-python-envs-1.28.0-universal/dist/extension.js:2:292774)
	at o.start (/home/joey/.vscode-oss/extensions/ms-python.vscode-python-envs-1.28.0-universal/dist/extension.js:2:291589)
2026-04-19 23:37:55.451 [error] Error: Python Environment Tools (PET) failed after 3 restart attempts. Please reload the window or check the output channel for details. To debug, run "Python Environments: Run Python Environment Tool (PET) in Terminal" from the Command Palette.
	at T.ensureProcessRunning (/home/joey/.vscode-oss/extensions/ms-python.vscode-python-envs-1.28.0-universal/dist/extension.js:2:551199)
	at T.doRefreshAttempt (/home/joey/.vscode-oss/extensions/ms-python.vscode-python-envs-1.28.0-universal/dist/extension.js:2:556419)
	at T.doRefresh (/home/joey/.vscode-oss/extensions/ms-python.vscode-python-envs-1.28.0-universal/dist/extension.js:2:555976)
	at c.workerFunc (/home/joey/.vscode-oss/extensions/ms-python.vscode-python-envs-1.28.0-universal/dist/extension.js:2:550424)
	at o.workFunc (/home/joey/.vscode-oss/extensions/ms-python.vscode-python-envs-1.28.0-universal/dist/extension.js:2:292774)
	at o.start (/home/joey/.vscode-oss/extensions/ms-python.vscode-python-envs-1.28.0-universal/dist/extension.js:2:291589)
2026-04-19 23:37:56.074 [error] Error: Python Environment Tools (PET) failed after 3 restart attempts. Please reload the window or check the output channel for details. To debug, run "Python Environments: Run Python Environment Tool (PET) in Terminal" from the Command Palette.
	at T.ensureProcessRunning (/home/joey/.vscode-oss/extensions/ms-python.vscode-python-envs-1.28.0-universal/dist/extension.js:2:551199)
	at T.doRefreshAttempt (/home/joey/.vscode-oss/extensions/ms-python.vscode-python-envs-1.28.0-universal/dist/extension.js:2:556419)
	at T.doRefresh (/home/joey/.vscode-oss/extensions/ms-python.vscode-python-envs-1.28.0-universal/dist/extension.js:2:555976)
	at c.workerFunc (/home/joey/.vscode-oss/extensions/ms-python.vscode-python-envs-1.28.0-universal/dist/extension.js:2:550424)
	at o.workFunc (/home/joey/.vscode-oss/extensions/ms-python.vscode-python-envs-1.28.0-universal/dist/extension.js:2:292774)
	at o.start (/home/joey/.vscode-oss/extensions/ms-python.vscode-python-envs-1.28.0-universal/dist/extension.js:2:291589)
2026-04-19 23:37:57.049 [error] Error: Python Environment Tools (PET) failed after 3 restart attempts. Please reload the window or check the output channel for details. To debug, run "Python Environments: Run Python Environment Tool (PET) in Terminal" from the Command Palette.
	at T.ensureProcessRunning (/home/joey/.vscode-oss/extensions/ms-python.vscode-python-envs-1.28.0-universal/dist/extension.js:2:551199)
	at T.doRefreshAttempt (/home/joey/.vscode-oss/extensions/ms-python.vscode-python-envs-1.28.0-universal/dist/extension.js:2:556419)
	at T.doRefresh (/home/joey/.vscode-oss/extensions/ms-python.vscode-python-envs-1.28.0-universal/dist/extension.js:2:555976)
	at c.workerFunc (/home/joey/.vscode-oss/extensions/ms-python.vscode-python-envs-1.28.0-universal/dist/extension.js:2:550424)
	at o.workFunc (/home/joey/.vscode-oss/extensions/ms-python.vscode-python-envs-1.28.0-universal/dist/extension.js:2:292774)
	at o.start (/home/joey/.vscode-oss/extensions/ms-python.vscode-python-envs-1.28.0-universal/dist/extension.js:2:291589)
2026-04-19 23:37:58.324 [error] Error: Python Environment Tools (PET) failed after 3 restart attempts. Please reload the window or check the output channel for details. To debug, run "Python Environments: Run Python Environment Tool (PET) in Terminal" from the Command Palette.
	at T.ensureProcessRunning (/home/joey/.vscode-oss/extensions/ms-python.vscode-python-envs-1.28.0-universal/dist/extension.js:2:551199)
	at T.doRefreshAttempt (/home/joey/.vscode-oss/extensions/ms-python.vscode-python-envs-1.28.0-universal/dist/extension.js:2:556419)
	at T.doRefresh (/home/joey/.vscode-oss/extensions/ms-python.vscode-python-envs-1.28.0-universal/dist/extension.js:2:555976)
	at c.workerFunc (/home/joey/.vscode-oss/extensions/ms-python.vscode-python-envs-1.28.0-universal/dist/extension.js:2:550424)
	at o.workFunc (/home/joey/.vscode-oss/extensions/ms-python.vscode-python-envs-1.28.0-universal/dist/extension.js:2:292774)
	at o.start (/home/joey/.vscode-oss/extensions/ms-python.vscode-python-envs-1.28.0-universal/dist/extension.js:2:291589)
2026-04-19 23:37:59.722 [error] Error: Python Environment Tools (PET) failed after 3 restart attempts. Please reload the window or check the output channel for details. To debug, run "Python Environments: Run Python Environment Tool (PET) in Terminal" from the Command Palette.
	at T.ensureProcessRunning (/home/joey/.vscode-oss/extensions/ms-python.vscode-python-envs-1.28.0-universal/dist/extension.js:2:551199)
	at T.doRefreshAttempt (/home/joey/.vscode-oss/extensions/ms-python.vscode-python-envs-1.28.0-universal/dist/extension.js:2:556419)
	at T.doRefresh (/home/joey/.vscode-oss/extensions/ms-python.vscode-python-envs-1.28.0-universal/dist/extension.js:2:555976)
	at c.workerFunc (/home/joey/.vscode-oss/extensions/ms-python.vscode-python-envs-1.28.0-universal/dist/extension.js:2:550424)
	at o.workFunc (/home/joey/.vscode-oss/extensions/ms-python.vscode-python-envs-1.28.0-universal/dist/extension.js:2:292774)
	at o.start (/home/joey/.vscode-oss/extensions/ms-python.vscode-python-envs-1.28.0-universal/dist/extension.js:2:291589)
2026-04-19 23:38:00.451 [error] Error: Python Environment Tools (PET) failed after 3 restart attempts. Please reload the window or check the output channel for details. To debug, run "Python Environments: Run Python Environment Tool (PET) in Terminal" from the Command Palette.
	at T.ensureProcessRunning (/home/joey/.vscode-oss/extensions/ms-python.vscode-python-envs-1.28.0-universal/dist/extension.js:2:551199)
	at T.doRefreshAttempt (/home/joey/.vscode-oss/extensions/ms-python.vscode-python-envs-1.28.0-universal/dist/extension.js:2:556419)
	at T.doRefresh (/home/joey/.vscode-oss/extensions/ms-python.vscode-python-envs-1.28.0-universal/dist/extension.js:2:555976)
	at c.workerFunc (/home/joey/.vscode-oss/extensions/ms-python.vscode-python-envs-1.28.0-universal/dist/extension.js:2:550424)
	at o.workFunc (/home/joey/.vscode-oss/extensions/ms-python.vscode-python-envs-1.28.0-universal/dist/extension.js:2:292774)
	at o.start (/home/joey/.vscode-oss/extensions/ms-python.vscode-python-envs-1.28.0-universal/dist/extension.js:2:291589)
2026-04-19 23:38:04.997 [error] Error: Python Environment Tools (PET) failed after 3 restart attempts. Please reload the window or check the output channel for details. To debug, run "Python Environments: Run Python Environment Tool (PET) in Terminal" from the Command Palette.
	at T.ensureProcessRunning (/home/joey/.vscode-oss/extensions/ms-python.vscode-python-envs-1.28.0-universal/dist/extension.js:2:551199)
	at T.doRefreshAttempt (/home/joey/.vscode-oss/extensions/ms-python.vscode-python-envs-1.28.0-universal/dist/extension.js:2:556419)
	at T.doRefresh (/home/joey/.vscode-oss/extensions/ms-python.vscode-python-envs-1.28.0-universal/dist/extension.js:2:555976)
	at c.workerFunc (/home/joey/.vscode-oss/extensions/ms-python.vscode-python-envs-1.28.0-universal/dist/extension.js:2:550424)
	at o.workFunc (/home/joey/.vscode-oss/extensions/ms-python.vscode-python-envs-1.28.0-universal/dist/extension.js:2:292774)
	at o.start (/home/joey/.vscode-oss/extensions/ms-python.vscode-python-envs-1.28.0-universal/dist/extension.js:2:291589)
2026-04-19 23:38:07.748 [error] Error: Python Environment Tools (PET) failed after 3 restart attempts. Please reload the window or check the output channel for details. To debug, run "Python Environments: Run Python Environment Tool (PET) in Terminal" from the Command Palette.
	at T.ensureProcessRunning (/home/joey/.vscode-oss/extensions/ms-python.vscode-python-envs-1.28.0-universal/dist/extension.js:2:551199)
	at T.doRefreshAttempt (/home/joey/.vscode-oss/extensions/ms-python.vscode-python-envs-1.28.0-universal/dist/extension.js:2:556419)
	at T.doRefresh (/home/joey/.vscode-oss/extensions/ms-python.vscode-python-envs-1.28.0-universal/dist/extension.js:2:555976)
	at c.workerFunc (/home/joey/.vscode-oss/extensions/ms-python.vscode-python-envs-1.28.0-universal/dist/extension.js:2:550424)
	at o.workFunc (/home/joey/.vscode-oss/extensions/ms-python.vscode-python-envs-1.28.0-universal/dist/extension.js:2:292774)
	at o.start (/home/joey/.vscode-oss/extensions/ms-python.vscode-python-envs-1.28.0-universal/dist/extension.js:2:291589)
2026-04-19 23:38:28.746 [error] Error: Python Environment Tools (PET) failed after 3 restart attempts. Please reload the window or check the output channel for details. To debug, run "Python Environments: Run Python Environment Tool (PET) in Terminal" from the Command Palette.
	at T.ensureProcessRunning (/home/joey/.vscode-oss/extensions/ms-python.vscode-python-envs-1.28.0-universal/dist/extension.js:2:551199)
	at T.doRefreshAttempt (/home/joey/.vscode-oss/extensions/ms-python.vscode-python-envs-1.28.0-universal/dist/extension.js:2:556419)
	at T.doRefresh (/home/joey/.vscode-oss/extensions/ms-python.vscode-python-envs-1.28.0-universal/dist/extension.js:2:555976)
	at c.workerFunc (/home/joey/.vscode-oss/extensions/ms-python.vscode-python-envs-1.28.0-universal/dist/extension.js:2:550424)
	at o.workFunc (/home/joey/.vscode-oss/extensions/ms-python.vscode-python-envs-1.28.0-universal/dist/extension.js:2:292774)
	at o.start (/home/joey/.vscode-oss/extensions/ms-python.vscode-python-envs-1.28.0-universal/dist/extension.js:2:291589)
2026-04-19 23:42:54.275 [error] Error: Python Environment Tools (PET) failed after 3 restart attempts. Please reload the window or check the output channel for details. To debug, run "Python Environments: Run Python Environment Tool (PET) in Terminal" from the Command Palette.
	at T.ensureProcessRunning (/home/joey/.vscode-oss/extensions/ms-python.vscode-python-envs-1.28.0-universal/dist/extension.js:2:551199)
	at T.doRefreshAttempt (/home/joey/.vscode-oss/extensions/ms-python.vscode-python-envs-1.28.0-universal/dist/extension.js:2:556419)
	at T.doRefresh (/home/joey/.vscode-oss/extensions/ms-python.vscode-python-envs-1.28.0-universal/dist/extension.js:2:555976)
	at c.workerFunc (/home/joey/.vscode-oss/extensions/ms-python.vscode-python-envs-1.28.0-universal/dist/extension.js:2:550424)
	at o.workFunc (/home/joey/.vscode-oss/extensions/ms-python.vscode-python-envs-1.28.0-universal/dist/extension.js:2:292774)
	at o.start (/home/joey/.vscode-oss/extensions/ms-python.vscode-python-envs-1.28.0-universal/dist/extension.js:2:291589)
2026-04-19 23:42:58.798 [error] Error: Python Environment Tools (PET) failed after 3 restart attempts. Please reload the window or check the output channel for details. To debug, run "Python Environments: Run Python Environment Tool (PET) in Terminal" from the Command Palette.
	at T.ensureProcessRunning (/home/joey/.vscode-oss/extensions/ms-python.vscode-python-envs-1.28.0-universal/dist/extension.js:2:551199)
	at T.doRefreshAttempt (/home/joey/.vscode-oss/extensions/ms-python.vscode-python-envs-1.28.0-universal/dist/extension.js:2:556419)
	at T.doRefresh (/home/joey/.vscode-oss/extensions/ms-python.vscode-python-envs-1.28.0-universal/dist/extension.js:2:555976)
	at c.workerFunc (/home/joey/.vscode-oss/extensions/ms-python.vscode-python-envs-1.28.0-universal/dist/extension.js:2:550424)
	at o.workFunc (/home/joey/.vscode-oss/extensions/ms-python.vscode-python-envs-1.28.0-universal/dist/extension.js:2:292774)
	at o.start (/home/joey/.vscode-oss/extensions/ms-python.vscode-python-envs-1.28.0-universal/dist/extension.js:2:291589)
2026-04-19 23:42:58.890 [warning] [Decorations] CAPPING events from decorations provider vscode.git 1916
2026-04-19 23:43:06.400 [warning] [Decorations] CAPPING events from decorations provider vscode.git 1918
2026-04-19 23:43:06.799 [error] Error: Python Environment Tools (PET) failed after 3 restart attempts. Please reload the window or check the output channel for details. To debug, run "Python Environments: Run Python Environment Tool (PET) in Terminal" from the Command Palette.
	at T.ensureProcessRunning (/home/joey/.vscode-oss/extensions/ms-python.vscode-python-envs-1.28.0-universal/dist/extension.js:2:551199)
	at T.doRefreshAttempt (/home/joey/.vscode-oss/extensions/ms-python.vscode-python-envs-1.28.0-universal/dist/extension.js:2:556419)
	at T.doRefresh (/home/joey/.vscode-oss/extensions/ms-python.vscode-python-envs-1.28.0-universal/dist/extension.js:2:555976)
	at c.workerFunc (/home/joey/.vscode-oss/extensions/ms-python.vscode-python-envs-1.28.0-universal/dist/extension.js:2:550424)
	at o.workFunc (/home/joey/.vscode-oss/extensions/ms-python.vscode-python-envs-1.28.0-universal/dist/extension.js:2:292774)
	at o.start (/home/joey/.vscode-oss/extensions/ms-python.vscode-python-envs-1.28.0-universal/dist/extension.js:2:291589)
2026-04-19 23:43:11.423 [warning] [Decorations] CAPPING events from decorations provider vscode.git 1918
2026-04-19 23:43:16.435 [warning] [Decorations] CAPPING events from decorations provider vscode.git 959
2026-04-19 23:59:57.462 [warning] [Decorations] CAPPING events from decorations provider vscode.git 856
2026-04-20 00:00:05.706 [warning] [Decorations] CAPPING events from decorations provider vscode.git 856
2026-04-20 00:00:10.724 [warning] [Decorations] CAPPING events from decorations provider vscode.git 856
2026-04-20 00:00:15.740 [warning] [Decorations] CAPPING events from decorations provider vscode.git 856
2026-04-20 00:02:45.902 [info] ExtensionService#_doActivateExtension vscode.markdown-language-features, startup: false, activationEvent: 'onLanguage:markdown'
2026-04-20 00:02:46.081 [info] ExtensionService#_doActivateExtension vscode.markdown-math, startup: false, activationEvent: 'api', root cause: vscode.markdown-language-features
2026-04-20 00:07:15.457 [warning] [Decorations] CAPPING events from decorations provider vscode.git 2055
2026-04-20 00:07:20.473 [warning] [Decorations] CAPPING events from decorations provider vscode.git 2055
2026-04-20 00:07:20.716 [error] Error: Python Environment Tools (PET) failed after 3 restart attempts. Please reload the window or check the output channel for details. To debug, run "Python Environments: Run Python Environment Tool (PET) in Terminal" from the Command Palette.
	at T.ensureProcessRunning (/home/joey/.vscode-oss/extensions/ms-python.vscode-python-envs-1.28.0-universal/dist/extension.js:2:551199)
	at T.doRefreshAttempt (/home/joey/.vscode-oss/extensions/ms-python.vscode-python-envs-1.28.0-universal/dist/extension.js:2:556419)
	at T.doRefresh (/home/joey/.vscode-oss/extensions/ms-python.vscode-python-envs-1.28.0-universal/dist/extension.js:2:555976)
	at c.workerFunc (/home/joey/.vscode-oss/extensions/ms-python.vscode-python-envs-1.28.0-universal/dist/extension.js:2:550424)
	at o.workFunc (/home/joey/.vscode-oss/extensions/ms-python.vscode-python-envs-1.28.0-universal/dist/extension.js:2:292774)
	at o.start (/home/joey/.vscode-oss/extensions/ms-python.vscode-python-envs-1.28.0-universal/dist/extension.js:2:291589)
2026-04-20 00:07:29.531 [warning] [Decorations] CAPPING events from decorations provider vscode.git 415
2026-04-20 00:07:45.137 [warning] [Decorations] CAPPING events from decorations provider vscode.git 415
