["INFO" - 8:47:51 AM] Extension Name: esbenp.prettier-vscode.
["INFO" - 8:47:51 AM] Extension Version: 12.4.0.
["INFO" - 8:47:51 AM] EditorConfig support is enabled, checking for .editorconfig files
["INFO" - 8:47:51 AM] No local configuration (i.e. .prettierrc or .editorconfig) detected, will fall back to VS Code configuration
["INFO" - 9:02:11 AM] EditorConfig support is enabled, checking for .editorconfig files
["INFO" - 9:02:11 AM] No local configuration (i.e. .prettierrc or .editorconfig) detected, will fall back to VS Code configuration
["INFO" - 9:02:14 AM] EditorConfig support is enabled, checking for .editorconfig files
["INFO" - 9:02:14 AM] No local configuration (i.e. .prettierrc or .editorconfig) detected, will fall back to VS Code configuration
["INFO" - 9:02:23 AM] EditorConfig support is enabled, checking for .editorconfig files
["INFO" - 9:02:23 AM] No local configuration (i.e. .prettierrc or .editorconfig) detected, will fall back to VS Code configuration
["INFO" - 9:02:56 AM] EditorConfig support is enabled, checking for .editorconfig files
["INFO" - 9:02:56 AM] No local configuration (i.e. .prettierrc or .editorconfig) detected, will fall back to VS Code configuration
["INFO" - 9:02:59 AM] EditorConfig support is enabled, checking for .editorconfig files
["INFO" - 9:02:59 AM] No local configuration (i.e. .prettierrc or .editorconfig) detected, will fall back to VS Code configuration
["INFO" - 9:03:03 AM] EditorConfig support is enabled, checking for .editorconfig files
["INFO" - 9:03:03 AM] No local configuration (i.e. .prettierrc or .editorconfig) detected, will fall back to VS Code configuration
["INFO" - 9:03:08 AM] EditorConfig support is enabled, checking for .editorconfig files
["INFO" - 9:03:08 AM] No local configuration (i.e. .prettierrc or .editorconfig) detected, will fall back to VS Code configuration
["INFO" - 11:14:15 AM] EditorConfig support is enabled, checking for .editorconfig files
["INFO" - 11:14:15 AM] No local configuration (i.e. .prettierrc or .editorconfig) detected, will fall back to VS Code configuration
["INFO" - 11:14:26 AM] EditorConfig support is enabled, checking for .editorconfig files
["INFO" - 11:14:26 AM] No local configuration (i.e. .prettierrc or .editorconfig) detected, will fall back to VS Code configuration
["INFO" - 11:16:35 AM] EditorConfig support is enabled, checking for .editorconfig files
["INFO" - 11:16:35 AM] No local configuration (i.e. .prettierrc or .editorconfig) detected, will fall back to VS Code configuration
["INFO" - 11:16:55 AM] EditorConfig support is enabled, checking for .editorconfig files
["INFO" - 11:16:55 AM] No local configuration (i.e. .prettierrc or .editorconfig) detected, will fall back to VS Code configuration
["INFO" - 11:17:12 AM] EditorConfig support is enabled, checking for .editorconfig files
["INFO" - 11:17:12 AM] No local configuration (i.e. .prettierrc or .editorconfig) detected, will fall back to VS Code configuration
["INFO" - 11:17:15 AM] EditorConfig support is enabled, checking for .editorconfig files
["INFO" - 11:17:15 AM] No local configuration (i.e. .prettierrc or .editorconfig) detected, will fall back to VS Code configuration
["INFO" - 11:17:41 AM] EditorConfig support is enabled, checking for .editorconfig files
["INFO" - 11:17:41 AM] No local configuration (i.e. .prettierrc or .editorconfig) detected, will fall back to VS Code configuration
["INFO" - 11:18:18 AM] EditorConfig support is enabled, checking for .editorconfig files
["INFO" - 11:18:18 AM] No local configuration (i.e. .prettierrc or .editorconfig) detected, will fall back to VS Code configuration
["INFO" - 11:18:23 AM] EditorConfig support is enabled, checking for .editorconfig files
["INFO" - 11:18:23 AM] No local configuration (i.e. .prettierrc or .editorconfig) detected, will fall back to VS Code configuration
["INFO" - 11:19:53 AM] EditorConfig support is enabled, checking for .editorconfig files
["INFO" - 11:19:53 AM] No local configuration (i.e. .prettierrc or .editorconfig) detected, will fall back to VS Code configuration
["INFO" - 11:22:12 AM] EditorConfig support is enabled, checking for .editorconfig files
["INFO" - 11:22:12 AM] No local configuration (i.e. .prettierrc or .editorconfig) detected, will fall back to VS Code configuration
["INFO" - 11:22:43 AM] EditorConfig support is enabled, checking for .editorconfig files
["INFO" - 11:22:43 AM] No local configuration (i.e. .prettierrc or .editorconfig) detected, will fall back to VS Code configuration
["INFO" - 11:22:53 AM] EditorConfig support is enabled, checking for .editorconfig files
["INFO" - 11:22:53 AM] No local configuration (i.e. .prettierrc or .editorconfig) detected, will fall back to VS Code configuration
["INFO" - 11:23:55 AM] EditorConfig support is enabled, checking for .editorconfig files
["INFO" - 11:23:55 AM] No local configuration (i.e. .prettierrc or .editorconfig) detected, will fall back to VS Code configuration
["INFO" - 11:25:44 AM] EditorConfig support is enabled, checking for .editorconfig files
["INFO" - 11:25:44 AM] No local configuration (i.e. .prettierrc or .editorconfig) detected, will fall back to VS Code configuration
["INFO" - 11:27:29 AM] EditorConfig support is enabled, checking for .editorconfig files
["INFO" - 11:27:29 AM] No local configuration (i.e. .prettierrc or .editorconfig) detected, will fall back to VS Code configuration
["INFO" - 11:27:59 AM] EditorConfig support is enabled, checking for .editorconfig files
["INFO" - 11:27:59 AM] No local configuration (i.e. .prettierrc or .editorconfig) detected, will fall back to VS Code configuration
["INFO" - 11:27:59 AM] EditorConfig support is enabled, checking for .editorconfig files
["INFO" - 11:27:59 AM] No local configuration (i.e. .prettierrc or .editorconfig) detected, will fall back to VS Code configuration
["INFO" - 11:28:01 AM] EditorConfig support is enabled, checking for .editorconfig files
["INFO" - 11:28:01 AM] No local configuration (i.e. .prettierrc or .editorconfig) detected, will fall back to VS Code configuration
["INFO" - 11:28:03 AM] EditorConfig support is enabled, checking for .editorconfig files
["INFO" - 11:28:03 AM] No local configuration (i.e. .prettierrc or .editorconfig) detected, will fall back to VS Code configuration
["INFO" - 11:28:14 AM] EditorConfig support is enabled, checking for .editorconfig files
["INFO" - 11:28:14 AM] No local configuration (i.e. .prettierrc or .editorconfig) detected, will fall back to VS Code configuration
["INFO" - 11:39:51 AM] EditorConfig support is enabled, checking for .editorconfig files
["INFO" - 11:39:51 AM] No local configuration (i.e. .prettierrc or .editorconfig) detected, will fall back to VS Code configuration
["INFO" - 11:41:24 AM] EditorConfig support is enabled, checking for .editorconfig files
["INFO" - 11:41:24 AM] No local configuration (i.e. .prettierrc or .editorconfig) detected, will fall back to VS Code configuration
["INFO" - 11:41:36 AM] EditorConfig support is enabled, checking for .editorconfig files
["INFO" - 11:41:36 AM] No local configuration (i.e. .prettierrc or .editorconfig) detected, will fall back to VS Code configuration
["INFO" - 11:41:47 AM] EditorConfig support is enabled, checking for .editorconfig files
["INFO" - 11:41:47 AM] No local configuration (i.e. .prettierrc or .editorconfig) detected, will fall back to VS Code configuration
["INFO" - 11:41:49 AM] EditorConfig support is enabled, checking for .editorconfig files
["INFO" - 11:41:49 AM] No local configuration (i.e. .prettierrc or .editorconfig) detected, will fall back to VS Code configuration
["INFO" - 11:41:51 AM] EditorConfig support is enabled, checking for .editorconfig files
["INFO" - 11:41:51 AM] No local configuration (i.e. .prettierrc or .editorconfig) detected, will fall back to VS Code configuration
["INFO" - 11:41:52 AM] EditorConfig support is enabled, checking for .editorconfig files
["INFO" - 11:41:52 AM] No local configuration (i.e. .prettierrc or .editorconfig) detected, will fall back to VS Code configuration
["INFO" - 11:42:35 AM] EditorConfig support is enabled, checking for .editorconfig files
["INFO" - 11:42:35 AM] No local configuration (i.e. .prettierrc or .editorconfig) detected, will fall back to VS Code configuration
["INFO" - 11:42:44 AM] EditorConfig support is enabled, checking for .editorconfig files
["INFO" - 11:42:44 AM] No local configuration (i.e. .prettierrc or .editorconfig) detected, will fall back to VS Code configuration
["INFO" - 11:42:47 AM] EditorConfig support is enabled, checking for .editorconfig files
["INFO" - 11:42:47 AM] No local configuration (i.e. .prettierrc or .editorconfig) detected, will fall back to VS Code configuration
["INFO" - 11:43:11 AM] EditorConfig support is enabled, checking for .editorconfig files
["INFO" - 11:43:11 AM] No local configuration (i.e. .prettierrc or .editorconfig) detected, will fall back to VS Code configuration
["INFO" - 11:48:08 AM] EditorConfig support is enabled, checking for .editorconfig files
["INFO" - 11:48:08 AM] No local configuration (i.e. .prettierrc or .editorconfig) detected, will fall back to VS Code configuration
["INFO" - 11:48:10 AM] EditorConfig support is enabled, checking for .editorconfig files
["INFO" - 11:48:10 AM] No local configuration (i.e. .prettierrc or .editorconfig) detected, will fall back to VS Code configuration
["INFO" - 12:02:54 PM] EditorConfig support is enabled, checking for .editorconfig files
["INFO" - 12:02:54 PM] No local configuration (i.e. .prettierrc or .editorconfig) detected, will fall back to VS Code configuration
["INFO" - 12:11:08 PM] EditorConfig support is enabled, checking for .editorconfig files
["INFO" - 12:11:08 PM] No local configuration (i.e. .prettierrc or .editorconfig) detected, will fall back to VS Code configuration
["INFO" - 12:13:19 PM] EditorConfig support is enabled, checking for .editorconfig files
["INFO" - 12:13:19 PM] No local configuration (i.e. .prettierrc or .editorconfig) detected, will fall back to VS Code configuration
