2026-04-19 16:59:05.002 [info] [main] Log level: Info
2026-04-19 16:59:05.002 [info] [main] Validating found git in: "git"
2026-04-19 16:59:05.002 [info] [main] Using git "2.53.0" from "git"
2026-04-19 16:59:05.002 [info] [Model][doInitialScan] Initial repository scan started
2026-04-19 16:59:05.002 [info] > git rev-parse --show-toplevel [22ms]
2026-04-19 16:59:05.002 [info] > git rev-parse --git-dir --git-common-dir --show-superproject-working-tree [10ms]
2026-04-19 16:59:05.007 [info] [Model][openRepository] Opened repository (path): /home/joey/Documents/crab-db
2026-04-19 16:59:05.007 [info] [Model][openRepository] Opened repository (real path): /home/joey/Documents/crab-db
2026-04-19 16:59:05.007 [info] [Model][openRepository] Opened repository (kind): repository
2026-04-19 16:59:05.026 [info] > git rev-parse --show-toplevel [15ms]
2026-04-19 16:59:05.026 [info] > git config --get commit.template [16ms]
2026-04-19 16:59:05.039 [info] > git rev-parse --show-toplevel [11ms]
2026-04-19 16:59:05.041 [info] > git for-each-ref --format=%(refname)%00%(upstream:short)%00%(objectname)%00%(upstream:track)%00%(upstream:remotename)%00%(upstream:remoteref) refs/heads/phase-2-row-storage-b-tree refs/remotes/phase-2-row-storage-b-tree [3ms]
2026-04-19 16:59:05.042 [info] > git rev-parse --show-toplevel [1ms]
2026-04-19 16:59:05.043 [info] > git rev-parse --show-toplevel [0ms]
2026-04-19 16:59:05.048 [info] > git status -z -uall [3ms]
2026-04-19 16:59:05.048 [info] > git for-each-ref --sort -committerdate --format %(refname)%00%(objectname)%00%(*objectname) [1ms]
2026-04-19 16:59:05.066 [info] > git for-each-ref --format=%(refname)%00%(upstream:short)%00%(objectname)%00%(upstream:track)%00%(upstream:remotename)%00%(upstream:remoteref) refs/heads/phase-2-row-storage-b-tree refs/remotes/phase-2-row-storage-b-tree [8ms]
2026-04-19 16:59:05.067 [info] > git rev-parse --show-toplevel [19ms]
2026-04-19 16:59:05.069 [info] > git config --get --local branch.phase-2-row-storage-b-tree.vscode-merge-base [2ms]
2026-04-19 16:59:05.071 [info] > git config --get commit.template [5ms]
2026-04-19 16:59:05.072 [info] > git for-each-ref --format=%(refname)%00%(upstream:short)%00%(objectname)%00%(upstream:track)%00%(upstream:remotename)%00%(upstream:remoteref) refs/heads/origin/phase-2-row-storage-b-tree refs/remotes/origin/phase-2-row-storage-b-tree [1ms]
2026-04-19 16:59:05.074 [info] > git rev-parse --show-toplevel [5ms]
2026-04-19 16:59:05.077 [info] > git merge-base refs/heads/phase-2-row-storage-b-tree refs/remotes/origin/phase-2-row-storage-b-tree [3ms]
2026-04-19 16:59:05.079 [info] > git rev-parse --show-toplevel [2ms]
2026-04-19 16:59:05.079 [info] [Model][doInitialScan] Initial repository scan completed - repositories (1), closed repositories (0), parent repositories (0), unsafe repositories (0)
2026-04-19 16:59:05.079 [info] > git for-each-ref --format=%(refname)%00%(upstream:short)%00%(objectname)%00%(upstream:track)%00%(upstream:remotename)%00%(upstream:remoteref) refs/heads/phase-2-row-storage-b-tree refs/remotes/phase-2-row-storage-b-tree [3ms]
2026-04-19 16:59:05.101 [info] > git diff --raw --numstat --diff-filter=ADMR -z --find-renames=50% 8600c615462c02101a7bce40a80d9098953e8e77...refs/remotes/origin/phase-2-row-storage-b-tree -- [23ms]
2026-04-19 16:59:05.144 [info] > git status -z -uall [9ms]
2026-04-19 16:59:05.147 [info] > git for-each-ref --sort -committerdate --format %(refname)%00%(objectname)%00%(*objectname) [11ms]
2026-04-19 16:59:05.457 [info] > git check-ignore -v -z --stdin [1ms]
2026-04-19 16:59:05.461 [info] > git show --textconv :src/storage/btree.rs [2ms]
2026-04-19 16:59:05.461 [info] > git ls-files --stage -- src/storage/btree.rs [1ms]
2026-04-19 16:59:05.463 [info] > git cat-file -s b00a69a5ac55ca75776224beb2b2c1464740e993 [0ms]
2026-04-19 16:59:05.473 [info] > git blame --root --incremental 8600c615462c02101a7bce40a80d9098953e8e77 -- src/storage/btree.rs [0ms]
2026-04-19 16:59:05.530 [info] > git check-ignore -v -z --stdin [1ms]
2026-04-19 16:59:16.099 [info] > git config --get commit.template [1ms]
2026-04-19 16:59:16.100 [info] > git for-each-ref --format=%(refname)%00%(upstream:short)%00%(objectname)%00%(upstream:track)%00%(upstream:remotename)%00%(upstream:remoteref) refs/heads/phase-2-row-storage-b-tree refs/remotes/phase-2-row-storage-b-tree [1ms]
2026-04-19 16:59:16.102 [info] > git status -z -uall [1ms]
2026-04-19 16:59:16.104 [info] > git for-each-ref --sort -committerdate --format %(refname)%00%(objectname)%00%(*objectname) [2ms]
2026-04-19 16:59:16.107 [info] > git ls-files --stage -- src/storage/btree.rs [3ms]
2026-04-19 16:59:16.109 [info] > git cat-file -s b00a69a5ac55ca75776224beb2b2c1464740e993 [1ms]
2026-04-19 16:59:16.117 [info] > git show --textconv :src/storage/btree.rs [1ms]
2026-04-19 16:59:16.408 [info] > git check-ignore -v -z --stdin [0ms]
2026-04-19 17:58:49.022 [info] > git config --get commit.template [2ms]
2026-04-19 17:58:49.022 [info] > git for-each-ref --format=%(refname)%00%(upstream:short)%00%(objectname)%00%(upstream:track)%00%(upstream:remotename)%00%(upstream:remoteref) refs/heads/phase-2-row-storage-b-tree refs/remotes/phase-2-row-storage-b-tree [1ms]
2026-04-19 17:58:49.025 [info] > git status -z -uall [2ms]
2026-04-19 17:58:49.025 [info] > git for-each-ref --sort -committerdate --format %(refname)%00%(objectname)%00%(*objectname) [0ms]
2026-04-19 17:58:49.119 [info] > git ls-files --stage -- src/storage/btree.rs [0ms]
2026-04-19 17:58:49.122 [info] > git cat-file -s b00a69a5ac55ca75776224beb2b2c1464740e993 [1ms]
2026-04-19 17:58:49.124 [info] > git show --textconv :src/storage/btree.rs [0ms]
2026-04-19 17:58:49.330 [info] > git check-ignore -v -z --stdin [1ms]
2026-04-19 18:03:27.802 [info] > git check-ignore -v -z --stdin [1ms]
2026-04-19 18:03:27.809 [info] > git show --textconv :src/storage/page.rs [4ms]
2026-04-19 18:03:27.809 [info] > git show --textconv HEAD:src/storage/page.rs [3ms]
2026-04-19 18:03:27.809 [info] > git ls-files --stage -- src/storage/page.rs [1ms]
2026-04-19 18:03:27.811 [info] > git ls-tree -l HEAD -- src/storage/page.rs [2ms]
2026-04-19 18:03:27.811 [info] > git cat-file -s 8bf8396532dd228be6db05fb69f564123a25434f [1ms]
2026-04-19 18:03:27.825 [info] > git blame --root --incremental 8600c615462c02101a7bce40a80d9098953e8e77 -- src/storage/page.rs [3ms]
2026-04-19 18:03:29.735 [info] > git check-ignore -v -z --stdin [1ms]
2026-04-19 18:03:29.739 [info] > git show --textconv :src/storage/btree.rs [2ms]
2026-04-19 18:03:29.739 [info] > git ls-files --stage -- src/storage/btree.rs [0ms]
2026-04-19 18:03:29.740 [info] > git cat-file -s b00a69a5ac55ca75776224beb2b2c1464740e993 [0ms]
2026-04-19 18:09:31.699 [info] > git check-ignore -v -z --stdin [1ms]
2026-04-19 18:09:33.546 [info] > git check-ignore -v -z --stdin [0ms]
2026-04-19 18:09:37.222 [info] > git check-ignore -v -z --stdin [0ms]
2026-04-19 18:09:39.087 [info] > git config --get commit.template [3ms]
2026-04-19 18:09:39.087 [info] > git for-each-ref --format=%(refname)%00%(upstream:short)%00%(objectname)%00%(upstream:track)%00%(upstream:remotename)%00%(upstream:remoteref) refs/heads/phase-2-row-storage-b-tree refs/remotes/phase-2-row-storage-b-tree [0ms]
2026-04-19 18:09:39.090 [info] > git status -z -uall [2ms]
2026-04-19 18:09:39.090 [info] > git for-each-ref --sort -committerdate --format %(refname)%00%(objectname)%00%(*objectname) [1ms]
2026-04-19 18:09:39.396 [info] > git check-ignore -v -z --stdin [1ms]
2026-04-19 18:09:49.027 [info] > git check-ignore -v -z --stdin [1ms]
2026-04-19 18:11:53.125 [info] > git config --get commit.template [2ms]
2026-04-19 18:11:53.126 [info] > git for-each-ref --format=%(refname)%00%(upstream:short)%00%(objectname)%00%(upstream:track)%00%(upstream:remotename)%00%(upstream:remoteref) refs/heads/phase-2-row-storage-b-tree refs/remotes/phase-2-row-storage-b-tree [1ms]
2026-04-19 18:11:53.128 [info] > git status -z -uall [1ms]
2026-04-19 18:11:53.128 [info] > git for-each-ref --sort -committerdate --format %(refname)%00%(objectname)%00%(*objectname) [0ms]
2026-04-19 18:11:53.434 [info] > git check-ignore -v -z --stdin [0ms]
2026-04-19 18:12:00.945 [info] > git check-ignore -v -z --stdin [0ms]
2026-04-19 18:12:01.775 [info] > git check-ignore -v -z --stdin [0ms]
2026-04-19 18:12:01.924 [info] > git log --format=%H%n%aN%n%aE%n%at%n%ct%n%P%n%D%n%B -z --shortstat --diff-merges=first-parent -n50 --skip=0 --topo-order --decorate=full --stdin [4ms]
2026-04-19 18:12:01.993 [info] > git merge-base phase-2-row-storage-b-tree origin/phase-2-row-storage-b-tree [0ms]
2026-04-19 18:12:02.466 [info] > git check-ignore -v -z --stdin [0ms]
2026-04-19 18:12:02.828 [info] > git config --get commit.template [1ms]
2026-04-19 18:12:02.829 [info] > git for-each-ref --format=%(refname)%00%(upstream:short)%00%(objectname)%00%(upstream:track)%00%(upstream:remotename)%00%(upstream:remoteref) refs/heads/phase-2-row-storage-b-tree refs/remotes/phase-2-row-storage-b-tree [1ms]
2026-04-19 18:12:02.831 [info] > git status -z -uall [1ms]
2026-04-19 18:12:02.831 [info] > git for-each-ref --sort -committerdate --format %(refname)%00%(objectname)%00%(*objectname) [0ms]
2026-04-19 18:12:02.839 [info] > git show --textconv HEAD:src/storage/btree.rs [1ms]
2026-04-19 18:12:02.839 [info] > git ls-tree -l HEAD -- src/storage/btree.rs [0ms]
2026-04-19 18:12:03.140 [info] > git check-ignore -v -z --stdin [0ms]
2026-04-19 18:12:03.143 [info] > git show --textconv :src/storage/btree.rs [1ms]
2026-04-19 18:12:03.144 [info] > git ls-files --stage -- src/storage/btree.rs [1ms]
2026-04-19 18:12:03.145 [info] > git cat-file -s b00a69a5ac55ca75776224beb2b2c1464740e993 [0ms]
2026-04-19 18:12:10.800 [info] > git check-ignore -v -z --stdin [1ms]
2026-04-19 18:12:10.804 [info] > git show --textconv :src/storage/btree.rs [2ms]
2026-04-19 18:12:10.804 [info] > git ls-files --stage -- src/storage/btree.rs [0ms]
2026-04-19 18:12:10.806 [info] > git cat-file -s b00a69a5ac55ca75776224beb2b2c1464740e993 [1ms]
2026-04-19 18:26:13.291 [info] > git config --get commit.template [2ms]
2026-04-19 18:26:13.292 [info] > git for-each-ref --format=%(refname)%00%(upstream:short)%00%(objectname)%00%(upstream:track)%00%(upstream:remotename)%00%(upstream:remoteref) refs/heads/phase-2-row-storage-b-tree refs/remotes/phase-2-row-storage-b-tree [1ms]
2026-04-19 18:26:13.294 [info] > git status -z -uall [1ms]
2026-04-19 18:26:13.295 [info] > git for-each-ref --sort -committerdate --format %(refname)%00%(objectname)%00%(*objectname) [1ms]
2026-04-19 18:26:13.600 [info] > git check-ignore -v -z --stdin [1ms]
