2026-04-18 08:47:50.817 [info] Reading sessions from keychain...
2026-04-18 08:47:50.817 [info] Getting sessions for all scopes...
2026-04-18 08:47:51.001 [info] Got 0 sessions for ...
2026-04-18 08:47:51.001 [info] Getting sessions for all scopes...
2026-04-18 08:47:51.001 [info] Got 0 sessions for ...
2026-04-18 08:47:51.001 [info] Getting sessions for all scopes...
2026-04-18 08:47:51.001 [info] Got 0 sessions for ...
2026-04-18 08:47:51.001 [info] Getting sessions for all scopes...
2026-04-18 08:47:51.001 [info] Got 0 sessions for ...
2026-04-18 08:47:51.004 [info] Getting sessions for all scopes...
2026-04-18 08:47:51.004 [info] Got 0 sessions for ...
2026-04-18 08:47:51.284 [info] Getting sessions for read:user,repo,user:email,workflow...
2026-04-18 08:47:51.284 [info] Got 0 sessions for read:user,repo,user:email,workflow...
2026-04-18 08:47:52.632 [info] Getting sessions for all scopes...
2026-04-18 08:47:52.632 [info] Got 0 sessions for ...
2026-04-18 11:19:51.248 [info] Getting sessions for read:user,repo,user:email,workflow...
2026-04-18 11:19:51.248 [info] Got 0 sessions for read:user,repo,user:email,workflow...
2026-04-18 21:20:38.017 [info] Reading sessions from keychain...
2026-04-18 21:20:38.017 [info] Getting sessions for all scopes...
2026-04-18 21:20:38.017 [info] Got 0 sessions for ...
2026-04-18 21:20:38.017 [info] Getting sessions for all scopes...
2026-04-18 21:20:38.017 [info] Got 0 sessions for ...
2026-04-18 21:20:38.020 [info] Getting sessions for all scopes...
2026-04-18 21:20:38.020 [info] Got 0 sessions for ...
2026-04-18 21:20:38.134 [info] Getting sessions for all scopes...
2026-04-18 21:20:38.134 [info] Got 0 sessions for ...
2026-04-18 21:20:38.370 [info] Getting sessions for read:user,repo,user:email,workflow...
2026-04-18 21:20:38.370 [info] Got 0 sessions for read:user,repo,user:email,workflow...
