2026-04-18 11:18:14.008 [info] [main] Log level: Info
2026-04-18 11:18:14.008 [info] [main] Validating found git in: "git"
2026-04-18 11:18:14.008 [info] [main] Using git "2.53.0" from "git"
2026-04-18 11:18:14.008 [info] [Model][doInitialScan] Initial repository scan started
2026-04-18 11:18:14.008 [info] > git rev-parse --show-toplevel [2ms]
2026-04-18 11:18:14.008 [info] fatal: not a git repository (or any parent up to mount point /)
Stopping at filesystem boundary (GIT_DISCOVERY_ACROSS_FILESYSTEM not set).
2026-04-18 11:18:14.008 [info] [Model][doInitialScan] Initial repository scan completed - repositories (0), closed repositories (0), parent repositories (0), unsafe repositories (0)
2026-04-18 11:18:14.058 [info] > git rev-parse --show-toplevel [0ms]
2026-04-18 11:18:14.058 [info] fatal: not a git repository (or any parent up to mount point /)
Stopping at filesystem boundary (GIT_DISCOVERY_ACROSS_FILESYSTEM not set).
2026-04-18 11:18:16.069 [info] > git rev-parse --show-toplevel [1ms]
2026-04-18 11:18:16.069 [info] fatal: not a git repository (or any parent up to mount point /)
Stopping at filesystem boundary (GIT_DISCOVERY_ACROSS_FILESYSTEM not set).
2026-04-18 11:18:16.117 [info] > git rev-parse --show-toplevel [1ms]
2026-04-18 11:18:16.117 [info] fatal: not a git repository (or any parent up to mount point /)
Stopping at filesystem boundary (GIT_DISCOVERY_ACROSS_FILESYSTEM not set).
2026-04-18 11:18:34.169 [info] > git rev-parse --show-toplevel [0ms]
2026-04-18 11:18:34.169 [info] fatal: not a git repository (or any parent up to mount point /)
Stopping at filesystem boundary (GIT_DISCOVERY_ACROSS_FILESYSTEM not set).
2026-04-18 11:18:40.549 [info] > git rev-parse --show-toplevel [0ms]
2026-04-18 11:18:40.549 [info] fatal: not a git repository (or any parent up to mount point /)
Stopping at filesystem boundary (GIT_DISCOVERY_ACROSS_FILESYSTEM not set).
